******************************************************************************
            TI ARM Clang Linker PC v3.2.2                      
******************************************************************************
>> Linked Tue Apr  7 18:22:16 2026

OUTPUT FILE NAME:   <motion_and_presence_detection_demo_xwrL64xx-evm_m4fss0-0_freertos_ti-arm-clang.out>
ENTRY POINT SYMBOL: "_c_int00"  address: 0044c635


MEMORY CONFIGURATION

         name            origin    length      used     unused   attr    fill
----------------------  --------  ---------  --------  --------  ----  --------
  M4F_VECS              00400000   00000200  00000140  000000c0  RWIX
  M4F_RAM12             00400200   00057e00  00057e00  00000000  RWIX
  M4F_RBL               00458000   00008000  00008000  00000000  RWIX
  M4F_RAM3              00460000   00020000  00009f49  000160b7  RWIX
  HWASS_SHM_MEM         60000000   00080000  0005e400  00021c00  RWIX


SEGMENT ALLOCATION MAP

run origin  load origin   length   init length attrs members
----------  ----------- ---------- ----------- ----- -------
00400000    00400000    00000140   00000140    rw-
  00400000    00400000    00000140   00000140    rw- .vectors
00400200    00400200    00021c00   00000000    rw-
  00400200    00400200    00021c00   00000000    rw- .bss
00421e00    00421e00    00032fd8   00032fd8    r-x
  00421e00    00421e00    0002d8c0   0002d8c0    r-x .text
  0044f6c0    0044f6c0    00005718   00005718    r-- .rodata.1
00454dd8    00454dd8    00003228   00003228    rw-
  00454dd8    00454dd8    00003228   00003228    rw- .data.1
00458000    00458000    00008000   00000000    rw-
  00458000    00458000    00004000   00000000    rw- .taskstack
  0045c000    0045c000    00002000   00000000    rw- .stack
  0045e000    0045e000    00002000   00000000    rw- .sysmem
00460000    00460000    00008ef8   00008ef8    r--
  00460000    00460000    00008ef8   00008ef8    r-- .rodata.2
00468ef8    00468ef8    00001051   00001051    rw-
  00468ef8    00468ef8    00001051   00001051    rw- .data.2
60000000    60000000    0005e400   00000000    rw-
  60000000    60000000    0005e400   00000000    rw- .l3


SECTION ALLOCATION MAP

 output                                  attributes/
section   page    origin      length       input sections
--------  ----  ----------  ----------   ----------------
.vectors   0    00400000    00000140     
                  00400000    00000140     freertos.xwrL64xx.m4f.ti-arm-clang.release.lib : HwiP_armv7m_handlers_freertos.obj (.vectors)

.bss       0    00400200    00021c00     UNINITIALIZED
                  00400200    00007000     (.common:gMmwCoreLocMem)
                  00407200    00006400     (.common:gMmwCoreLocMem2)
                  0040d600    00004ee8     (.common:distances)
                  004124e8    00000014     freertos.xwrL64xx.m4f.ti-arm-clang.release.lib : timers.obj (.bss.xActiveTimerList1)
                  004124fc    00000004                                                    : timers.obj (.bss.pxCurrentTimerList)
                  00412500    00004000     control.xwrL64xx.m4f.ti-arm-clang.release.lib : mmwave_fullcfg.obj (.bss.gMmwHeapMem)
                  00416500    00002000     (.common:gMainTaskStack)
                  00418500    00001000     freertos.xwrL64xx.m4f.ti-arm-clang.release.lib : port.obj (.bss.uxIdleTaskStack)
                  00419500    00001000     (.common:gAdcFileTaskStack)
                  0041a500    00001000     (.common:gCliTskStack)
                  0041b500    00001000     (.common:gTlvTaskStack)
                  0041c500    00000800     (.common:gMmwCoreLocMem3)
                  0041cd00    00000800     (.common:gPowerTaskStack)
                  0041d500    00000800     (.common:gmmwinitTaskStack)
                  0041dd00    00000400                                                    : port.obj (.bss.uxTimerTaskStack)
                  0041e100    00000394     ti_drivers_config.o (.bss.gMcspiObjects)
                  0041e494    00000354     (.common:gCLI)
                  0041e7e8    000002a0     (.common:gMMWave_MCB)
                  0041ea88    00000280     (.common:gHwiCtrl)
                  0041ed08    0000021c     ti_drivers_config.o (.bss.gUartObjects)
                  0041ef24    000001f8     (.common:doaProcDpuCfg)
                  0041f11c    000001f0     (.common:appSceneryParamTable)
                  0041f30c    00000028     (.common:intrObj_rangeProc)
                  0041f334    0000000a     (.common:tempStats)
                  0041f33e    00000002     control.xwrL64xx.m4f.ti-arm-clang.release.lib : mmwave_link_xWRLx4xx.obj (.bss.MMWave_openLink.clpcTxcodes.0)
                  0041f340    000001e4     datapath_tracker3d.xwrL64xx.m4f.ti-arm-clang.release.lib : cfarprochwa.obj (.bss.gCfarProcHeapMem)
                  0041f524    000001e0     (.common:aoasvcProcDpuCfg)
                  0041f704    00000004     freertos.xwrL64xx.m4f.ti-arm-clang.release.lib : tasks.obj (.bss.pxDelayedTaskList)
                  0041f708    00000038     (.common:gClockCtrl)
                  0041f740    000001d8     (.common:guDopProcHeapMem)
                  0041f918    00000028     (.common:rangeCompCfg)
                  0041f940    00000198     datapath_tracker3d.xwrL64xx.m4f.ti-arm-clang.release.lib : aoasvcproc.obj (.bss.gAoasvcProcHeapMem)
                  0041fad8    00000194     ti_drivers_config.o (.bss.gQspiObjects)
                  0041fc6c    00000194     (.common:gAntennaSymbolsGenLoopTime)
                  0041fe00    00000194     (.common:gAoaosvcCpuCycles)
                  0041ff94    00000024     (.common:i2cTransaction)
                  0041ffb8    00000008     libsysbm.a : hostopen.c.obj (.bss.parmbuf)
                  0041ffc0    00000188     datapath_tracker3d.xwrL64xx.m4f.ti-arm-clang.release.lib : doaproc.obj (.bss.gDoaProcHeapMem)
                  00420148    00000188     (.common:uDopProcDpuCfg)
                  004202d0    00000020     (.common:gHwiFrameStartHwiObject)
                  004202f0    00000010     (.common:gFlashObject_MX25V1635F)
                  00420300    00000184                                                              : mpdproc.obj (.bss.gMpdProcHeapMem)
                  00420484    00000184     (.common:mpdProcDpuCfg)
                  00420608    00000020     (.common:gTimerHwiObj)
                  00420628    00000014     freertos.xwrL64xx.m4f.ti-arm-clang.release.lib : timers.obj (.bss.xActiveTimerList2)
                  0042063c    00000004                                                    : tasks.obj (.bss.pxOverflowDelayedTaskList)
                  00420640    00000164     datapath_tracker3d.xwrL64xx.m4f.ti-arm-clang.release.lib : rangeprochwa.obj (.bss.gRangeProcHeapMem)
                  004207a4    00000014     freertos.xwrL64xx.m4f.ti-arm-clang.release.lib : tasks.obj (.bss.xDelayedTaskList1)
                  004207b8    00000008     (.common:demoEndTime)
                  004207c0    00000154     datapath_tracker3d.xwrL64xx.m4f.ti-arm-clang.release.lib : trackerproc.obj (.bss.gTrackerProcHeapMem)
                  00420914    00000140     freertos.xwrL64xx.m4f.ti-arm-clang.release.lib : tasks.obj (.bss.pxReadyTasksLists)
                  00420a54    0000012c     (.common:Power_contextSave)
                  00420b80    00000128     (.common:rangeProcDpuCfg)
                  00420ca8    00000120     libsysbm.a : trgmsg.c.obj (.bss:_CIOBUF_)
                  00420dc8    00000118     ti_drivers_config.o (.bss.gI2cObjects)
                  00420ee0    00000100     freertos.xwrL64xx.m4f.ti-arm-clang.release.lib : timers.obj (.bss.prvCheckForValidListAndQueue.ucStaticTimerQueueStorage)
                  00420fe0    00000100     (.common:HwaParamsetIntr)
                  004210e0    00000100     (.common:xQueueRegistry)
                  004211e0    000000d4     (.common:cfarProcDpuCfg)
                  004212b4    000000b0     ti_drivers_config.o (.bss.gEdmaObjects)
                  00421364    000000a0     libc.a : defs.c.obj (.bss.__TI_tmpnams)
                  00421404    00000094     mmwavelink_m4.lib : rl_device.o (.bss.z_FeDriverData)
                  00421498    0000007c     freertos.xwrL64xx.m4f.ti-arm-clang.release.lib : port.obj (.bss.xIdleTaskTCB)
                  00421514    0000007c                                                    : port.obj (.bss.xTimerTaskTCB)
                  00421590    0000007c     (.common:gAdcFileTaskObj)
                  0042160c    0000007c     (.common:gCliTaskObj)
                  00421688    0000007c     (.common:gDpcTaskObj)
                  00421704    0000007c     (.common:gMainTaskObj)
                  00421780    0000007c     (.common:gPowerTaskObj)
                  004217fc    0000007c     (.common:gTlvTaskObj)
                  00421878    0000007c     (.common:gmmwinitTaskObj)
                  004218f4    00000004                                                    : timers.obj (.bss.pxOverflowTimerList)
                  004218f8    00000070     (.common:gHwaObject)
                  00421968    00000060                                                    : DebugP_freertos.obj (.bss.gDebugLogLockObj)
                  004219c8    00000060     (.common:gMmwOsalMutex)
                  00421a28    00000060     (.common:gMmwOsalSem)
                  00421a88    00000048                                                    : timers.obj (.bss.prvCheckForValidListAndQueue.xStaticTimerQueue)
                  00421ad0    00000048     (.common:gPowerSemObj)
                  00421b18    00000048     (.common:gRovDummyQueue)
                  00421b60    00000048     (.common:gmmwinitObj)
                  00421ba8    00000040     control.xwrL64xx.m4f.ti-arm-clang.release.lib : mmwave_fullcfg.obj (.bss.gMmwHeapObj)
                  00421be8    00000040     (.common:AppDebugData)
                  00421c28    00000020     (.common:idleHwiObj)
                  00421c48    00000014     freertos.xwrL64xx.m4f.ti-arm-clang.release.lib : tasks.obj (.bss.xDelayedTaskList2)
                  00421c5c    00000014                                                    : tasks.obj (.bss.xPendingReadyList)
                  00421c70    00000014                                                    : tasks.obj (.bss.xSuspendedTaskList)
                  00421c84    00000014                                                    : tasks.obj (.bss.xTasksWaitingTermination)
                  00421c98    00000014     (.common:gStVecCorPrfile)
                  00421cac    00000014     (.common:idleHwiPrms)
                  00421cc0    00000014     (.common:intrObj_cfarProc)
                  00421cd4    00000014     (.common:intrObj_doaProc)
                  00421ce8    00000014     (.common:intrObj_uDopProc)
                  00421cfc    00000004     libc.a : memory.c.obj (.bss.sys_free)
                  00421d00    00000010     datapath_tracker3d.xwrL64xx.m4f.ti-arm-clang.release.lib : trackerproc.obj (.bss.gTrackerProcDescrpHdlHeapMem)
                  00421d10    00000010     (.common:rxData)
                  00421d20    00000010     (.common:txData)
                  00421d30    00000008     (.common:demoTimeus)
                  00421d38    00000008     (.common:frmPrdus)
                  00421d40    00000008     (.common:gEdmaHandle)
                  00421d48    00000008     (.common:gMmwDemoFlash)
                  00421d50    00000008     (.common:slpTimeus)
                  00421d58    00000008     (.common:test)
                  00421d60    00000008     (.common:ullIdleTime)
                  00421d68    00000008     (.common:ullSleepTime)
                  00421d70    00000004     (.common:gAdcFileTask)
                  00421d74    00000004     (.common:gCliTask)
                  00421d78    00000004     (.common:gDpcTask)
                  00421d7c    00000004     (.common:gFlashHandle)
                  00421d80    00000004     (.common:gI2cHandle)
                  00421d84    00000004     (.common:gMainTask)
                  00421d88    00000004     (.common:gMcspiHandle)
                  00421d8c    00000004     (.common:gPowerSem)
                  00421d90    00000004     (.common:gPowerTask)
                  00421d94    00000004     (.common:gPreStoredAdcTestBuff)
                  00421d98    00000004     (.common:gQspiHandle)
                  00421d9c    00000004     (.common:gTimerBaseAddr)
                  00421da0    00000004     (.common:gTlvTask)
                  00421da4    00000004     (.common:gUartHandle)
                  00421da8    00000004     (.common:gmmwinit)
                  00421dac    00000004     (.common:gmmwinitTask)
                  00421db0    00000004     (.common:gpioBaseAddrLed)
                  00421db4    00000004     (.common:hwRes)
                  00421db8    00000004     (.common:hwaHandle)
                  00421dbc    00000004     (.common:pinNumLed)
                  00421dc0    00000002     control.xwrL64xx.m4f.ti-arm-clang.release.lib : mmwave_link_xWRLx4xx.obj (.bss.MMWave_openLink.clpcTxcodes.1)
                  00421dc2    00000001                                                   : mmwave_link_xWRLx4xx.obj (.bss.MMWave_openLink.clpcCalTemp)
                  00421dc3    00000001     (.common:pgVersion)
                  00421dc4    0000003c     --HOLE--

.taskstack 
*          0    00458000    00004000     UNINITIALIZED
                  00458000    00004000     mmw_cli.o (.taskstack)

.stack     0    0045c000    00002000     UNINITIALIZED
                  0045c000    00000004     freertos.xwrL64xx.m4f.ti-arm-clang.release.lib : boot_armv7m.obj (.stack)
                  0045c004    00001ffc     --HOLE--

.sysmem    0    0045e000    00002000     UNINITIALIZED
                  0045e000    00000010     libc.a : memory.c.obj (.sysmem)
                  0045e010    00001ff0     --HOLE--

.l3        0    60000000    0005e400     UNINITIALIZED
                  60000000    0005e400     motion_detect.o (.l3)

__llvm_prf_cnts 
*          0    00400200    00000000     UNINITIALIZED

__llvm_prf_bits 
*          0    00400200    00000000     UNINITIALIZED

.text      0    00421e00    0002d8c0     
                  00421e00    0000124e     motion_detect.o (.text.mmwDemo_TransmitProcessedOutputTask)
                  0042304e    00000002     ti_board_config.o (.text.Board_init)
                  00423050    00000c30     libc.a : _scanfi.c.obj (.text.__TI_scanfi)
                  00423c80    00000afa     datapath_tracker3d.xwrL64xx.m4f.ti-arm-clang.release.lib : cfarprochwa.obj (.text.CFAR_DET_HWA_cfarRangeDoppler_ProcList)
                  0042477a    00000006     drivers.xwrL64xx.m4f.ti-arm-clang.release.lib : edma.obj (.text.EDMA_isInterruptEnabled)
                  00424780    00000a8c     libc.a : e_pow.c.obj (.text.pow)
                  0042520c    00000004     ti_board_open_close.o (.text.Board_driversOpen)
                  00425210    00000a0c     libc.a : _printfi.c.obj (.text:__TI_printfi)
                  00425c1c    000008b6     datapath_tracker3d.xwrL64xx.m4f.ti-arm-clang.release.lib : rangeprochwa.obj (.text.rangeProcHWA_HardwareConfig)
                  004264d2    00000002     freertos.xwrL64xx.m4f.ti-arm-clang.release.lib : CacheP_null.obj (.text.CacheP_inv)
                  004264d4    00000824     alg_gtrack3d.xwrL64xx.m4f.ti-arm-clang.release.lib : gtrack_unit_update.obj (.text.gtrack_unitUpdate)
                  00426cf8    00000800     datapath_tracker3d.xwrL64xx.m4f.ti-arm-clang.release.lib : doaproc.obj (.text.doaProc_configHwa)
                  004274f8    000007f8     drivers.xwrL64xx.m4f.ti-arm-clang.release.lib : hwa.obj (.text.HWA_configParamSet)
                  00427cf0    000007ac     datapath_tracker3d.xwrL64xx.m4f.ti-arm-clang.release.lib : cfarprochwa.obj (.text.CFAR_DET_HWA_cfarRange_ProcList)
                  0042849c    00000734     alg_gtrack3d.xwrL64xx.m4f.ti-arm-clang.release.lib : gtrack_create.obj (.text.gtrack_create)
                  00428bd0    00000724     libc.a : k_rem_pio2.c.obj (.text.__kernel_rem_pio2)
                  004292f4    0000071a     ADC_testbuf.o (.text.mmwDemo_adcFileReadTask)
                  00429a0e    00000002     freertos.xwrL64xx.m4f.ti-arm-clang.release.lib : CacheP_null.obj (.text.CacheP_wb)
                  00429a10    000006b0     datapath_tracker3d.xwrL64xx.m4f.ti-arm-clang.release.lib : doaproc.obj (.text.doaProc_configHwa_v2)
                  0042a0c0    00000678     dpc.o (.text.DPC_Execute)
                  0042a738    0000066c     datapath_tracker3d.xwrL64xx.m4f.ti-arm-clang.release.lib : udopproc.obj (.text.uDopProc_configHwa)
                  0042ada4    00000630     drivers.xwrL64xx.m4f.ti-arm-clang.release.lib : hwa.obj (.text.HWA_configCommon)
                  0042b3d4    000005f2     dpc.o (.text.DoaProc_configParser)
                  0042b9c6    00000002     freertos.xwrL64xx.m4f.ti-arm-clang.release.lib : ClockP_freertos_m4.obj (.text.ClockP_timerClearOverflowInt)
                  0042b9c8    00000594     libc.a : e_powf.c.obj (.text.powf)
                  0042bf5c    00000004     freertos.xwrL64xx.m4f.ti-arm-clang.release.lib : ClockP_freertos.obj (.text.ClockP_getTicks)
                  0042bf60    00000590     dpc.o (.text.CfarProc_configParser)
                  0042c4f0    00000588     datapath_tracker3d.xwrL64xx.m4f.ti-arm-clang.release.lib : mpdproc.obj (.text.assignPointsToZones)
                  0042ca78    00000570     control.xwrL64xx.m4f.ti-arm-clang.release.lib : mmwave_link_common.obj (.text.MMWave_configLink)
                  0042cfe8    00000570     freertos.xwrL64xx.m4f.ti-arm-clang.release.lib : printf.obj (.text._vsnprintf)
                  0042d558    00000570     dpc.o (.text.uDopProc_configParser)
                  0042dac8    00000546     alg_classifier.xwrL64xx.m4f.ti-arm-clang.release.lib : classifier_layers.obj (.text.conv2_op)
                  0042e00e    00000002     drivers.xwrL64xx.m4f.ti-arm-clang.release.lib : hwa.obj (.text.HWA_init)
                  0042e010    00000536     mmwave_control_config.o (.text.Mmwave_populateDefaultChirpControlCfg)
                  0042e546    00000002     freertos.xwrL64xx.m4f.ti-arm-clang.release.lib : power_xwrLx4xx_freertos.obj (.text.Power_initPolicy)
                  0042e548    00000528     libc.a : s_cos.c.obj (.text.cos)
                  0042ea70    00000528            : s_sin.c.obj (.text.sin)
                  0042ef98    00000502     mmw_cli.o (.text.CLI_init)
                  0042f49a    00000002     libclang_rt.builtins.a : aeabi_div0.c.obj (.text.__aeabi_ldiv0)
                  0042f49c    000004ee     alg_gtrack3d.xwrL64xx.m4f.ti-arm-clang.release.lib : gtrack_module.obj (.text.gtrack_moduleAllocate)
                  0042f98a    00000002     libc.a : _lock.c.obj (.text._nop)
                  0042f98c    000004bc     alg_gtrack3d.xwrL64xx.m4f.ti-arm-clang.release.lib : gtrack_utilities_3d.obj (.text.gtrack_matrixInv)
                  0042fe48    000004a8     freertos.xwrL64xx.m4f.ti-arm-clang.release.lib : printf.obj (.text._etoa)
                  004302f0    00000480     datapath_tracker3d.xwrL64xx.m4f.ti-arm-clang.release.lib : aoasvcproc.obj (.text.aoasvcProc_SteeringVecCorrection)
                  00430770    00000474     libc.a : strtod.c.obj (.text.strtod)
                  00430be4    00000004     freertos.xwrL64xx.m4f.ti-arm-clang.release.lib : ClockP_freertos_m4.obj (.text.ClockP_getTimerCount)
                  00430be8    00000470     dpc.o (.text.DPC_Config)
                  00431058    00000448     mmw_cli.o (.text.CLI_MMWaveSensorStart)
                  004314a0    00000440     freertos.xwrL64xx.m4f.ti-arm-clang.release.lib : printf.obj (.text._ftoa)
                  004318e0    000003e0     alg_gtrack3d.xwrL64xx.m4f.ti-arm-clang.release.lib : gtrack_unit_score.obj (.text.gtrack_unitScore)
                  00431cc0    000003de     drivers.xwrL64xx.m4f.ti-arm-clang.release.lib : mcspi_v0.obj (.text.MCSPI_transfer)
                  0043209e    00000002     freertos.xwrL64xx.m4f.ti-arm-clang.release.lib : printf.obj (.text._out_null)
                  004320a0    000003c8     dpc.o (.text.RangeProc_configParser)
                  00432468    000003b0     freertos.xwrL64xx.m4f.ti-arm-clang.release.lib : HwiP_armv7m.obj (.text.hwi)
                  00432818    000003a8     datapath_tracker3d.xwrL64xx.m4f.ti-arm-clang.release.lib : udopproc.obj (.text.uDopProc_ConfigTriggerHwa)
                  00432bc0    000003a0                                                              : doaproc.obj (.text.doaProc_configEdma)
                  00432f60    00000394                                                              : cfarprochwa.obj (.text.CFAR_DET_HWA_cfarRange_ProcList_1tx_1rx)
                  004332f4    00000004     control.xwrL64xx.m4f.ti-arm-clang.release.lib : mmwave_link_xWRLx4xx.obj (.text.MMWave_ExitCriticalRegion)
                  004332f8    0000037c     range_phase_bias_measurement.o (.text.mmwDemo_rangeBiasRxChPhaseMeasure)
                  00433674    0000037a     board.xwrL64xx.m4f.ti-arm-clang.release.lib : flash_nor_qspi.obj (.text.Flash_norQspiOpen)
                  004339ee    00000002     alg_gtrack3d.xwrL64xx.m4f.ti-arm-clang.release.lib : gtrack_unit_stop.obj (.text.gtrack_unitStop)
                  004339f0    00000360     drivers.xwrL64xx.m4f.ti-arm-clang.release.lib : uart_sci.obj (.text.UART_open)
                  00433d50    00000348     dpc.o (.text.AoasvcProc_configParser)
                  00434098    00000342     drivers.xwrL64xx.m4f.ti-arm-clang.release.lib : i2c_v0.obj (.text.I2C_hwiFxn)
                  004343da    00000002     power_management.o (.text.power_LPDSentryhook)
                  004343dc    00000320     datapath_tracker3d.xwrL64xx.m4f.ti-arm-clang.release.lib : udopproc.obj (.text.DPU_uDopProc_process)
                  004346fc    00000004     control.xwrL64xx.m4f.ti-arm-clang.release.lib : mmwave_link_xWRLx4xx.obj (.text.MMWave_TimeStamp)
                  00434700    00000320     factory_cal.o (.text.mmwDemo_factoryCal)
                  00434a20    00000310     drivers.xwrL64xx.m4f.ti-arm-clang.release.lib : soc_rcm.obj (.text.SOC_rcmGetPeripheralClock)
                  00434d30    0000030a                                                   : edma.obj (.text.EDMA_init)
                  0043503a    00000006                                                   : gpio.obj (.text.GPIO_moduleEnable)
                  00435040    000002f0     libc.a : e_log10.c.obj (.text.log10)
                  00435330    000002de     datapath_tracker3d.xwrL64xx.m4f.ti-arm-clang.release.lib : cfarprochwa.obj (.text.CFAR_DET_HWA_config_HWA)
                  0043560e    00000002     freertos.xwrL64xx.m4f.ti-arm-clang.release.lib : port.obj (.text.vPortConfigTimerForRunTimeStats)
                  00435610    000002dc     drivers.xwrL64xx.m4f.ti-arm-clang.release.lib : mcspi_v0.obj (.text.MCSPI_open)
                  004358ec    00000014     board.xwrL64xx.m4f.ti-arm-clang.release.lib : cpu.obj (.text.CPUcpsid)
                  00435900    000002dc     libc.a : strcmp_t2.S.obj (.text:strcmp)
                  00435bdc    000002c4     drivers.xwrL64xx.m4f.ti-arm-clang.release.lib : mcspi_v0.obj (.text.MCSPI_continueTxRx)
                  00435ea0    000002bc     alg_classifier.xwrL64xx.m4f.ti-arm-clang.release.lib : classifier_layers.obj (.text.conv1_op)
                  0043615c    00000004     control.xwrL64xx.m4f.ti-arm-clang.release.lib : mmwave_listlib.obj (.text.MMWave_listGetHead)
                  00436160    000002b8     libc.a : _printfi.c.obj (.text._pconv_a)
                  00436418    000002b8     datapath_tracker3d.xwrL64xx.m4f.ti-arm-clang.release.lib : aoasvcproc.obj (.text.aoasvcProc_configHwa)
                  004366d0    0000029a     mmw_cli.o (.text.CLI_MMWaveRangeSNRCompensation)
                  0043696a    00000294     motion_detect.o (.text.motion_detect)
                  00436bfe    00000002     --HOLE-- [fill = 0]
                  00436c00    00000284     drivers.xwrL64xx.m4f.ti-arm-clang.release.lib : mcspi_v0.obj (.text.MCSPI_chConfig)
                  00436e84    00000274                                                   : i2c_v0.obj (.text.I2C_open)
                  004370f8    00000258     freertos.xwrL64xx.m4f.ti-arm-clang.release.lib : power_xwrLx4xx_freertos.obj (.text.Power_sleepPolicy)
                  00437350    00000244     datapath_tracker3d.xwrL64xx.m4f.ti-arm-clang.release.lib : trackerproc.obj (.text.DPU_TrackerProc_config)
                  00437594    00000004     control.xwrL64xx.m4f.ti-arm-clang.release.lib : mmwave_listlib.obj (.text.MMWave_listGetNext)
                  00437598    00000238     libc.a : _printfi.c.obj (.text._pconv_g)
                  004377d0    00000236     control.xwrL64xx.m4f.ti-arm-clang.release.lib : mmwave_link_xWRLx4xx.obj (.text.MMWave_openLink)
                  00437a06    00000002     --HOLE-- [fill = 0]
                  00437a08    0000022e     drivers.xwrL64xx.m4f.ti-arm-clang.release.lib : qspi.obj (.text.QSPI_open)
                  00437c36    0000022c                                                   : uart_sci.obj (.text.UART_write)
                  00437e62    00000006     libc.a : _scanfi.c.obj (.text.OUTLINED_FUNCTION_3)
                  00437e68    00000228     datapath_tracker3d.xwrL64xx.m4f.ti-arm-clang.release.lib : udopproc.obj (.text.DPU_uDopProc_config)
                  00438090    00000228     dpc.o (.text.MmwDemo_cfgDopplerParamMapping)
                  004382b8    00000228     power_management.o (.text.powerManagementTask)
                  004384e0    00000222     drivers.xwrL64xx.m4f.ti-arm-clang.release.lib : i2c_v0.obj (.text.I2C_primeTransfer)
                  00438702    00000006     freertos.xwrL64xx.m4f.ti-arm-clang.release.lib : SemaphoreP_freertos.obj (.text.SemaphoreP_destruct)
                  00438708    0000021c     tracker_utils.o (.text.MmwDemo_CLITrackingCfg)
                  00438924    0000021c     datapath_tracker3d.xwrL64xx.m4f.ti-arm-clang.release.lib : rangeprochwa.obj (.text.rangeProcHWA_ConfigEDMA_evtDecim)
                  00438b40    00000218     alg_gtrack3d.xwrL64xx.m4f.ti-arm-clang.release.lib : gtrack_utilities.obj (.text.gtrack_computeJacobian)
                  00438d58    00000204                                                        : gtrack_step.obj (.text.gtrack_step)
                  00438f5c    000001f6     datapath_tracker3d.xwrL64xx.m4f.ti-arm-clang.release.lib : dpedma.obj (.text.DPEDMA_configSyncTransfer)
                  00439152    00000002     --HOLE-- [fill = 0]
                  00439154    000001f4     alg_gtrack3d.xwrL64xx.m4f.ti-arm-clang.release.lib : gtrack_unit_event.obj (.text.gtrack_unitEvent)
                  00439348    000001ec     drivers.xwrL64xx.m4f.ti-arm-clang.release.lib : mcspi_v0.obj (.text.MCSPI_continuePeripheralTxRx)
                  00439534    00000004                                                   : prcm.obj (.text.PRCMPeripheralStatusGet)
                  00439538    000001e8     datapath_tracker3d.xwrL64xx.m4f.ti-arm-clang.release.lib : udopproc.obj (.text.uDopProc_FeatExtraction)
                  00439720    000001de                                                              : dpedma.obj (.text.DPEDMA_configSyncA_singleFrame)
                  004398fe    000001d8                                                              : dpedma.obj (.text.DPEDMA_configSyncAB)
                  00439ad6    00000002     --HOLE-- [fill = 0]
                  00439ad8    000001ca                                                              : aoasvcproc.obj (.text.aoasvcProc_configEdma)
                  00439ca2    00000002     --HOLE-- [fill = 0]
                  00439ca4    000001ca     freertos.xwrL64xx.m4f.ti-arm-clang.release.lib : MpuP_armv7m.obj (.text.mpu)
                  00439e6e    00000002     --HOLE-- [fill = 0]
                  00439e70    000001c6     datapath_tracker3d.xwrL64xx.m4f.ti-arm-clang.release.lib : aoasvcproc.obj (.text.DPU_AoasvcProc_process)
                  0043a036    000001c6     drivers.xwrL64xx.m4f.ti-arm-clang.release.lib : hwa.obj (.text.HWA_open)
                  0043a1fc    000001c2     datapath_tracker3d.xwrL64xx.m4f.ti-arm-clang.release.lib : doaproc.obj (.text.DPU_DoaProc_config)
                  0043a3be    00000002     --HOLE-- [fill = 0]
                  0043a3c0    000001c0     libc.a : e_logf.c.obj (.text.logf)
                  0043a580    000001b8     alg_gtrack3d.xwrL64xx.m4f.ti-arm-clang.release.lib : gtrack_unit_create.obj (.text.gtrack_unitCreate)
                  0043a738    000001b8     libc.a : strtoll.c.obj (.text.strtoll)
                  0043a8f0    000001b6     libclang_rt.builtins.a : adddf3.S.obj (.text.adddf3_subdf3)
                  0043aaa6    00000002     --HOLE-- [fill = 0]
                  0043aaa8    000001b4     datapath_tracker3d.xwrL64xx.m4f.ti-arm-clang.release.lib : mpdproc.obj (.text.stateMachine)
                  0043ac5c    000001b2                                                              : udopproc.obj (.text.uDopProc_configEdma_loopBack)
                  0043ae0e    000001b0     drivers.xwrL64xx.m4f.ti-arm-clang.release.lib : uart_sci.obj (.text.UART_read)
                  0043afbe    00000002     --HOLE-- [fill = 0]
                  0043afc0    000001b0     utils.xwrL64xx.m4f.ti-arm-clang.release.lib : mathutils.obj (.text.mathUtils_genWindow)
                  0043b170    000001b0     range_phase_bias_measurement.o (.text.mmwDemo_rangeBiasRxChPhaseMeasureConfig)
                  0043b320    000001ae     freertos.xwrL64xx.m4f.ti-arm-clang.release.lib : timers.obj (.text.prvTimerTask)
                  0043b4ce    00000002     --HOLE-- [fill = 0]
                  0043b4d0    000001a6     drivers.xwrL64xx.m4f.ti-arm-clang.release.lib : edma.obj (.text.EDMA_deinit)
                  0043b676    00000002     --HOLE-- [fill = 0]
                  0043b678    000001a0     datapath_tracker3d.xwrL64xx.m4f.ti-arm-clang.release.lib : aoasvcproc.obj (.text.DPU_AoasvcProc_config)
                  0043b818    000001a0     libc.a : _printfi.c.obj (.text.fcvt)
                  0043b9b8    00000194     control.xwrL64xx.m4f.ti-arm-clang.release.lib : mmwave_link_common.obj (.text.MMWave_deviceGetVersion)
                  0043bb4c    00000190     drivers.xwrL64xx.m4f.ti-arm-clang.release.lib : uart_sci_edma.obj (.text.UART_edmaChannelConfig)
                  0043bcdc    00000004                                                   : soc.obj (.text.SOC_moduleSetClockFrequency)
                  0043bce0    00000190     libc.a : s_exp2f.c.obj (.text.exp2f)
                  0043be70    0000018c     drivers.xwrL64xx.m4f.ti-arm-clang.release.lib : qspi_edma.obj (.text.QSPI_edmaTransfer)
                  0043bffc    00000182     datapath_tracker3d.xwrL64xx.m4f.ti-arm-clang.release.lib : udopproc.obj (.text.uDopProc_configEdma)
                  0043c17e    00000002     --HOLE-- [fill = 0]
                  0043c180    00000180     libc.a : _printfi.c.obj (.text._pconv_e)
                  0043c300    00000180            : fwrite.c.obj (.text.fwrite)
                  0043c480    0000017a     drivers.xwrL64xx.m4f.ti-arm-clang.release.lib : uart_sci.obj (.text.UART_controllerIsr)
                  0043c5fa    00000002     --HOLE-- [fill = 0]
                  0043c5fc    00000178                                                   : power_xwrLx4xx.obj (.text.Power_sleep)
                  0043c774    00000176                                                   : qspi_edma.obj (.text.QSPI_edmaChannelConfig)
                  0043c8ea    00000002     --HOLE-- [fill = 0]
                  0043c8ec    00000170                                                   : soc_rcm.obj (.text.SOC_rcmEnablePeripheralClock)
                  0043ca5c    00000004     libclang_rt.builtins.a : aeabi_memcpy.S.obj (.text.__aeabi_memcpy)
                  0043ca60    00000170     libc.a : k_sin.c.obj (.text.__kernel_sin)
                  0043cbd0    00000170            : strtoull.c.obj (.text.strtoull)
                  0043cd40    0000016a     datapath_tracker3d.xwrL64xx.m4f.ti-arm-clang.release.lib : rangeprochwa.obj (.text.DPU_RangeProcHWA_config)
                  0043ceaa    00000002     --HOLE-- [fill = 0]
                  0043ceac    0000016a     board.xwrL64xx.m4f.ti-arm-clang.release.lib : flash_nor_qspi.obj (.text.Flash_norQspiWrite)
                  0043d016    00000002     --HOLE-- [fill = 0]
                  0043d018    00000168     drivers.xwrL64xx.m4f.ti-arm-clang.release.lib : power_xwrLx4xx.obj (.text.Power_Idle3)
                  0043d180    00000168     libc.a : k_cos.c.obj (.text.__kernel_cos)
                  0043d2e8    00000168            : e_sqrt.c.obj (.text.sqrt)
                  0043d450    00000162     drivers.xwrL64xx.m4f.ti-arm-clang.release.lib : soc_rcm.obj (.text.SOC_rcmSetPeripheralClock)
                  0043d5b2    00000002     --HOLE-- [fill = 0]
                  0043d5b4    00000160     datapath_tracker3d.xwrL64xx.m4f.ti-arm-clang.release.lib : dbscan.obj (.text.expandCluster)
                  0043d714    0000015a     control.xwrL64xx.m4f.ti-arm-clang.release.lib : mmwave_link_xWRLx4xx.obj (.text.MMWave_initLink)
                  0043d86e    00000002     --HOLE-- [fill = 0]
                  0043d870    00000158     libc.a : e_asinf.c.obj (.text.asinf)
                  0043d9c8    00000158            : s_atanf.c.obj (.text.atanf)
                  0043db20    00000156     drivers.xwrL64xx.m4f.ti-arm-clang.release.lib : qspi.obj (.text.QSPI_readCmd)
                  0043dc76    00000002     --HOLE-- [fill = 0]
                  0043dc78    00000156     freertos.xwrL64xx.m4f.ti-arm-clang.release.lib : queue.obj (.text.xQueueSemaphoreTake)
                  0043ddce    00000002     --HOLE-- [fill = 0]
                  0043ddd0    00000150     alg_gtrack3d.xwrL64xx.m4f.ti-arm-clang.release.lib : gtrack_unit_update.obj (.text.gtrack_velocityStateHandling)
                  0043df20    00000150     libc.a : e_log10f.c.obj (.text.log10f)
                  0043e070    0000014e     board.xwrL64xx.m4f.ti-arm-clang.release.lib : ina.obj (.text.SensorConfig228)
                  0043e1be    0000014a     tracker_utils.o (.text.MmwDemo_CLIBoundaryBoxCfg)
                  0043e308    00000148     mmw_cli.o (.text.CLI_MMWStart)
                  0043e450    00000148     mmw_cli.o (.text.CLI_task)
                  0043e598    00000148     drivers.xwrL64xx.m4f.ti-arm-clang.release.lib : uart_sci.obj (.text.UART_close)
                  0043e6e0    00000148     datapath_tracker3d.xwrL64xx.m4f.ti-arm-clang.release.lib : rangeprochwa.obj (.text.rangeProcHWA_ParseConfig)
                  0043e828    00000144     freertos.xwrL64xx.m4f.ti-arm-clang.release.lib : printf.obj (.text._ntoa_format)
                  0043e96c    00000140     alg_featExtract.xwrL64xx.m4f.ti-arm-clang.release.lib : featExtract_compute.obj (.text.featExtract_compute)
                  0043eaac    00000140     alg_gtrack3d.xwrL64xx.m4f.ti-arm-clang.release.lib : gtrack_utilities.obj (.text.gtrack_cartesian2spherical)
                  0043ebec    0000013c     datapath_tracker3d.xwrL64xx.m4f.ti-arm-clang.release.lib : trackerproc.obj (.text.DPU_TrackerProc_process)
                  0043ed28    0000013c     libc.a : e_log2f.c.obj (.text.log2f)
                  0043ee64    0000013a     freertos.xwrL64xx.m4f.ti-arm-clang.release.lib : tasks.obj (.text.xTaskIncrementTick)
                  0043ef9e    00000002     --HOLE-- [fill = 0]
                  0043efa0    00000138     mmw_cli.o (.text.CLI_MMWaveChirpCommonCfg)
                  0043f0d8    00000138     mmw_cli.o (.text.CLI_MMWaveChirpTimingCfg)
                  0043f210    00000138     datapath_tracker3d.xwrL64xx.m4f.ti-arm-clang.release.lib : cfarprochwa.obj (.text.DPU_CFARProcHWA_config)
                  0043f348    00000138                                                              : cfarprochwa.obj (.text.DPU_CFARProcHWA_process)
                  0043f480    00000138     libc.a : strtol.c.obj (.text.strtol)
                  0043f5b8    00000138     datapath_tracker3d.xwrL64xx.m4f.ti-arm-clang.release.lib : udopproc.obj (.text.uDopProc_updateTrackIdFeatures)
                  0043f6f0    00000136     libclang_rt.builtins.a : divdf3.S.obj (.text.__divdf3)
                  0043f826    00000002     --HOLE-- [fill = 0]
                  0043f828    00000136     freertos.xwrL64xx.m4f.ti-arm-clang.release.lib : queue.obj (.text.xQueueGenericSend)
                  0043f95e    00000002     --HOLE-- [fill = 0]
                  0043f960    00000136                                                    : queue.obj (.text.xQueueReceive)
                  0043fa96    00000002     --HOLE-- [fill = 0]
                  0043fa98    00000134     mmw_cli.o (.text.CLI_MMWaveCfarCfg)
                  0043fbcc    00000132     drivers.xwrL64xx.m4f.ti-arm-clang.release.lib : edma.obj (.text.allocResource)
                  0043fcfe    00000130     freertos.xwrL64xx.m4f.ti-arm-clang.release.lib : ClockP_freertos_m4.obj (.text.ClockP_init)
                  0043fe2e    0000012e     datapath_tracker3d.xwrL64xx.m4f.ti-arm-clang.release.lib : doaproc.obj (.text.doaProc_InternalLoop)
                  0043ff5c    0000012e     mmwavelink_m4.lib : rl_device.o (.text.rl_initErrorCheck)
                  0044008a    0000012c     drivers.xwrL64xx.m4f.ti-arm-clang.release.lib : edma.obj (.text.EDMA_open)
                  004401b6    00000002     --HOLE-- [fill = 0]
                  004401b8    00000128     dpc.o (.text.MmwDemo_calcActiveAntennaGeometry)
                  004402e0    00000124     datapath_tracker3d.xwrL64xx.m4f.ti-arm-clang.release.lib : dpedma.obj (.text.DPEDMA_configDummyChannel)
                  00440404    00000122     drivers.xwrL64xx.m4f.ti-arm-clang.release.lib : mcspi_v0.obj (.text.MCSPI_peripheralIsr)
                  00440526    00000002     --HOLE-- [fill = 0]
                  00440528    00000120     libc.a : fopen.c.obj (.text._openfile)
                  00440648    00000120            : memory.c.obj (.text.aligned_alloc)
                  00440768    00000120            : s_ceil.c.obj (.text.ceil)
                  00440888    00000120            : s_floor.c.obj (.text.floor)
                  004409a8    00000120     freertos.xwrL64xx.m4f.ti-arm-clang.release.lib : HeapP_internal.obj (.text.pvHeapMalloc)
                  00440ac8    0000011c     libc.a : strtoul.c.obj (.text.strtoul)
                  00440be4    0000011a     freertos.xwrL64xx.m4f.ti-arm-clang.release.lib : tasks.obj (.text.xTaskResumeAll)
                  00440cfe    00000118     datapath_tracker3d.xwrL64xx.m4f.ti-arm-clang.release.lib : dpedma.obj (.text.DPEDMA_freeEDMAChannel)
                  00440e16    00000002     --HOLE-- [fill = 0]
                  00440e18    00000118     freertos.xwrL64xx.m4f.ti-arm-clang.release.lib : tasks.obj (.text.prvAddNewTaskToReadyList)
                  00440f30    00000112     mmw_cli.o (.text.CLI_MMWaveVersion)
                  00441042    00000006     alg_classifier.xwrL64xx.m4f.ti-arm-clang.release.lib : classifier_layers.obj (.text.classifier_bytes_needed)
                  00441048    00000110     alg_gtrack3d.xwrL64xx.m4f.ti-arm-clang.release.lib : gtrack_math.obj (.text.gtrack_calcRotMatZX)
                  00441158    0000010c     datapath_tracker3d.xwrL64xx.m4f.ti-arm-clang.release.lib : cfarprochwa.obj (.text.CFAR_DET_HWA_config_EDMA)
                  00441264    00000004     libc.a : printf.c.obj (.text._outc)
                  00441268    0000010c            : s_scalbn.c.obj (.text.scalbn)
                  00441374    00000004            : printf.c.obj (.text._outs)
                  00441378    00000108     datapath_tracker3d.xwrL64xx.m4f.ti-arm-clang.release.lib : mpdproc.obj (.text.DPU_MpdProc_process)
                  00441480    00000108     board.xwrL64xx.m4f.ti-arm-clang.release.lib : flash_nor_qspi.obj (.text.Flash_norQspiReset)
                  00441588    00000108     alg_gtrack3d.xwrL64xx.m4f.ti-arm-clang.release.lib : gtrack_unit_start.obj (.text.gtrack_unitStart)
                  00441690    00000106                                                        : gtrack_utilities_3d.obj (.text.gtrack_matrixComputePJT)
                  00441796    00000002     --HOLE-- [fill = 0]
                  00441798    00000104     drivers.xwrL64xx.m4f.ti-arm-clang.release.lib : edma.obj (.text.EDMA_transferCompletionMasterIsrFxn)
                  0044189c    00000102     datapath_tracker3d.xwrL64xx.m4f.ti-arm-clang.release.lib : aoasvcproc.obj (.text.aoasvcProc_setInputOutputEdma)
                  0044199e    00000100     dpc.o (.text.DPC_Init)
                  00441a9e    00000002     --HOLE-- [fill = 0]
                  00441aa0    000000fc     libclang_rt.builtins.a : muldf3.S.obj (.text.__muldf3)
                  00441b9c    000000fc     dpc.o (.text.rangeBiasRxChPhaseMeasure_quadfit)
                  00441c98    000000fa     drivers.xwrL64xx.m4f.ti-arm-clang.release.lib : edma.obj (.text.EDMA_freeResource)
                  00441d92    00000002     --HOLE-- [fill = 0]
                  00441d94    000000fa                                                   : qspi.obj (.text.QSPI_readMemMapMode)
                  00441e8e    00000002     --HOLE-- [fill = 0]
                  00441e90    000000f8     mmw_cli.o (.text.CLI_MMWaveAdcLogging)
                  00441f88    000000f4     drivers.xwrL64xx.m4f.ti-arm-clang.release.lib : mcspi_v0.obj (.text.MCSPI_controllerIsr)
                  0044207c    000000f4     libc.a : fread.c.obj (.text.fread)
                  00442170    000000f4     freertos.xwrL64xx.m4f.ti-arm-clang.release.lib : tasks.obj (.text.prvIdleTask)
                  00442264    000000f0     datapath_tracker3d.xwrL64xx.m4f.ti-arm-clang.release.lib : cfarprochwarangecomp.obj (.text.CFAR_DET_HWA_RangeComp_SNRNeededToKeepPoint)
                  00442354    000000f0     libc.a : fputs.c.obj (.text.fputs)
                  00442444    000000f0            : memory.c.obj (.text.free)
                  00442534    000000ee     freertos.xwrL64xx.m4f.ti-arm-clang.release.lib : tasks.obj (.text.vTaskDelete)
                  00442622    000000ec     mmw_cli.o (.text.CLI_MMWaveFactoryCalConfig)
                  0044270e    00000002     --HOLE-- [fill = 0]
                  00442710    000000ec     alg_gtrack3d.xwrL64xx.m4f.ti-arm-clang.release.lib : gtrack_module.obj (.text.gtrack_modulePresence)
                  004427fc    000000ec                                                        : gtrack_utilities.obj (.text.gtrack_spherical2cartesian)
                  004428e8    000000e8     datapath_tracker3d.xwrL64xx.m4f.ti-arm-clang.release.lib : cfarprochwa.obj (.text.CFAR_DET_HWA_ConfigAoaFov)
                  004429d0    000000e8     drivers.xwrL64xx.m4f.ti-arm-clang.release.lib : qspi.obj (.text.QSPI_writeCmd)
                  00442ab8    000000e8                                                   : uart_sci_edma.obj (.text.UART_readDma)
                  00442ba0    000000e8     alg_classifier.xwrL64xx.m4f.ti-arm-clang.release.lib : classifier_predict.obj (.text.classifier_predict)
                  00442c88    000000e8                                                          : classifier_layers.obj (.text.layer_norm)
                  00442d70    000000e6     drivers.xwrL64xx.m4f.ti-arm-clang.release.lib : mcspi_v0.obj (.text.MCSPI_close)
                  00442e56    00000002     --HOLE-- [fill = 0]
                  00442e58    000000e4     ti_board_config.o (.text.mmwDemo_PowerMeasurement)
                  00442f3c    000000e2     alg_gtrack3d.xwrL64xx.m4f.ti-arm-clang.release.lib : gtrack_utilities_3d.obj (.text.gtrack_computeMahalanobis)
                  0044301e    00000002     --HOLE-- [fill = 0]
                  00443020    000000e0     mmw_cli.o (.text.CLI_MMWaveFrameCfg)
                  00443100    000000de     alg_gtrack3d.xwrL64xx.m4f.ti-arm-clang.release.lib : gtrack_unit_predict.obj (.text.gtrack_unitPredict)
                  004431de    00000002     --HOLE-- [fill = 0]
                  004431e0    000000dc     datapath_tracker3d.xwrL64xx.m4f.ti-arm-clang.release.lib : trackerproc.obj (.text.DPU_TrackerProc_CartesianToSpherical)
                  004432bc    000000dc                                                              : trackerproc.obj (.text.DPU_trackerProc_updateParamTables)
                  00443398    000000da     dpc.o (.text.MpdProc_configParser)
                  00443472    00000002     --HOLE-- [fill = 0]
                  00443474    000000d8     drivers.xwrL64xx.m4f.ti-arm-clang.release.lib : edma.obj (.text.EDMA_allocResource)
                  0044354c    000000d8                                                   : uart_sci_edma.obj (.text.UART_writeDma)
                  00443624    000000d8     libc.a : setvbuf.c.obj (.text.setvbuf)
                  004436fc    000000d6     drivers.xwrL64xx.m4f.ti-arm-clang.release.lib : edma.obj (.text.EDMA_unregisterIntr)
                  004437d2    000000d4                                                   : i2c_v0.obj (.text.I2C_transfer)
                  004438a6    00000002     --HOLE-- [fill = 0]
                  004438a8    000000d4     dpc.o (.text.MmwDemo_compressPointCloudList)
                  0044397c    000000d4     freertos.xwrL64xx.m4f.ti-arm-clang.release.lib : TimerP_rti.obj (.text.TimerP_setup)
                  00443a50    000000d2     mmw_cli.o (.text.CLI_MMWaveSigProcChainCfg)
                  00443b22    00000002     --HOLE-- [fill = 0]
                  00443b24    000000d2     datapath_tracker3d.xwrL64xx.m4f.ti-arm-clang.release.lib : dbscan.obj (.text.dbscan)
                  00443bf6    000000d0     control.xwrL64xx.m4f.ti-arm-clang.release.lib : mmwave_fullcfg.obj (.text.MMWave_addChirp)
                  00443cc6    000000ce     board.xwrL64xx.m4f.ti-arm-clang.release.lib : flash_nor_qspi.obj (.text.Flash_norQspiSet4ByteAddrMode)
                  00443d94    000000ce     mmw_cli.o (.text.MmwDemo_CLIMicroDopplerParamCfg)
                  00443e62    00000002     --HOLE-- [fill = 0]
                  00443e64    000000ce     alg_gtrack3d.xwrL64xx.m4f.ti-arm-clang.release.lib : gtrack_delete.obj (.text.gtrack_delete)
                  00443f32    000000ce     mmwavelink_m4.lib : rl_device.o (.text.rl_mmWaveLinkInit)
                  00444000    000000cc     datapath_tracker3d.xwrL64xx.m4f.ti-arm-clang.release.lib : dbscan.obj (.text.calculateDistances)
                  004440cc    000000cc     libc.a : s_scalbnf.c.obj (.text.scalbnf)
                  00444198    000000ca     mmw_cli.o (.text.CLI_MMWaveGuiMonSel)
                  00444262    00000002     --HOLE-- [fill = 0]
                  00444264    000000ca     drivers.xwrL64xx.m4f.ti-arm-clang.release.lib : edma.obj (.text.EDMA_registerIntr)
                  0044432e    000000ca     alg_gtrack3d.xwrL64xx.m4f.ti-arm-clang.release.lib : gtrack_utilities_3d.obj (.text.gtrack_censor2world)
                  004443f8    000000ca     dpc.o (.text.mmwDemo_doaProcConfig)
                  004444c2    00000006     freertos.xwrL64xx.m4f.ti-arm-clang.release.lib : list.obj (.text.vListInitialiseItem)
                  004444c8    000000c8     mmw_cli.o (.text.CLI_MMWaveCompRangeBiasAndRxChanPhaseCfg)
                  00444590    000000c8     mmw_cli.o (.text.CLI_MmwDemo_AntGeometryCfg)
                  00444658    000000c8     libc.a : s_cosf.c.obj (.text.cosf)
                  00444720    000000c6     mmw_cli.o (.text.CLI_help)
                  004447e6    000000c4     drivers.xwrL64xx.m4f.ti-arm-clang.release.lib : hwa.obj (.text.HWA_enableParamSetInterrupt)
                  004448aa    000000c4     tracker_utils.o (.text.MmwDemo_CLIPresenceParamCfg)
                  0044496e    000000c4     alg_classifier.xwrL64xx.m4f.ti-arm-clang.release.lib : classifier_create.obj (.text.classifier_create)
                  00444a32    00000002     --HOLE-- [fill = 0]
                  00444a34    000000c4     alg_featExtract.xwrL64xx.m4f.ti-arm-clang.release.lib : featExtract_create.obj (.text.featExtract_create)
                  00444af8    000000c4     libc.a : s_round.c.obj (.text.round)
                  00444bbc    000000c2     mmwavelink_m4.lib : rl_device.o (.text.rl_mmWaveDfpVerGet)
                  00444c7e    000000bc     mmw_cli.o (.text.CLI_MMWaveMpdBoundaryBox)
                  00444d3a    00000002     --HOLE-- [fill = 0]
                  00444d3c    000000bc     drivers.xwrL64xx.m4f.ti-arm-clang.release.lib : qspi.obj (.text.QSPI_spiConfigWrite)
                  00444df8    000000bc     freertos.xwrL64xx.m4f.ti-arm-clang.release.lib : SysTickTimerP.obj (.text.SysTickTimerP_setup)
                  00444eb4    000000ba     mmw_cli.o (.text.CLI_open)
                  00444f6e    00000002     --HOLE-- [fill = 0]
                  00444f70    000000ba     freertos.xwrL64xx.m4f.ti-arm-clang.release.lib : HwiP_armv7m_handlers_freertos.obj (.text.hwi)
                  0044502a    000000b8     datapath_tracker3d.xwrL64xx.m4f.ti-arm-clang.release.lib : dpedmahwa.obj (.text.DPEDMAHWA_configTwoHotSignature)
                  004450e2    000000b8     board.xwrL64xx.m4f.ti-arm-clang.release.lib : flash_nor_qspi.obj (.text.Flash_norQspiErase)
                  0044519a    000000b8                                                 : flash_nor_qspi.obj (.text.Flash_norQspiEraseSector)
                  00445252    00000002     --HOLE-- [fill = 0]
                  00445254    000000b4     alg_featExtract.xwrL64xx.m4f.ti-arm-clang.release.lib : featExtract_utilities.obj (.text.featExtract_interpFreq)
                  00445308    000000b2     power_management.o (.text.power_LPDSresumehook)
                  004453ba    00000004     ti_dpl_config.o (.text.boot)
                  004453be    00000002     --HOLE-- [fill = 0]
                  004453c0    000000b0     datapath_tracker3d.xwrL64xx.m4f.ti-arm-clang.release.lib : cfarprochwa.obj (.text.CFAR_DET_HWA_ConvertFovToIdx)
                  00445470    000000b0     drivers.xwrL64xx.m4f.ti-arm-clang.release.lib : hwa.obj (.text.HWA_configRam)
                  00445520    000000b0     control.xwrL64xx.m4f.ti-arm-clang.release.lib : mmwave_fullcfg.obj (.text.MMWave_getChirpHandle)
                  004455d0    000000b0                                                   : mmwave.obj (.text.MMWave_init)
                  00445680    000000b0     tracker_utils.o (.text.MmwDemo_CLIStaticBoundaryBoxCfg)
                  00445730    000000b0     libclang_rt.builtins.a : udivmoddi4.S.obj (.text)
                  004457e0    000000ae     ti_dpl_config.o (.text.TimerP_init)
                  0044588e    00000002     --HOLE-- [fill = 0]
                  00445890    000000ac     mmw_cli.o (.text.CLI_readLine)
                  0044593c    000000ac     control.xwrL64xx.m4f.ti-arm-clang.release.lib : mmwave_fullcfg.obj (.text.MMWave_addProfile)
                  004459e8    000000ac     libsysbm.a : open.c.obj (.text.open)
                  00445a94    000000aa     alg_gtrack3d.xwrL64xx.m4f.ti-arm-clang.release.lib : gtrack_math.obj (.text.gtrack_matrixCovFilter)
                  00445b3e    000000a8     freertos.xwrL64xx.m4f.ti-arm-clang.release.lib : tasks.obj (.text.xTaskPriorityInherit)
                  00445be6    00000002     --HOLE-- [fill = 0]
                  00445be8    000000a6     control.xwrL64xx.m4f.ti-arm-clang.release.lib : mmwave_link_common.obj (.text.MMWave_deinitLink)
                  00445c8e    00000002     --HOLE-- [fill = 0]
                  00445c90    000000a6     mmw_cli.o (.text.MmwDemo_CLISensorWarmReset)
                  00445d36    000000a6     motion_detect.o (.text.MmwDemo_startSensor)
                  00445ddc    000000a6     interrupts.o (.text.mmwDemoFrameStartISR)
                  00445e82    000000a6     freertos.xwrL64xx.m4f.ti-arm-clang.release.lib : tasks.obj (.text.xTaskRemoveFromEventList)
                  00445f28    000000a4     drivers.xwrL64xx.m4f.ti-arm-clang.release.lib : power_xwrLx4xx.obj (.text.Power_init)
                  00445fcc    000000a4                                                   : soc_rcm.obj (.text.SOC_rcmStartInitSharedRam)
                  00446070    000000a4     freertos.xwrL64xx.m4f.ti-arm-clang.release.lib : printf.obj (.text._ntoa_long_long)
                  00446114    000000a4                                                    : printf.obj (.text._out_rev)
                  004461b8    000000a4     board.xwrL64xx.m4f.ti-arm-clang.release.lib : ina.obj (.text.currentRead228)
                  0044625c    000000a4     alg_gtrack3d.xwrL64xx.m4f.ti-arm-clang.release.lib : gtrack_utilities_3d.obj (.text.gtrack_calcMeasurementLimits)
                  00446300    000000a4                                                        : gtrack_utilities_3d.obj (.text.gtrack_cart2sph)
                  004463a4    000000a2     datapath_tracker3d.xwrL64xx.m4f.ti-arm-clang.release.lib : rangeprochwa.obj (.text.DPU_RangeProcHWA_init)
                  00446446    000000a2     control.xwrL64xx.m4f.ti-arm-clang.release.lib : mmwave_fullcfg.obj (.text.MMWave_getChirpCfg)
                  004464e8    000000a2     drivers.xwrL64xx.m4f.ti-arm-clang.release.lib : uart_sci.obj (.text.UART_flushTxFifo)
                  0044658a    000000a0     mmw_cli.o (.text.CLI_MMWaveMajorMotionStateCfg)
                  0044662a    000000a0     mmw_cli.o (.text.CLI_MMWaveMinorMotionStateCfg)
                  004466ca    000000a0     drivers.xwrL64xx.m4f.ti-arm-clang.release.lib : i2c_v0.obj (.text.I2C_close)
                  0044676a    000000a0     tracker_utils.o (.text.MmwDemo_CLIAllocationParamCfg)
                  0044680a    00000002     --HOLE-- [fill = 0]
                  0044680c    000000a0     alg_gtrack3d.xwrL64xx.m4f.ti-arm-clang.release.lib : gtrack_utilities_3d.obj (.text.gtrack_calcDistance)
                  004468ac    000000a0     freertos.xwrL64xx.m4f.ti-arm-clang.release.lib : tasks.obj (.text.prvAddCurrentTaskToDelayedList)
                  0044694c    000000a0                                                    : timers.obj (.text.prvSampleTimeNow)
                  004469ec    0000009e     datapath_tracker3d.xwrL64xx.m4f.ti-arm-clang.release.lib : rangeprochwa.obj (.text.DPU_RangeProcHWA_control)
                  00446a8a    0000009e     drivers.xwrL64xx.m4f.ti-arm-clang.release.lib : mcspi_v0.obj (.text.MCSPI_setFifoConfig)
                  00446b28    0000009e     alg_gtrack3d.xwrL64xx.m4f.ti-arm-clang.release.lib : gtrack_math.obj (.text.gtrack_matrixMakeSymmetrical)
                  00446bc6    00000002     --HOLE-- [fill = 0]
                  00446bc8    0000009c     control.xwrL64xx.m4f.ti-arm-clang.release.lib : mmwave_fullcfg.obj (.text.MMWave_delProfile)
                  00446c64    0000009c     libc.a : s_floorf.c.obj (.text.floorf)
                  00446d00    00000098     datapath_tracker3d.xwrL64xx.m4f.ti-arm-clang.release.lib : cfarprochwa.obj (.text.CFAR_DET_HWA_ConfigRangeView)
                  00446d98    00000098                                                              : aoasvcproc.obj (.text.DPU_AoasvcProc_init)
                  00446e30    00000098     control.xwrL64xx.m4f.ti-arm-clang.release.lib : mmwave.obj (.text.MMWave_factoryCalibConfig)
                  00446ec8    00000098     libc.a : _bufread.c.obj (.text.__TI_buff_read)
                  00446f60    00000098     dpc.o (.text.mmwDemo_aoasvcProcConfig)
                  00446ff8    00000098     dpc.o (.text.mmwDemo_rangeProcConfig)
                  00447090    00000098     dpc.o (.text.mmwDemo_uDopProcConfig)
                  00447128    00000098     libc.a : s_tanf.c.obj (.text.tanf)
                  004471c0    00000096     motion_detect.o (.text.MmwDemo_stopSensor)
                  00447256    00000096     freertos.xwrL64xx.m4f.ti-arm-clang.release.lib : tasks.obj (.text.vTaskStartScheduler)
                  004472ec    00000004     libc.a : fseek.c.obj (.text.fseek)
                  004472f0    00000096     drivers.xwrL64xx.m4f.ti-arm-clang.release.lib : power_xwrLx4xx_asm.obj (.text)
                  00447386    00000094     mmw_cli.o (.text.CLI_MMWaveSensorPositionCfg)
                  0044741a    00000002     --HOLE-- [fill = 0]
                  0044741c    00000094     datapath_tracker3d.xwrL64xx.m4f.ti-arm-clang.release.lib : doaproc.obj (.text.DPU_DoaProc_init)
                  004474b0    00000094     control.xwrL64xx.m4f.ti-arm-clang.release.lib : mmwave_link_common.obj (.text.MMWave_LinkInitCommon)
                  00447544    00000094     drivers.xwrL64xx.m4f.ti-arm-clang.release.lib : uart_sci.obj (.text.UART_init)
                  004475d8    00000094     freertos.xwrL64xx.m4f.ti-arm-clang.release.lib : printf.obj (.text._ntoa_long)
                  0044766c    00000094     alg_gtrack3d.xwrL64xx.m4f.ti-arm-clang.release.lib : gtrack_utilities_3d.obj (.text.gtrack_calcMeasurementSpread)
                  00447700    00000094     libc.a : s_sinf.c.obj (.text.sinf)
                  00447794    00000094            : e_sqrtf.c.obj (.text.sqrtf)
                  00447828    00000092     monitors.o (.text.mmwDemo_LiveMonConfig)
                  004478ba    00000002     --HOLE-- [fill = 0]
                  004478bc    00000092     power_management.o (.text.power_idle3resumehook)
                  0044794e    00000090     datapath_tracker3d.xwrL64xx.m4f.ti-arm-clang.release.lib : dpedmahwa.obj (.text.DPEDMAHWA_configOneHotSignature)
                  004479de    00000090     drivers.xwrL64xx.m4f.ti-arm-clang.release.lib : edma.obj (.text.EDMADisableTransferRegion)
                  00447a6e    00000090                                                   : edma.obj (.text.EDMAEnableTransferRegion)
                  00447afe    00000002     --HOLE-- [fill = 0]
                  00447b00    00000090     alg_featExtract.xwrL64xx.m4f.ti-arm-clang.release.lib : featExtract_math.obj (.text.featExtract_circularRotateVector)
                  00447b90    00000090     alg_gtrack3d.xwrL64xx.m4f.ti-arm-clang.release.lib : gtrack_math.obj (.text.gtrack_sincosd)
                  00447c20    0000008e     mmw_cli.o (.text.CLI_MMWaveChannelCfg)
                  00447cae    0000008e     tracker_utils.o (.text.MmwDemo_CLIGatingParamCfg)
                  00447d3c    0000008e     freertos.xwrL64xx.m4f.ti-arm-clang.release.lib : tasks.obj (.text.prvInitialiseNewTask)
                  00447dca    00000002     --HOLE-- [fill = 0]
                  00447dcc    0000008e     drivers.xwrL64xx.m4f.ti-arm-clang.release.lib : power_xwrLx4xx.obj (.text.restoreNVICRegs)
                  00447e5a    0000008e     freertos.xwrL64xx.m4f.ti-arm-clang.release.lib : HeapP_internal.obj (.text.vHeapFree)
                  00447ee8    0000008c     datapath_tracker3d.xwrL64xx.m4f.ti-arm-clang.release.lib : cfarprochwa.obj (.text.CFARHWA_convHwaCfarDetListToDetMask)
                  00447f74    0000008c     alg_gtrack3d.xwrL64xx.m4f.ti-arm-clang.release.lib : gtrack_math.obj (.text.gtrack_matrixMultiply)
                  00448000    0000008a     datapath_tracker3d.xwrL64xx.m4f.ti-arm-clang.release.lib : cfarprochwa.obj (.text.CFAR_DET_HWA_saveConfiguration)
                  0044808a    0000008a     power_management.o (.text.power_Idleresumehook)
                  00448114    00000088     datapath_tracker3d.xwrL64xx.m4f.ti-arm-clang.release.lib : udopproc.obj (.text.DPU_uDopProc_init)
                  0044819c    00000088     libc.a : fputc.c.obj (.text.fputc)
                  00448224    00000088     motion_detect.o (.text.mmwDemo_mmWaveInit)
                  004482ac    00000086     datapath_tracker3d.xwrL64xx.m4f.ti-arm-clang.release.lib : cfarprochwa.obj (.text.CFAR_DET_HWA_triggerCFAR)
                  00448332    00000086     ti_drivers_open_close.o (.text.Drivers_mcspiOpen)
                  004483b8    00000086     drivers.xwrL64xx.m4f.ti-arm-clang.release.lib : uart_sci_edma.obj (.text.UART_txEdmaIsrFxn)
                  0044843e    00000086     alg_gtrack3d.xwrL64xx.m4f.ti-arm-clang.release.lib : gtrack_utilities_3d.obj (.text.gtrack_computeMahalanobisPartial)
                  004484c4    00000086     drivers.xwrL64xx.m4f.ti-arm-clang.release.lib : power_xwrLx4xx.obj (.text.saveNVICRegs)
                  0044854a    00000084     alg_gtrack3d.xwrL64xx.m4f.ti-arm-clang.release.lib : gtrack_utilities_3d.obj (.text.gtrack_isPointBehindTarget)
                  004485ce    00000084     board.xwrL64xx.m4f.ti-arm-clang.release.lib : ina.obj (.text.i2cReadAddress)
                  00448652    00000084     freertos.xwrL64xx.m4f.ti-arm-clang.release.lib : queue.obj (.text.xQueueReceiveFromISR)
                  004486d6    00000002     --HOLE-- [fill = 0]
                  004486d8    00000082     drivers.xwrL64xx.m4f.ti-arm-clang.release.lib : mcspi_v0.obj (.text.MCSPI_init)
                  0044875a    00000002     --HOLE-- [fill = 0]
                  0044875c    00000082                                                   : qspi.obj (.text.QSPI_init)
                  004487de    00000082     freertos.xwrL64xx.m4f.ti-arm-clang.release.lib : tasks.obj (.text.vTaskSwitchContext)
                  00448860    00000080     ti_drivers_open_close.o (.text.Drivers_close)
                  004488e0    00000080     drivers.xwrL64xx.m4f.ti-arm-clang.release.lib : uart_sci_edma.obj (.text.UART_rxEdmaIsrFxn)
                  00448960    00000080     motion_detect.o (.text.mmwDemo_freeDmaChannels)
                  004489e0    0000007e     alg_gtrack3d.xwrL64xx.m4f.ti-arm-clang.release.lib : gtrack_module.obj (.text.gtrack_moduleUpdate)
                  00448a5e    0000007e     libc.a : s_roundf.c.obj (.text.roundf)
                  00448adc    0000007c     mmw_cli.o (.text.CLI_MMWaveAdcDataSourceCfg)
                  00448b58    0000007c     board.xwrL64xx.m4f.ti-arm-clang.release.lib : flash_nor_qspi.obj (.text.Flash_norQspiWaitReady)
                  00448bd4    0000007c     drivers.xwrL64xx.m4f.ti-arm-clang.release.lib : mcspi_v0.obj (.text.MCSPI_initiateLastChunkTransfer)
                  00448c50    0000007a     datapath_tracker3d.xwrL64xx.m4f.ti-arm-clang.release.lib : cfarprochwa.obj (.text.DPU_CFARProcHWA_init)
                  00448cca    0000007a     freertos.xwrL64xx.m4f.ti-arm-clang.release.lib : timers.obj (.text.prvCheckForValidListAndQueue)
                  00448d44    0000007a                                                    : queue.obj (.text.prvCopyDataToQueue)
                  00448dbe    00000078     datapath_tracker3d.xwrL64xx.m4f.ti-arm-clang.release.lib : dpedma.obj (.text.DPEDMA_setup_shadow_link)
                  00448e36    00000002     --HOLE-- [fill = 0]
                  00448e38    00000078     drivers.xwrL64xx.m4f.ti-arm-clang.release.lib : hwa.obj (.text.HWA_paramDoneISR)
                  00448eb0    00000078     libc.a : sscanf.c.obj (.text._chkmbc)
                  00448f28    00000078     alg_gtrack3d.xwrL64xx.m4f.ti-arm-clang.release.lib : gtrack_math.obj (.text.gtrack_matrixTransposeMultiply)
                  00448fa0    00000078     power_management.o (.text.power_idle3entryhook)
                  00449018    00000078     alg_classifier.xwrL64xx.m4f.ti-arm-clang.release.lib : classifier_layers.obj (.text.softmax_func_approx)
                  00449090    00000078     freertos.xwrL64xx.m4f.ti-arm-clang.release.lib : tasks.obj (.text.vTaskPriorityDisinheritAfterTimeout)
                  00449108    00000076     mmw_cli.o (.text.CLI_MMWaveExtensionHandler)
                  0044917e    00000002     --HOLE-- [fill = 0]
                  00449180    00000076     drivers.xwrL64xx.m4f.ti-arm-clang.release.lib : hwa.obj (.text.HWA_getDMAChanIndex)
                  004491f6    00000076     control.xwrL64xx.m4f.ti-arm-clang.release.lib : mmwave_fullcfg.obj (.text.MMWave_getProfileCfg)
                  0044926c    00000076                                                   : mmwave_fullcfg.obj (.text.MMWave_getProfileHandle)
                  004492e2    00000076                                                   : mmwave.obj (.text.MMWave_open)
                  00449358    00000076     freertos.xwrL64xx.m4f.ti-arm-clang.release.lib : DebugP_freertos.obj (.text._DebugP_logZone)
                  004493ce    00000076     board.xwrL64xx.m4f.ti-arm-clang.release.lib : ina.obj (.text.i2cWriteAddress)
                  00449444    00000074     ti_drivers_open_close.o (.text.Drivers_edmaOpen)
                  004494b8    00000074     drivers.xwrL64xx.m4f.ti-arm-clang.release.lib : hwa.obj (.text.HWA_disableParamSetInterrupt)
                  0044952c    00000074     libc.a : fclose.c.obj (.text.__TI_closefile)
                  004495a0    00000074     alg_gtrack3d.xwrL64xx.m4f.ti-arm-clang.release.lib : gtrack_listlib.obj (.text.gtrack_listRemoveElement)
                  00449614    00000074                                                        : gtrack_math.obj (.text.gtrack_matrixCovNormalize)
                  00449688    00000074     mmwavelink_m4.lib : rl_device.o (.text.rl_fecssDevPwrOn)
                  004496fc    00000072     mmw_cli.o (.text.CLI_MMWaveAoaCfg)
                  0044976e    00000072     drivers.xwrL64xx.m4f.ti-arm-clang.release.lib : edma.obj (.text.EDMA_close)
                  004497e0    00000072                                                   : mcspi_v0.obj (.text.MCSPI_stop)
                  00449852    00000072     control.xwrL64xx.m4f.ti-arm-clang.release.lib : mmwave.obj (.text.MMWave_getTemperatureReport)
                  004498c4    00000072     drivers.xwrL64xx.m4f.ti-arm-clang.release.lib : power_xwrLx4xx.obj (.text.Power_configureWakeup)
                  00449936    00000002     --HOLE-- [fill = 0]
                  00449938    00000072     alg_gtrack3d.xwrL64xx.m4f.ti-arm-clang.release.lib : gtrack_math.obj (.text.gtrack_matrixCovAcc)
                  004499aa    00000002     --HOLE-- [fill = 0]
                  004499ac    00000072     freertos.xwrL64xx.m4f.ti-arm-clang.release.lib : queue.obj (.text.prvUnlockQueue)
                  00449a1e    00000072                                                    : tasks.obj (.text.xTaskPriorityDisinherit)
                  00449a90    00000070     drivers.xwrL64xx.m4f.ti-arm-clang.release.lib : edma.obj (.text.EDMAConfigureChannelRegion)
                  00449b00    00000070     freertos.xwrL64xx.m4f.ti-arm-clang.release.lib : SemaphoreP_freertos.obj (.text.SemaphoreP_constructBinary)
                  00449b70    0000006e     datapath_tracker3d.xwrL64xx.m4f.ti-arm-clang.release.lib : dpedma.obj (.text.DPEDMA_startTransfer)
                  00449bde    0000006e     drivers.xwrL64xx.m4f.ti-arm-clang.release.lib : hwa.obj (.text.HWA_getDMAconfig)
                  00449c4c    0000006e     tracker_utils.o (.text.MmwDemoCLIMaxAccelerationParamCfg)
                  00449cba    0000006e     mmw_cli.o (.text.MmwDemo_CLIMeasureRangeBiasAndRxChanPhaseCfg)
                  00449d28    0000006e     libclang_rt.builtins.a : comparedf2.c.obj (.text.__gedf2)
                  00449d96    00000002     --HOLE-- [fill = 0]
                  00449d98    0000006e                            : comparedf2.c.obj (.text.__ledf2)
                  00449e06    00000002     --HOLE-- [fill = 0]
                  00449e08    0000006e                            : truncdfsf2.S.obj (.text.__truncdfsf2)
                  00449e76    0000006c     tracker_utils.o (.text.MmwDemo_CLIStateParamCfg)
                  00449ee2    0000006c     mmwave_control_config.o (.text.Mmwave_populateDefaultOpenCfg)
                  00449f4e    0000006c     drivers.xwrL64xx.m4f.ti-arm-clang.release.lib : qspi_edma.obj (.text.QSPI_edmaChannelFree)
                  00449fba    0000006c     libc.a : _printfi.c.obj (.text._mcpy)
                  0044a026    00000002     --HOLE-- [fill = 0]
                  0044a028    0000006c     alg_gtrack3d.xwrL64xx.m4f.ti-arm-clang.release.lib : gtrack_utilities_3d.obj (.text.gtrack_sph2cart)
                  0044a094    0000006c                                                        : gtrack_unit_report.obj (.text.gtrack_unitReport)
                  0044a100    0000006c     libc.a : memory.c.obj (.text.split)
                  0044a16c    0000006c     freertos.xwrL64xx.m4f.ti-arm-clang.release.lib : port.obj (.text.xPortStartScheduler)
                  0044a1d8    0000006a                                                    : AddrTranslateP.obj (.text.AddrTranslateP_getLocalAddr)
                  0044a242    0000006a                                                    : queue.obj (.text.xQueueGenericReset)
                  0044a2ac    0000006a                                                    : queue.obj (.text.xQueueGenericSendFromISR)
                  0044a316    00000068     ti_board_open_close.o (.text.Board_flashOpen)
                  0044a37e    00000002     --HOLE-- [fill = 0]
                  0044a380    00000068     mmw_demo_utils.o (.text.MmwDemo_FillTrackerSensorPositionCfg)
                  0044a3e8    00000068     drivers.xwrL64xx.m4f.ti-arm-clang.release.lib : uart_sci.obj (.text.UART_readCancelNoCB)
                  0044a450    00000068                                                   : uart_sci.obj (.text.UART_writeCancelNoCB)
                  0044a4b8    00000068     alg_classifier.xwrL64xx.m4f.ti-arm-clang.release.lib : classifier_layers.obj (.text.dense_op)
                  0044a520    00000068     datapath_tracker3d.xwrL64xx.m4f.ti-arm-clang.release.lib : dbscan.obj (.text.findNeighbours)
                  0044a588    00000068     libc.a : s_frexp.c.obj (.text.frexp)
                  0044a5f0    00000068            : fseek.c.obj (.text.fseeko)
                  0044a658    00000068            : getdevice.c.obj (.text.getdevice)
                  0044a6c0    00000068     alg_gtrack3d.xwrL64xx.m4f.ti-arm-clang.release.lib : gtrack_utilities_3d.obj (.text.gtrack_isPointInsideBox)
                  0044a728    00000066     freertos.xwrL64xx.m4f.ti-arm-clang.release.lib : SemaphoreP_freertos.obj (.text.SemaphoreP_pend)
                  0044a78e    00000066                                                    : SemaphoreP_freertos.obj (.text.SemaphoreP_post)
                  0044a7f4    00000066     dpc.o (.text.mpdProc_dpuInit)
                  0044a85a    00000064     drivers.xwrL64xx.m4f.ti-arm-clang.release.lib : edma.obj (.text.EDMAFreeChannelRegion)
                  0044a8be    00000002     --HOLE-- [fill = 0]
                  0044a8c0    00000064     libsysbm.a : hostrename.c.obj (.text.HOSTrename)
                  0044a924    00000064     drivers.xwrL64xx.m4f.ti-arm-clang.release.lib : hwa.obj (.text.HWA_enable)
                  0044a988    00000064                                                   : hwa.obj (.text.HWA_getDriverAccess)
                  0044a9ec    00000064                                                   : soc_rcm.obj (.text.SOC_rcmWaitMemInitSharedRam)
                  0044aa50    00000064     freertos.xwrL64xx.m4f.ti-arm-clang.release.lib : port.obj (.text.xPortPendSVHandler)
                  0044aab4    00000064                                                    : timers.obj (.text.xTimerCreateTimerTask)
                  0044ab18    00000062     datapath_tracker3d.xwrL64xx.m4f.ti-arm-clang.release.lib : rangeprochwa.obj (.text.DPU_RangeProcHWA_process)
                  0044ab7a    00000002     --HOLE-- [fill = 0]
                  0044ab7c    00000062     libclang_rt.builtins.a : aeabi_dcmp.S.obj (.text.__aeabi_dcmp)
                  0044abde    00000062     dpc.o (.text.aoasvcProc_dpuInit)
                  0044ac40    00000062     dpc.o (.text.cfarProc_dpuInit)
                  0044aca2    00000062     dpc.o (.text.doaProc_dpuInit)
                  0044ad04    00000062     alg_gtrack3d.xwrL64xx.m4f.ti-arm-clang.release.lib : gtrack_module.obj (.text.gtrack_modulePredict)
                  0044ad66    00000062     dpc.o (.text.rangeProc_dpuInit)
                  0044adc8    00000062     dpc.o (.text.udopProc_dpuInit)
                  0044ae2a    00000060     mmw_cli.o (.text.CLI_MMWaveSensorStop)
                  0044ae8a    00000060     board.xwrL64xx.m4f.ti-arm-clang.release.lib : flash.obj (.text.Flash_offsetToBlkPage)
                  0044aeea    00000060     libc.a : _io_perm.c.obj (.text.__TI_wrt_ok)
                  0044af4a    00000002     --HOLE-- [fill = 0]
                  0044af4c    00000060     libsysbm.a : close.c.obj (.text.close)
                  0044afac    00000060     alg_classifier.xwrL64xx.m4f.ti-arm-clang.release.lib : classifier_layers.obj (.text.gav1d)
                  0044b00c    00000060     libc.a : printf.c.obj (.text.printf)
                  0044b06c    0000005e     drivers.xwrL64xx.m4f.ti-arm-clang.release.lib : hwa.obj (.text.HWA_readCFARPeakCountReg)
                  0044b0ca    0000005e     control.xwrL64xx.m4f.ti-arm-clang.release.lib : mmwave_fullcfg.obj (.text.MMWave_getNumChirps)
                  0044b128    0000005e     freertos.xwrL64xx.m4f.ti-arm-clang.release.lib : DebugP_log.obj (.text._DebugP_assert)
                  0044b186    0000005e     alg_gtrack3d.xwrL64xx.m4f.ti-arm-clang.release.lib : gtrack_utilities.obj (.text.gtrack_unrollRadialVelocity)
                  0044b1e4    0000005e     dpc.o (.text.mmwDemo_cfarProcConfig)
                  0044b242    0000005e     dpc.o (.text.mmwDemo_mpdProcConfig)
                  0044b2a0    0000005c     control.xwrL64xx.m4f.ti-arm-clang.release.lib : mmwave_fullcfg.obj (.text.MMWave_getNumProfiles)
                  0044b2fc    0000005c     libclang_rt.builtins.a : fixunsdfdi.S.obj (.text.__fixunsdfdi)
                  0044b358    0000005c     freertos.xwrL64xx.m4f.ti-arm-clang.release.lib : tasks.obj (.text.xTaskCheckForTimeOut)
                  0044b3b4    0000005a     main.o (.text.main)
                  0044b40e    0000005a     dpc.o (.text.mmwDemo_trackerConfig)
                  0044b468    00000058     libsysbm.a : hostlseek.c.obj (.text.HOSTlseek)
                  0044b4c0    00000058                : hostopen.c.obj (.text.HOSTopen)
                  0044b518    00000058     drivers.xwrL64xx.m4f.ti-arm-clang.release.lib : hwa.obj (.text.HWA_getHWAMemInfo)
                  0044b570    00000058     freertos.xwrL64xx.m4f.ti-arm-clang.release.lib : SemaphoreP_freertos.obj (.text.SemaphoreP_constructCounting)
                  0044b5c8    00000058                                                    : queue.obj (.text.xQueueGiveFromISR)
                  0044b620    00000056     drivers.xwrL64xx.m4f.ti-arm-clang.release.lib : i2c_v0.obj (.text.I2C_completeCurrTransfer)
                  0044b676    00000056     libc.a : _ltoa.c.obj (.text.__TI_ltoa)
                  0044b6cc    00000056     mmw_flash_cal.o (.text.mmwDemo_flashWrite)
                  0044b722    00000054     mmw_cli.o (.text.CLI_MMWaveClusterParamCfg)
                  0044b776    00000002     --HOLE-- [fill = 0]
                  0044b778    00000054     libsysbm.a : hostread.c.obj (.text.HOSTread)
                  0044b7cc    00000054                : hostwrite.c.obj (.text.HOSTwrite)
                  0044b820    00000054     drivers.xwrL64xx.m4f.ti-arm-clang.release.lib : qspi.obj (.text.QSPI_close)
                  0044b874    00000054     libc.a : _printfi.c.obj (.text._pconv_f)
                  0044b8c8    00000054     alg_featExtract.xwrL64xx.m4f.ti-arm-clang.release.lib : featExtract_utilities.obj (.text.featExtract_specShiftAroundFreq)
                  0044b91c    00000054     dpc.o (.text.trackerProc_dpuInit)
                  0044b970    00000052     mmw_cli.o (.text.CLI_MMWaveRangeSelCfg)
                  0044b9c2    00000002     --HOLE-- [fill = 0]
                  0044b9c4    00000052     alg_gtrack3d.xwrL64xx.m4f.ti-arm-clang.release.lib : gtrack_module.obj (.text.gtrack_moduleReport)
                  0044ba16    00000002     --HOLE-- [fill = 0]
                  0044ba18    00000052     freertos.xwrL64xx.m4f.ti-arm-clang.release.lib : HeapP_internal.obj (.text.vHeapGetHeapStats)
                  0044ba6a    00000052                                                    : timers.obj (.text.xTimerGenericCommand)
                  0044babc    00000050     drivers.xwrL64xx.m4f.ti-arm-clang.release.lib : hwa.obj (.text.HWA_reset)
                  0044bb0c    00000050     control.xwrL64xx.m4f.ti-arm-clang.release.lib : mmwave.obj (.text.MMWave_start)
                  0044bb5c    00000050     drivers.xwrL64xx.m4f.ti-arm-clang.release.lib : soc.obj (.text.SOC_virtToPhy)
                  0044bbac    00000050     freertos.xwrL64xx.m4f.ti-arm-clang.release.lib : SemaphoreP_freertos.obj (.text.SemaphoreP_constructMutex)
                  0044bbfc    00000050     libc.a : fflush.c.obj (.text.__TI_doflush)
                  0044bc4c    00000050     datapath_tracker3d.xwrL64xx.m4f.ti-arm-clang.release.lib : doaproc.obj (.text.doaProc_setInputEdma)
                  0044bc9c    0000004e                                                              : doaproc.obj (.text.DPU_DoaProc_process)
                  0044bcea    0000004e     ti_drivers_open_close.o (.text.Drivers_uartOpen)
                  0044bd38    0000004e     motion_detect.o (.text.MmwDemo_openSensor)
                  0044bd86    0000004e     ti_drivers_config.o (.text.System_init)
                  0044bdd4    0000004e     libc.a : _printfi.c.obj (.text._ecpy)
                  0044be22    0000004c     mmw_cli.o (.text.CLI_write)
                  0044be6e    00000002     --HOLE-- [fill = 0]
                  0044be70    0000004c     freertos.xwrL64xx.m4f.ti-arm-clang.release.lib : ClockP_freertos.obj (.text.ClockP_getTimeUsec)
                  0044bebc    0000004c     ti_drivers_open_close.o (.text.Drivers_i2cOpen)
                  0044bf08    0000004c     ti_drivers_open_close.o (.text.Drivers_qspiOpen)
                  0044bf54    0000004c     mmw_cli.o (.text.MmwDemo_CLIClassifierParamCfg)
                  0044bfa0    0000004c     motion_detect.o (.text.MmwDemo_configSensor)
                  0044bfec    0000004c     alg_featExtract.xwrL64xx.m4f.ti-arm-clang.release.lib : featExtract_math.obj (.text.featExtract_vectorEntropy)
                  0044c038    0000004a     mmw_cli.o (.text.CLI_MMWaveprofileSwitchCfg)
                  0044c082    0000004a     drivers.xwrL64xx.m4f.ti-arm-clang.release.lib : edma.obj (.text.EDMADisableChInShadowRegRegion)
                  0044c0cc    0000004a     control.xwrL64xx.m4f.ti-arm-clang.release.lib : mmwave.obj (.text.MMWave_deinit)
                  0044c116    00000002     --HOLE-- [fill = 0]
                  0044c118    0000004a     drivers.xwrL64xx.m4f.ti-arm-clang.release.lib : prcm.obj (.text.PRCMLPDSEnter)
                  0044c162    0000004a                                                   : prcm.obj (.text.PRCMSetSRAMRetention)
                  0044c1ac    0000004a                                                   : prcm.obj (.text.PRCMSleepEnter)
                  0044c1f6    0000004a     libc.a : _io_perm.c.obj (.text.__TI_rd_ok)
                  0044c240    0000004a     alg_gtrack3d.xwrL64xx.m4f.ti-arm-clang.release.lib : gtrack_module.obj (.text.gtrack_moduleAssociate)
                  0044c28a    00000048     datapath_tracker3d.xwrL64xx.m4f.ti-arm-clang.release.lib : cfarprochwa.obj (.text.CFAR_DET_HWA_prepareHwaRunTime)
[...]
0044d991  vQueueDelete                                   
0044d9c5  DPC_ObjDet_MemPoolAlloc                        
0044d9f7  DPEDMA_setCcnt                                 
0044da29  EDMA_getHandle                                 
0044da5b  MMWave_close                                   
0044da8d  MMWave_stopLink                                
0044dac1  Module_clockEnable                             
0044daf3  Power_getThresholds                            
0044db57  xQueueCreateMutexStatic                        
0044db89  Drivers_edmaClose                              
0044dbb9  HWA_disableDoneInterrupt                       
0044dbe9  SOC_rcmWaitMemInitTpcc                         
0044dc19  __TI_readmsg                                   
0044dc49  __aeabi_dcmpun                                 
0044dc49  __unorddf2                                     
0044dca9  exit                                           
0044dcd9  featExtract_linearInterpolate                  
0044dd09  fopen                                          
0044dd39  gtrack_matrixAdd                               
0044dd69  gtrack_matrixSub                               
0044ddc9  sscanf                                         
0044de55  ClockP_timerTickIsr                            
0044de83  DPEDMA_linkParamSets                           
0044deb1  EDMAEnableChInShadowRegRegion                  
0044dedf  QSPI_getHandle                                 
0044df0d  __aeabi_i2d                                    
0044df0d  __floatsidf                                    
0044df3d  featExtract_cumulativeWeightedSum              
0044df6b  DPU_MpdProc_config                             
0044dfc5  SOC_rcmSetM4ClockSrc                           
0044dff1  __aeabi_ul2d                                   
0044dff1  __floatundidf                                  
0044e01d  fclose                                         
0044e049  finddevice                                     
0044e075  lseek                                          
0044e0a1  read                                           
0044e0cd  rl_mmWaveLinkDeInit                            
0044e0f9  unlink                                         
0044e125  write                                          
0044e151  MCSPI_dmaTransfer                              
0044e17b  gtrack_alloc                                   
0044e1a5  mmwDemo_flashInit                              
0044e1cf  vPortSuppressTicksAndSleep                     
0044e1f9  vTaskPlaceOnEventListRestricted                
0044e223  xQueueGiveMutexRecursive                       
0044e24d  featExtract_delete                             
0044e29d  pxPortInitialiseStack                          
0044e2c5  vQueueAddToRegistry                            
0044e2ed  xQueueTakeMutexRecursive                       
0044e315  ClockP_sleep                                   
0044e33b  Drivers_open                                   
0044e387  MMWave_listAdd                                 
0044e3ad  MMWave_osalSemCreate                           
0044e3d3  gtrack_free                                    
0044e3f9  DPEDMA_setDestinationAddress                   
0044e41d  DPEDMA_setSourceAddress                        
0044e441  EDMALinkChannel                                
0044e465  EDMAReadIntrStatusRegion                       
0044e489  MMWave_osalMutexCreate                         
0044e4ad  SOC_rcmStartMemInitTpcc                        
0044e4d1  aoasvcProc_setOutputEdmaCcnt                   
0044e4f5  puts                                           
0044e519  uxListRemove                                   
0044e53d  gtrack_listGetFirst                            
0044e541  vPortSVCHandler                                
0044e565  vprintf_                                       
0044e589  xQueueCreateCountingSemaphoreStatic            
0044e5ad  xQueueGenericCreateStatic                      
0044e5d1  xTaskGetSchedulerState                         
0044e5f5  Dpl_init                                       
0044e617  GPIO_setDirMode                                
0044e639  SOC_controlModuleUnlockMMR                     
0044e65b  gtrack_listEnqueue                             
0044e69f  strspn                                         
0044e6c1  DebugP_logZoneEnable                           
0044e6e1  PRCMPeripheralClkEnable                        
0044e701  PRCMSetPSCONDFTRTAOverride                     
0044e721  __aeabi_ui2d                                   
0044e721  __floatunsidf                                  
0044e741  featExtract_vectorSum                          
0044e761  gtrack_listDequeue                             
0044e781  mmwDemo_dpcTask                                
0044e7c1  strcspn                                        
0044e7e1  vPortEnterCritical                             
0044e801  vTaskPlaceOnEventList                          
0044e821  EDMAClrIntrRegion                              
0044e83f  Flash_read                                     
0044e85d  Flash_write                                    
0044e87b  MMWaveMon_TxnSynthFreqCfg                      
0044e899  SOC_memoryInit                                 
0044e8b7  TimerP_Params_init                             
0044e8d5  TimerP_isr0                                    
0044e8f5  _DebugP_assertNoLog                            
0044e915  gtrack_vectorScalarMulAcc                      
0044e933  memccpy                                        
0044e951  DPU_MpdProc_init                               
0044e96d  HeapP_alloc                                    
0044e989  I2C_Transaction_init                           
0044e9a5  MMWave_decodeError                             
0044e9c1  MMWave_listCat                                 
0044e9f9  Power_idleWicIsr                               
0044ea15  SOC_triggerWarmReset                           
0044ea4d  vApplicationGetIdleTaskMemory                  
0044ea69  vApplicationGetTimerTaskMemory                 
0044ea85  vListInsertEnd                                 
0044eaa1  HeapP_free                                     
0044eabb  HeapP_getHeapStats                             
0044ead5  SysTickTimerP_Params_init                      
0044eaef  UART_deinit                                    
0044eb09  gtrack_vectorAdd                               
0044eb25  gtrack_vectorSub                               
0044eb41  mmwreinitTask                                  
0044eb75  stack_init                                     
0044eb8f  vPortExitCritical                              
0044eba9  vPortFree                                      
0044ebc3  vTaskInternalSetTimeOutState                   
0044ebdd  Board_driversClose                             
0044ebf5  DPU_TrackerProc_init                           
0044ec0d  Drivers_uartClose                              
0044ec25  EDMADmaGetPaRAMEntry                           
0044ec55  MMWave_listRemove                              
0044ec6d  PRCMLPDSWakeUpGPIOSelect                       
0044ec85  PRCMLPDSWakeUpSYNCIOSelect                     
0044ec9d  QSPI_readCmdParams_init                        
0044ecb5  QSPI_writeCmdParams_init                       
0044eccd  TaskP_yield                                    
0044ed15  pvTaskIncrementMutexHeldCount                  
0044ed2d  EDMADmaSetPaRAMEntry                           
0044ed43  HwiP_inISR                                     
0044ed59  MMWaveMon_RxSatLiveCfg                         
0044ed6f  MMWave_encodeError                             
0044ed85  Power_idleFunc                                 
0044ed9b  QSPI_transaction_init                          
0044edb1  SOC_getEfusePgVersion                          
0044edc7  SOC_isDeviceAOP                                
0044eddd  SOC_rcmReadSynthTrimValid                      
0044edf5  featExtract_vectorScalarMul                    
0044ee0d  gtrack_matrixGetDiag                           
0044ee25  gtrack_matrixInit                              
0044ee3d  gtrack_vectorScalarMul                         
0044ee53  mathUtils_ceilLog2                             
0044ee69  vListInitialise                                
0044ee7f  CPUcpsie                                       
0044ee93  ClockP_usecToTicks                             
0044eea7  EDMA_getRegionId                               
0044eebb  GPIO_pinWriteHigh                              
0044eecf  GPIO_pinWriteLow                               
0044eef7  Power_disablePolicy                            
0044ef0b  SOC_controlModuleLockMMR                       
0044ef21  __aeabi_uldivmod                               
0044ef71  Flash_eraseBlk                                 
0044ef85  PRCMMCUInit                                    
0044ef97  SOC_clocksEnable                               
0044efa9  SysTickTimerP_start                            
0044efbb  SysTickTimerP_stop                             
0044efcd  classifier_free                                
0044efdf  classifier_malloc                              
0044eff1  featExtract_free                               
0044f003  featExtract_malloc                             
0044f015  freertos_main                                  
0044f029  mathUtils_pow2roundup                          
0044f04d  TI_memcpy_small                                
0044f05f  DPEDMA_local2Global                            
0044f0df  PRCMLPDSIntervalSet                            
0044f0ef  PRCMLPDSWakeUpSPISelect                        
0044f0ff  PRCMLPDSWakeUpUartRxSelect                     
0044f10f  PRCMLPDSWakeupSourceDisable                    
0044f11f  Power_enablePolicy                             
0044f12f  QSPI_setAddressByteCount                       
0044f13f  QSPI_setDummyBitCount                          
0044f14f  QSPI_setReadCmd                                
0044f15f  QSPI_setRxLines                                
0044f16f  QSPI_setWriteCmd                               
0044f17f  _MmwDemo_debugAssert                           
0044f18f  gtrack_unitGetC                                
0044f19f  gtrack_unitGetSpread                           
0044f1af  lroundf                                        
0044f1bf  vTaskStepTick                                  
0044f1cf  vTaskSuspendAll                                
0044f1df  wcslen                                         
0044f1ef  EDMACCPaRAMEntry_init                          
0044f1fd  Flash_close                                    
0044f25f  PRCMIsRdrStateIdle                             
0044f26d  PRCMLPDSWakeupSourceEnable                     
0044f27b  Pinmux_init                                    
0044f289  PowerClock_init                                
0044f2a5  SysTickTimerP_getCount                         
0044f2b3  SysTickTimerP_getReloadCount                   
0044f2c1  gtrack_unitGetMCenter                          
0044f2d1  gtrack_vectorInit                              
0044f309  vTaskMissedYield                               
0044f317  TI_memset_small                                
0044f421  PRCMSlowClkCtrGet                              
0044f42d  Power_getConstraintMask                        
0044f439  Power_getLowPowModeTaken                       
0044f445  Power_setLowPowModeTaken                       
0044f451  SOC_moduleClockEnable                          
0044f469  putchar                                        
0044f481  xTaskGetCurrentTaskHandle                      
0044f48d  xTaskGetTickCount                              
0044f4a3  Cycleprofiler_getTimeStamp                     
0044f4c1  MMWave_osalMutexDelete                         
0044f4cb  MMWave_osalMutexLock                           
0044f4d5  MMWave_osalMutexUnlock                         
0044f4df  MMWave_osalSemDelete                           
0044f4e9  MMWave_osalSemSignal                           
0044f4f3  MMWave_osalSemWait                             
0044f507  Mmwave_populateDefaultCalibrationCfg           
0044f543  TimerP_start                                   
0044f54d  TimerP_stop                                    
0044f559  __aeabi_memset                                 
0044f559  __aeabi_memset4                                
0044f559  __aeabi_memset8                                
0044f58b  gtrack_listInit                                
0044f595  mathUtils_floorLog2                            
0044f59f  EDMA_allocDmaChannel                           
0044f5a7  EDMA_allocParam                                
0044f5af  EDMA_allocTcc                                  
0044f5b7  EDMA_freeDmaChannel                            
0044f5bf  EDMA_freeParam                                 
0044f5c7  EDMA_freeTcc                                   
0044f67f  TimerP_clearOverflowInt                        
0044f689  __aeabi_errno_addr                             
0044f691  __aeabi_memclr                                 
0044f691  __aeabi_memclr4                                
0044f691  __aeabi_memclr8                                
0044f6a1  gtrack_unitDelete                              
0044f6a9  malloc                                         
0044f6b1  gtrack_listGetNext                             
0044f6b5  putchar_                                       
0044f6b9  remove                                         
0044f6bc  C$$EXIT                                        
0044f6bd  abort                                          
00450520  __aeabi_ctype_table_                           
00450520  __aeabi_ctype_table_C                          
00450ac0  defaultSceneryParams                           
00450f30  Power_config                                   
00453278  I2C_defaultTransaction                         
0045329c  pInit                                          
00453de0  defaultAllocationParams                        
00454244  defaultGatingParams                            
00454acc  defaultStateParams                             
00454b98  ValidDigSampRates                              
00454dc0  uxTopUsedPriority                              
004565d8  gMmwMssMCB                                     
00457518  azimBinCorrArrayQ4                             
00457918  elevBinCorrArrayQ4                             
00457e18  _ftable                                        
00457f08  appPresenceParamTable                          
00457ff8  __TI_cleanup_ptr                               
00457ffc  __TI_dtors_ptr                                 
00458000  gDpcTaskStack                                  
0045c000  __stack                                        
0045e000  __STACK_END                                    
0045e000  _sys_memory                                    
00460000  SteeringVectors                                
004691f8  Power_module                                   
004692c0  parkInfo                                       
00469620  _device                                        
00469698  gFlashDevCfg_MX25V1635F                        
00469898  appAllocationParamTable                        
004698f8  _stream                                        
00469948  appGatingParamTable                            
00469a18  gMpuRegionConfig                               
00469a98  gSocModulesClockFrequency                      
00469b44  gUartParams                                    
00469b7c  gConfigMcspi0ChCfg                             
00469bb0  appMaxAccelerationParams                       
00469be0  appStateParamTable                             
00469c10  gFlashAttrs_MX25V1635F                         
00469c40  gHwaAttrs                                      
00469c70  gFactoryCalibDataStorage                       
00469c98  gSocModules                                    
00469cbc  gHwaEDMAChanMapping                            
00469cfc  gFlashNorQspiFxns                              
00469d18  SteeringVecParams                              
00469d30  gCLIMMWaveExtensionTable                       
00469d60  gMcspiOpenParams                               
00469d78  gClockConfig                                   
00469d8c  gDefaultAntGeometry                            
00469da0  appInitialRadialVelocity                       
00469db0  gEdmaConfig                                    
00469dc0  gFlashConfig                                   
00469dd0  gFlashToSpiProtocolMap                         
00469de0  gAddrTranslateConfig                           
00469dec  gI2cParams                                     
00469df8  gMpuConfig                                     
00469e04  EdmaCallbackcnt                                
00469e08  demoStartTime                                  
00469e18  gEdmaParams                                    
00469e20  gFlashParams                                   
00469e28  gI2cConfig                                     
00469e30  gMcspiConfig                                   
00469e38  gMcspiDmaConfig                                
00469e40  gQspiConfig                                    
00469e50  gUartConfig                                    
00469e58  FreeRTOS_errno                                 
00469e5c  MMWave_ISRHandle                               
00469e60  __TI_ft_end                                    
00469e64  __aeabi_errno                                  
00469e68  _lock                                          
00469e6c  _unlock                                        
00469e70  gCfarHwaObj                                    
00469e74  gDebugLogZone                                  
00469e78  gDebugTargetCode                               
00469e7c  gEdmaConfigNum                                 
00469e80  gFlashConfigNum                                
00469e84  gGtrackMemoryUsed                              
00469e88  gHwaConfigNum                                  
00469e8c  gHwaObjectPtr                                  
00469e90  gI2cConfigNum                                  
00469e94  gMaxSatYVal                                    
00469e98  gMcspiConfigNum                                
00469e9c  gMcspiDmaConfigNum                             
00469ea0  gMinSatYVal                                    
00469ea4  gNearestCluster                                
00469ea8  gPreStoredAdcTestBuffInd                       
00469eac  gPreStoredAdcTestBuffRdInd                     
00469eb0  gQspiConfigNum                                 
00469eb4  gQspiParams                                    
00469eb8  gSocClk                                        
00469ebc  gTestMinMpdCentroid                            
00469ec0  gTestRangeLED                                  
00469ec4  gUartConfigNum                                 
00469ec8  hwadoneisr                                     
00469ed8  pinParkCfg                                     
00469ee8  pxCurrentTCB                                   
00469eec  sensPerChirpLuTable                            
00469ef0  sensorStop                                     
00469f37  demoLowPwrStateTaken                           
00469f39  gIsDefCfgUsed                                  
00469f3a  idleExited                                     
00469f3b  isSensorStarted                                
60000000  gMmwL3                                         
ffffffff  __TI_pprof_out_hndl                            
ffffffff  __TI_prof_data_size                            
ffffffff  __TI_prof_data_start                           
ffffffff  __binit__                                      
ffffffff  binit                                          
UNDEFED   __TI_CINIT_Base                                
UNDEFED   __TI_CINIT_Limit                               
UNDEFED   __TI_Handler_Table_Base                        
UNDEFED   __TI_Handler_Table_Limit                       
UNDEFED   _system_post_cinit                             

[1115 symbols]
