Added Component: Designator=U1(XI6432BRQAAMY_Model)
Add component (AddParameter): Name = "Copyright"; Value = "Copyright (C) 2026 Ultra Librarian. All rights reserved."; VariantName = "[No Variations]"
Add component (AddParameter): Name = "Manufacturer_Name"; Value = "Texas Instruments"; VariantName = "[No Variations]"
Add component (AddParameter): Name = "Manufacturer_Part_Number"; Value = "XI6432BRQAAMY"; VariantName = "[No Variations]"
Add component (AddParameter): Name = "RefDes"; Value = "RefDes"; VariantName = "[No Variations]"
Add component (AddParameter): Name = "TYPE"; Value = "TYPE"; VariantName = "[No Variations]"
Added Pin To Net: NetName=GND Pin=U1-A1
Added Pin To Net: NetName=TP10 Pin=U1-A2
Added Pin To Net: NetName=GND Pin=U1-A3
Added Pin To Net: NetName=GND Pin=U1-A4
Added Pin To Net: NetName=GND Pin=U1-A5
Added Pin To Net: NetName=GND Pin=U1-A6
Added Pin To Net: NetName=GND Pin=U1-A7
Added Pin To Net: NetName=GND Pin=U1-A9
Added Pin To Net: NetName=GND Pin=U1-A10
Added Pin To Net: NetName=RADAR_1V8 Pin=U1-B1
Added Pin To Net: NetName=TP10 Pin=U1-B2
Added Pin To Net: NetName=NetR8_1 Pin=U1-B3
Added Pin To Net: NetName=NetR8_1 Pin=U1-B4
Added Pin To Net: NetName=GND Pin=U1-B7
Added Pin To Net: NetName=GND Pin=U1-B9
Added Pin To Net: NetName=NetC10_1 Pin=U1-B10
Added Pin To Net: NetName=FT230_VCCIO Pin=U1-C1
Added Pin To Net: NetName=NetR11_1 Pin=U1-C2
Added Pin To Net: NetName=NetR12_1 Pin=U1-C3
Added Pin To Net: NetName=NetR9_1 Pin=U1-C4
Added Pin To Net: NetName=RADAR_1V_RF_OUT Pin=U1-C7
Added Pin To Net: NetName=GND Pin=U1-C8
Added Pin To Net: NetName=GND Pin=U1-C9
Added Pin To Net: NetName=GND Pin=U1-C10
Added Pin To Net: NetName=NetR10_1 Pin=U1-D2
Added Pin To Net: NetName=NetR7_1 Pin=U1-D3
Added Pin To Net: NetName=RADAR_1V8 Pin=U1-D7
Added Pin To Net: NetName=GND Pin=U1-D8
Added Pin To Net: NetName=GND Pin=U1-D9
Added Pin To Net: NetName=NetC9_1 Pin=U1-D10
Added Pin To Net: NetName=GND Pin=U1-E1
Added Pin To Net: NetName=NetR1_1 Pin=U1-E2
Added Pin To Net: NetName=NetJ1_19 Pin=U1-E3
Added Pin To Net: NetName=NetJ1_21 Pin=U1-E4
Added Pin To Net: NetName=GND Pin=U1-E7
Added Pin To Net: NetName=GND Pin=U1-E8
Added Pin To Net: NetName=GND Pin=U1-E9
Added Pin To Net: NetName=GND Pin=U1-E10
Added Pin To Net: NetName=NetJ1_23 Pin=U1-F1
Added Pin To Net: NetName=NetJ1_5 Pin=U1-F2
Added Pin To Net: NetName=NetJ1_3 Pin=U1-F3
Added Pin To Net: NetName=NetJ1_24 Pin=U1-F4
Added Pin To Net: NetName=RADAR_1V4_SYNTH Pin=U1-F7
Added Pin To Net: NetName=GND Pin=U1-F8
Added Pin To Net: NetName=RADAR_1V8 Pin=U1-F9
Added Pin To Net: NetName=RADAR_1V8 Pin=U1-F10
Added Pin To Net: NetName=NetJ1_10 Pin=U1-G2
Added Pin To Net: NetName=NetJ1_15 Pin=U1-G3
Added Pin To Net: NetName=RADAR_1V4_APLL Pin=U1-G8
Added Pin To Net: NetName=GND Pin=U1-G9
Added Pin To Net: NetName=GND Pin=U1-G10
Added Pin To Net: NetName=GND Pin=U1-H1
Added Pin To Net: NetName=NetJ1_16 Pin=U1-H2
Added Pin To Net: NetName=NetR2_1 Pin=U1-H3
Added Pin To Net: NetName=NetJ1_8 Pin=U1-H4
Added Pin To Net: NetName=RADAR_1V8 Pin=U1-H7
Added Pin To Net: NetName=RADAR_1V8 Pin=U1-H8
Added Pin To Net: NetName=GND Pin=U1-H9
Added Pin To Net: NetName=RADAR_VBGAP Pin=U1-H10
Added Pin To Net: NetName=FT230_VCCIO Pin=U1-J1
Added Pin To Net: NetName=NetJ1_18 Pin=U1-J2
Added Pin To Net: NetName=NetJ1_13 Pin=U1-J3
Added Pin To Net: NetName=NetJ1_12 Pin=U1-J4
Added Pin To Net: NetName=GND Pin=U1-J7
Added Pin To Net: NetName=GND Pin=U1-J8
Added Pin To Net: NetName=GND Pin=U1-J9
Added Pin To Net: NetName=GND Pin=U1-J10
Added Pin To Net: NetName=RADAR_1V2 Pin=U1-K2
Added Pin To Net: NetName=NetJ1_11 Pin=U1-K3
Added Pin To Net: NetName=RADAR_1V_RF_OUT Pin=U1-K7
Added Pin To Net: NetName=RADAR_1V_RF_OUT Pin=U1-K8
Added Pin To Net: NetName=RADAR_1V_RF_OUT Pin=U1-K9
Added Pin To Net: NetName=RADAR_1V_RF_OUT Pin=U1-K10
Added Pin To Net: NetName=RADAR_1V8 Pin=U1-L1
Added Pin To Net: NetName=RADAR_1V8 Pin=U1-L2
Added Pin To Net: NetName=RADAR_1P2_RF Pin=U1-L7
Added Pin To Net: NetName=RADAR_1P2_RF Pin=U1-L8
Added Pin To Net: NetName=RADAR_1P2_RF Pin=U1-L9
Added Pin To Net: NetName=RADAR_1P2_RF Pin=U1-L10
Added Pin To Net: NetName=RADAR_SRAM_1V2 Pin=U1-M1
Added Pin To Net: NetName=RADAR_SRAM_1V2 Pin=U1-M2
Added Pin To Net: NetName=NetC1_1 Pin=U1-M3
Added Pin To Net: NetName=NetC1_1 Pin=U1-M4
Added Pin To Net: NetName=RADAR_1V8 Pin=U1-M7
Added Pin To Net: NetName=RADAR_1V8 Pin=U1-M8
Added Pin To Net: NetName=RADAR_1V8 Pin=U1-M9
Added Pin To Net: NetName=GPADC1 Pin=U1-M10
Added Pin To Net: NetName=GND Pin=U1-N1
Added Pin To Net: NetName=RADAR_SRAM_1V2 Pin=U1-N2
Added Pin To Net: NetName=GND Pin=U1-N3
Added Pin To Net: NetName=GND Pin=U1-N4
Added Pin To Net: NetName=GND Pin=U1-N5
Added Pin To Net: NetName=RADAR_1V8 Pin=U1-N6
Added Pin To Net: NetName=RADAR_1V8 Pin=U1-N7
Added Pin To Net: NetName=RADAR_1V8 Pin=U1-N8
Added Pin To Net: NetName=RADAR_1V8 Pin=U1-N9
Added Pin To Net: NetName=RADAR_1V8 Pin=U1-N10
Added Member To Class: ClassName=IWRL6432AOP Member=Component U1 XI6432BRQAAMY
