Change Footprint: Footprint Not Found FP-CL549-IPC_C
Change Footprint: Footprint Not Found FP-GRM188-0_2-MFG
Change Footprint: Footprint Not Found FP-GRT155-0_05-IPC_B
Add Component: Footprint Not Found SW_AYZ0102AGRLC
Add Pin To Net: Unknown Pin: Pin SW1-1
Add Pin To Net: Unknown Pin: Pin SW1-2
Add Pin To Net: Unknown Pin: Pin SW1-3
Add Pin To Net: Unknown Pin: Pin U5-1
Add Pin To Net: Unknown Pin: Pin U5-2
Add Pin To Net: Unknown Pin: Pin U5-3
Add Pin To Net: Unknown Pin: Pin U5-4
Add Pin To Net: Unknown Pin: Pin U5-5
Add Pin To Net: Unknown Pin: Pin U5-7
Add Pin To Net: Unknown Pin: Pin U5-8
Add Pin To Net: Unknown Pin: Pin U6-1
Add Pin To Net: Unknown Pin: Pin U6-2
Add Pin To Net: Unknown Pin: Pin U6-3
Add Pin To Net: Unknown Pin: Pin U6-4
Add Pin To Net: Unknown Pin: Pin U6-5
Add Pin To Net: Unknown Pin: Pin U6-7
Add Pin To Net: Unknown Pin: Pin U6-8
Add Pin To Net: Unknown Pin: Pin Y1-1
Add Pin To Net: Unknown Pin: Pin Y1-2
Add Pin To Net: Unknown Pin: Pin Y1-3
Add Pin To Net: Unknown Pin: Pin Y1-4
Add Class Member: Failed to add class member : Component SW1 AYZ0102AGRLC
Add Class Member: Failed to add class member : Component U5 TPS6285020ADRLR
Add Class Member: Failed to add class member : Component U6 TPS6285020MDRLR
Add Class Member: Failed to add class member : Component Y1 XRCGB40M000F1S2GR0
