******************************************************************************
            TI ARM Clang Linker PC v3.2.2                      
******************************************************************************
>> Linked Tue Apr  7 18:15:02 2026

OUTPUT FILE NAME:   <motion_and_presence_detection_demo_xwrL64xx-evm_m4fss0-0_freertos_ti-arm-clang.out>
ENTRY POINT SYMBOL: "_c_int00"  address: 00469379


MEMORY CONFIGURATION

         name            origin    length      used     unused   attr    fill
----------------------  --------  ---------  --------  --------  ----  --------
  M4F_VECS              00400000   00000200  00000140  000000c0  RWIX
  M4F_RAM12             00400200   00057e00  00057e00  00000000  RWIX
  M4F_RBL               00458000   00008000  00008000  00000000  RWIX
  M4F_RAM3              00460000   00020000  0001fff8  00000008  RWIX
  HWASS_SHM_MEM         60000000   00080000  0005e400  00021c00  RWIX


SEGMENT ALLOCATION MAP

run origin  load origin   length   init length attrs members
----------  ----------- ---------- ----------- ----- -------
00000000    00000000    00000035   00000035    rw-
  00000000    00000000    00000035   00000035    rw- .data.1
00400000    00400000    00000140   00000140    rw-
  00400000    00400000    00000140   00000140    rw- .vectors
00400200    00400200    00021c00   00000000    rw-
  00400200    00400200    00021c00   00000000    rw- .bss
00421e00    00421e00    00036200   00036200    r-x
  00421e00    00421e00    00036200   00036200    r-x .text.1
00458000    00458000    00008000   00000000    rw-
  00458000    00458000    00004000   00000000    rw- .taskstack
  0045c000    0045c000    00002000   00000000    rw- .stack
  0045e000    0045e000    00002000   00000000    rw- .sysmem
00460000    00460000    0001bdb4   0001bdb4    r-x
  00460000    00460000    0000d70c   0000d70c    r-x .text.2
  0046d710    0046d710    0000e6a4   0000e6a4    r-- .rodata
0047bdb8    0047bdb8    00004248   00004248    rw-
  0047bdb8    0047bdb8    00004248   00004248    rw- .data.2
60000000    60000000    0005e400   00000000    rw-
  60000000    60000000    0005e400   00000000    rw- .l3


SECTION ALLOCATION MAP

 output                                  attributes/
section   page    origin      length       input sections
--------  ----  ----------  ----------   ----------------
.vectors   0    00400000    00000140     
                  00400000    00000140     freertos.xwrL64xx.m4f.ti-arm-clang.debug.lib : HwiP_armv7m_handlers_freertos.obj (.vectors)

.bss       0    00400200    00021c00     UNINITIALIZED
                  00400200    00007000     (.common:gMmwCoreLocMem)
                  00407200    00006400     (.common:gMmwCoreLocMem2)
                  0040d600    00004ee8     (.common:distances)
                  004124e8    00000014     freertos.xwrL64xx.m4f.ti-arm-clang.debug.lib : timers.obj (.bss.xActiveTimerList1)
                  004124fc    00000004     control.xwrL64xx.m4f.ti-arm-clang.debug.lib : mmwave_link_xWRLx4xx.obj (.bss.MMWave_openLink.clpcTxcodes)
                  00412500    00004000                                                 : mmwave_fullcfg.obj (.bss.gMmwHeapMem)
                  00416500    00002000     (.common:gMainTaskStack)
                  00418500    00001000     freertos.xwrL64xx.m4f.ti-arm-clang.debug.lib : port.obj (.bss.uxIdleTaskStack)
                  00419500    00001000     (.common:gAdcFileTaskStack)
                  0041a500    00001000     (.common:gCliTskStack)
                  0041b500    00001000     (.common:gTlvTaskStack)
                  0041c500    00000800     (.common:gMmwCoreLocMem3)
                  0041cd00    00000800     (.common:gPowerTaskStack)
                  0041d500    00000800     (.common:gmmwinitTaskStack)
                  0041dd00    00000400                                                  : port.obj (.bss.uxTimerTaskStack)
                  0041e100    00000394     ti_drivers_config.o (.bss.gMcspiObjects)
                  0041e494    00000354     (.common:gCLI)
                  0041e7e8    000002a0     (.common:gMMWave_MCB)
                  0041ea88    00000280     (.common:gHwiCtrl)
                  0041ed08    0000021c     ti_drivers_config.o (.bss.gUartObjects)
                  0041ef24    000001f8     (.common:doaProcDpuCfg)
                  0041f11c    000001f0     (.common:appSceneryParamTable)
                  0041f30c    00000028     (.common:intrObj_rangeProc)
                  0041f334    0000000a     (.common:tempStats)
                  0041f33e    00000001     control.xwrL64xx.m4f.ti-arm-clang.debug.lib : mmwave_link_xWRLx4xx.obj (.bss.MMWave_openLink.clpcCalTemp)
                  0041f33f    00000001     (.common:pgVersion)
                  0041f340    000001e4     datapath_tracker3d.xwrL64xx.m4f.ti-arm-clang.debug.lib : cfarprochwa.obj (.bss.gCfarProcHeapMem)
                  0041f524    000001e0     (.common:aoasvcProcDpuCfg)
                  0041f704    00000004     freertos.xwrL64xx.m4f.ti-arm-clang.debug.lib : timers.obj (.bss.pxCurrentTimerList)
                  0041f708    00000038     (.common:gClockCtrl)
                  0041f740    000001d8     (.common:guDopProcHeapMem)
                  0041f918    00000028     (.common:rangeCompCfg)
                  0041f940    00000198     datapath_tracker3d.xwrL64xx.m4f.ti-arm-clang.debug.lib : aoasvcproc.obj (.bss.gAoasvcProcHeapMem)
                  0041fad8    00000194     ti_drivers_config.o (.bss.gQspiObjects)
                  0041fc6c    00000194     (.common:gAntennaSymbolsGenLoopTime)
                  0041fe00    00000194     (.common:gAoaosvcCpuCycles)
                  0041ff94    00000024     (.common:i2cTransaction)
                  0041ffb8    00000008     libsysbm.a : hostopen.c.obj (.bss.parmbuf)
                  0041ffc0    00000188     datapath_tracker3d.xwrL64xx.m4f.ti-arm-clang.debug.lib : doaproc.obj (.bss.gDoaProcHeapMem)
                  00420148    00000188     (.common:uDopProcDpuCfg)
                  004202d0    00000020     (.common:gHwiFrameStartHwiObject)
                  004202f0    00000010     (.common:gFlashObject_MX25V1635F)
                  00420300    00000184                                                            : mpdproc.obj (.bss.gMpdProcHeapMem)
                  00420484    00000184     (.common:mpdProcDpuCfg)
                  00420608    00000020     (.common:gTimerHwiObj)
                  00420628    00000014     freertos.xwrL64xx.m4f.ti-arm-clang.debug.lib : timers.obj (.bss.xActiveTimerList2)
                  0042063c    00000004                                                  : tasks.obj (.bss.pxDelayedTaskList)
                  00420640    00000164     datapath_tracker3d.xwrL64xx.m4f.ti-arm-clang.debug.lib : rangeprochwa.obj (.bss.gRangeProcHeapMem)
                  004207a4    00000014     freertos.xwrL64xx.m4f.ti-arm-clang.debug.lib : tasks.obj (.bss.xDelayedTaskList1)
                  004207b8    00000008     (.common:demoEndTime)
                  004207c0    00000154     datapath_tracker3d.xwrL64xx.m4f.ti-arm-clang.debug.lib : trackerproc.obj (.bss.gTrackerProcHeapMem)
                  00420914    00000140     freertos.xwrL64xx.m4f.ti-arm-clang.debug.lib : tasks.obj (.bss.pxReadyTasksLists)
                  00420a54    0000012c     (.common:Power_contextSave)
                  00420b80    00000128     (.common:rangeProcDpuCfg)
                  00420ca8    00000120     libsysbm.a : trgmsg.c.obj (.bss:_CIOBUF_)
                  00420dc8    00000118     ti_drivers_config.o (.bss.gI2cObjects)
                  00420ee0    00000100     freertos.xwrL64xx.m4f.ti-arm-clang.debug.lib : timers.obj (.bss.prvCheckForValidListAndQueue.ucStaticTimerQueueStorage)
                  00420fe0    00000100     (.common:HwaParamsetIntr)
                  004210e0    00000100     (.common:xQueueRegistry)
                  004211e0    000000d4     (.common:cfarProcDpuCfg)
                  004212b4    000000b0     ti_drivers_config.o (.bss.gEdmaObjects)
                  00421364    000000a0     libc.a : defs.c.obj (.bss.__TI_tmpnams)
                  00421404    00000094     mmwavelink_m4.lib : rl_device.o (.bss.z_FeDriverData)
                  00421498    0000007c     freertos.xwrL64xx.m4f.ti-arm-clang.debug.lib : port.obj (.bss.xIdleTaskTCB)
                  00421514    0000007c                                                  : port.obj (.bss.xTimerTaskTCB)
                  00421590    0000007c     (.common:gAdcFileTaskObj)
                  0042160c    0000007c     (.common:gCliTaskObj)
                  00421688    0000007c     (.common:gDpcTaskObj)
                  00421704    0000007c     (.common:gMainTaskObj)
                  00421780    0000007c     (.common:gPowerTaskObj)
                  004217fc    0000007c     (.common:gTlvTaskObj)
                  00421878    0000007c     (.common:gmmwinitTaskObj)
                  004218f4    00000004                                                  : tasks.obj (.bss.pxOverflowDelayedTaskList)
                  004218f8    00000070     (.common:gHwaObject)
                  00421968    00000060                                                  : DebugP_freertos.obj (.bss.gDebugLogLockObj)
                  004219c8    00000060     (.common:gMmwOsalMutex)
                  00421a28    00000060     (.common:gMmwOsalSem)
                  00421a88    00000048                                                  : timers.obj (.bss.prvCheckForValidListAndQueue.xStaticTimerQueue)
                  00421ad0    00000048     (.common:gPowerSemObj)
                  00421b18    00000048     (.common:gRovDummyQueue)
                  00421b60    00000048     (.common:gmmwinitObj)
                  00421ba8    00000040     control.xwrL64xx.m4f.ti-arm-clang.debug.lib : mmwave_fullcfg.obj (.bss.gMmwHeapObj)
                  00421be8    00000040     (.common:AppDebugData)
                  00421c28    00000020     (.common:idleHwiObj)
                  00421c48    00000014     freertos.xwrL64xx.m4f.ti-arm-clang.debug.lib : tasks.obj (.bss.xDelayedTaskList2)
                  00421c5c    00000014                                                  : tasks.obj (.bss.xPendingReadyList)
                  00421c70    00000014                                                  : tasks.obj (.bss.xSuspendedTaskList)
                  00421c84    00000014                                                  : tasks.obj (.bss.xTasksWaitingTermination)
                  00421c98    00000014     (.common:gStVecCorPrfile)
                  00421cac    00000014     (.common:idleHwiPrms)
                  00421cc0    00000014     (.common:intrObj_cfarProc)
                  00421cd4    00000014     (.common:intrObj_doaProc)
                  00421ce8    00000014     (.common:intrObj_uDopProc)
                  00421cfc    00000004                                                  : timers.obj (.bss.pxOverflowTimerList)
                  00421d00    00000010     datapath_tracker3d.xwrL64xx.m4f.ti-arm-clang.debug.lib : trackerproc.obj (.bss.gTrackerProcDescrpHdlHeapMem)
                  00421d10    00000010     (.common:rxData)
                  00421d20    00000010     (.common:txData)
                  00421d30    00000008     (.common:demoTimeus)
                  00421d38    00000008     (.common:frmPrdus)
                  00421d40    00000008     (.common:gEdmaHandle)
                  00421d48    00000008     (.common:gMmwDemoFlash)
                  00421d50    00000008     (.common:slpTimeus)
                  00421d58    00000008     (.common:test)
                  00421d60    00000008     (.common:ullIdleTime)
                  00421d68    00000008     (.common:ullSleepTime)
                  00421d70    00000004     libc.a : memory.c.obj (.bss.sys_free)
                  00421d74    00000004     (.common:gAdcFileTask)
                  00421d78    00000004     (.common:gCliTask)
                  00421d7c    00000004     (.common:gDpcTask)
                  00421d80    00000004     (.common:gFlashHandle)
                  00421d84    00000004     (.common:gI2cHandle)
                  00421d88    00000004     (.common:gMainTask)
                  00421d8c    00000004     (.common:gMcspiHandle)
                  00421d90    00000004     (.common:gPowerSem)
                  00421d94    00000004     (.common:gPowerTask)
                  00421d98    00000004     (.common:gPreStoredAdcTestBuff)
                  00421d9c    00000004     (.common:gQspiHandle)
                  00421da0    00000004     (.common:gTimerBaseAddr)
                  00421da4    00000004     (.common:gTlvTask)
                  00421da8    00000004     (.common:gUartHandle)
                  00421dac    00000004     (.common:gmmwinit)
                  00421db0    00000004     (.common:gmmwinitTask)
                  00421db4    00000004     (.common:gpioBaseAddrLed)
                  00421db8    00000004     (.common:hwRes)
                  00421dbc    00000004     (.common:hwaHandle)
                  00421dc0    00000004     (.common:pinNumLed)
                  00421dc4    0000003c     --HOLE--

.taskstack 
*          0    00458000    00004000     UNINITIALIZED
                  00458000    00004000     mmw_cli.o (.taskstack)

.stack     0    0045c000    00002000     UNINITIALIZED
                  0045c000    00000004     freertos.xwrL64xx.m4f.ti-arm-clang.debug.lib : boot_armv7m.obj (.stack)
                  0045c004    00001ffc     --HOLE--

.sysmem    0    0045e000    00002000     UNINITIALIZED
                  0045e000    00000010     libc.a : memory.c.obj (.sysmem)
                  0045e010    00001ff0     --HOLE--

.l3        0    60000000    0005e400     UNINITIALIZED
                  60000000    0005e400     motion_detect.o (.l3)

.data.1    0    00000000    00000035     FAILED TO ALLOCATE
__llvm_prf_cnts 
*          0    00400200    00000000     UNINITIALIZED

__llvm_prf_bits 
*          0    00400200    00000000     UNINITIALIZED

.text.1    0    00421e00    00036200     
                  00421e00    00001638     motion_detect.o (.text.mmwDemo_TransmitProcessedOutputTask)
                  00423438    00001258     datapath_tracker3d.xwrL64xx.m4f.ti-arm-clang.debug.lib : cfarprochwa.obj (.text.CFAR_DET_HWA_cfarRangeDoppler_ProcList)
                  00424690    00000d88     alg_gtrack3d.xwrL64xx.m4f.ti-arm-clang.debug.lib : gtrack_unit_update.obj (.text.gtrack_unitUpdate)
                  00425418    00000ca8                                                      : gtrack_create.obj (.text.gtrack_create)
                  004260c0    00000c60     datapath_tracker3d.xwrL64xx.m4f.ti-arm-clang.debug.lib : cfarprochwa.obj (.text.CFAR_DET_HWA_cfarRange_ProcList)
                  00426d20    00000c30     libc.a : _scanfi.c.obj (.text.__TI_scanfi)
                  00427950    00000bea     datapath_tracker3d.xwrL64xx.m4f.ti-arm-clang.debug.lib : doaproc.obj (.text.doaProc_configHwa)
                  0042853a    00000006     libc.a : _scanfi.c.obj (.text.OUTLINED_FUNCTION_3)
                  00428540    00000aa8     dpc.o (.text.CfarProc_configParser)
                  00428fe8    00000a8c     libc.a : e_pow.c.obj (.text.pow)
                  00429a74    00000a60     mmw_cli.o (.text.CLI_init)
                  0042a4d4    00000a30     freertos.xwrL64xx.m4f.ti-arm-clang.debug.lib : printf.obj (.text._vsnprintf)
                  0042af04    00000004     control.xwrL64xx.m4f.ti-arm-clang.debug.lib : mmwave_link_xWRLx4xx.obj (.text.MMWave_TimeStamp)
                  0042af08    00000a0c     libc.a : _printfi.c.obj (.text:__TI_printfi)
                  0042b914    00000004     drivers.xwrL64xx.m4f.ti-arm-clang.debug.lib : prcm.obj (.text.PRCM_asmWfi)
                  0042b918    000009e0     dpc.o (.text.DPC_Execute)
                  0042c2f8    000009be     datapath_tracker3d.xwrL64xx.m4f.ti-arm-clang.debug.lib : doaproc.obj (.text.doaProc_configHwa_v2)
                  0042ccb6    000009aa                                                            : udopproc.obj (.text.uDopProc_configHwa)
                  0042d660    0000092c     drivers.xwrL64xx.m4f.ti-arm-clang.debug.lib : hwa.obj (.text.HWA_configCommon)
                  0042df8c    0000086a     dpc.o (.text.DoaProc_configParser)
                  0042e7f6    00000864     ADC_testbuf.o (.text.mmwDemo_adcFileReadTask)
                  0042f05a    0000079a     alg_gtrack3d.xwrL64xx.m4f.ti-arm-clang.debug.lib : gtrack_utilities_3d.obj (.text.gtrack_matrixInv)
                  0042f7f4    00000004     drivers.xwrL64xx.m4f.ti-arm-clang.debug.lib : power_xwrLx4xx.obj (.text.Power_asmWfi)
                  0042f7f8    00000778     dpc.o (.text.uDopProc_configParser)
                  0042ff70    0000074e     alg_gtrack3d.xwrL64xx.m4f.ti-arm-clang.debug.lib : gtrack_module.obj (.text.gtrack_moduleAllocate)
                  004306be    00000002     ti_board_config.o (.text.Board_init)
                  004306c0    00000728     mmw_cli.o (.text.CLI_MMWaveSensorStart)
                  00430de8    00000724     libc.a : k_rem_pio2.c.obj (.text.__kernel_rem_pio2)
                  0043150c    00000004     libclang_rt.builtins.a : aeabi_memcpy.S.obj (.text.__aeabi_memcpy)
                  00431510    00000718     datapath_tracker3d.xwrL64xx.m4f.ti-arm-clang.debug.lib : mpdproc.obj (.text.assignPointsToZones)
                  00431c28    00000708     control.xwrL64xx.m4f.ti-arm-clang.debug.lib : mmwave_link_common.obj (.text.MMWave_configureProfileChirp)
                  00432330    000006e8     datapath_tracker3d.xwrL64xx.m4f.ti-arm-clang.debug.lib : udopproc.obj (.text.uDopProc_ConfigTriggerHwa)
                  00432a18    000006da     drivers.xwrL64xx.m4f.ti-arm-clang.debug.lib : hwa.obj (.text.HWA_configParamSet)
                  004330f2    00000692     datapath_tracker3d.xwrL64xx.m4f.ti-arm-clang.debug.lib : doaproc.obj (.text.doaProc_configEdma)
                  00433784    00000004     libc.a : printf.c.obj (.text._outc)
                  00433788    00000668     alg_gtrack3d.xwrL64xx.m4f.ti-arm-clang.debug.lib : gtrack_unit_score.obj (.text.gtrack_unitScore)
                  00433df0    00000640     freertos.xwrL64xx.m4f.ti-arm-clang.debug.lib : printf.obj (.text._etoa)
                  00434430    000005c8     datapath_tracker3d.xwrL64xx.m4f.ti-arm-clang.debug.lib : cfarprochwa.obj (.text.CFAR_DET_HWA_cfarRange_ProcList_1tx_1rx)
                  004349f8    000005ae                                                            : rangeprochwa.obj (.text.rangeProcHWA_ConfigHWA)
                  00434fa6    00000002     drivers.xwrL64xx.m4f.ti-arm-clang.debug.lib : hwa.obj (.text.HWA_init)
                  00434fa8    00000594     libc.a : e_powf.c.obj (.text.powf)
                  0043553c    00000004            : printf.c.obj (.text._outs)
                  00435540    00000580     freertos.xwrL64xx.m4f.ti-arm-clang.debug.lib : printf.obj (.text._ftoa)
                  00435ac0    00000528     libc.a : s_cos.c.obj (.text.cos)
                  00435fe8    00000528            : s_sin.c.obj (.text.sin)
                  00436510    0000051c     datapath_tracker3d.xwrL64xx.m4f.ti-arm-clang.debug.lib : aoasvcproc.obj (.text.aoasvcProc_SteeringVecCorrection)
                  00436a2c    00000004     libc.a : fseek.c.obj (.text.fseek)
                  00436a30    00000510     dpc.o (.text.AoasvcProc_configParser)
                  00436f40    00000506     datapath_tracker3d.xwrL64xx.m4f.ti-arm-clang.debug.lib : rangeprochwa.obj (.text.rangeProcHWA_ConfigEDMA_DataOut)
                  00437446    000004f6     dpc.o (.text.RangeProc_configParser)
                  0043793c    000004f4     drivers.xwrL64xx.m4f.ti-arm-clang.debug.lib : soc_rcm.obj (.text.SOC_rcmEnablePeripheralClock)
                  00437e30    000004f0     dpc.o (.text.DPC_Config)
                  00438320    000004ca     freertos.xwrL64xx.m4f.ti-arm-clang.debug.lib : HwiP_armv7m.obj (.text.hwi)
                  004387ea    00000488     mmwave_control_config.o (.text.Mmwave_populateDefaultChirpControlCfg)
                  00438c72    00000002     freertos.xwrL64xx.m4f.ti-arm-clang.debug.lib : power_xwrLx4xx_freertos.obj (.text.Power_initPolicy)
                  00438c74    00000484     alg_gtrack3d.xwrL64xx.m4f.ti-arm-clang.debug.lib : gtrack_utilities.obj (.text.gtrack_computeJacobian)
                  004390f8    00000480     drivers.xwrL64xx.m4f.ti-arm-clang.debug.lib : i2c_v0.obj (.text.I2C_primeTransfer)
                  00439578    00000474     libc.a : strtod.c.obj (.text.strtod)
                  004399ec    00000472     datapath_tracker3d.xwrL64xx.m4f.ti-arm-clang.debug.lib : cfarprochwa.obj (.text.CFAR_DET_HWA_config_HWA)
                  00439e5e    00000002     libclang_rt.builtins.a : aeabi_div0.c.obj (.text.__aeabi_ldiv0)
                  00439e60    00000470     range_phase_bias_measurement.o (.text.mmwDemo_rangeBiasRxChPhaseMeasure)
                  0043a2d0    00000452     drivers.xwrL64xx.m4f.ti-arm-clang.debug.lib : hwa.obj (.text.HWA_validateParamSetConfig)
                  0043a722    00000446     alg_classifier.xwrL64xx.m4f.ti-arm-clang.debug.lib : classifier_layers.obj (.text.conv2_op)
                  0043ab68    00000444     dpc.o (.text.MmwDemo_cfgDopplerParamMapping)
                  0043afac    00000432     datapath_tracker3d.xwrL64xx.m4f.ti-arm-clang.debug.lib : mpdproc.obj (.text.stateMachine)
                  0043b3de    00000002     libc.a : _lock.c.obj (.text._nop)
                  0043b3e0    0000042c     control.xwrL64xx.m4f.ti-arm-clang.debug.lib : mmwave_link_xWRLx4xx.obj (.text.MMWave_openLink)
                  0043b80c    00000004     libsysbm.a : remove.c.obj (.text.remove)
                  0043b810    00000428     factory_cal.o (.text.mmwDemo_factoryCal)
                  0043bc38    00000416     datapath_tracker3d.xwrL64xx.m4f.ti-arm-clang.debug.lib : dpedma.obj (.text.DPEDMA_configSyncTransfer)
                  0043c04e    000003fc                                                            : aoasvcproc.obj (.text.aoasvcProc_configHwa)
                  0043c44a    00000002     power_management.o (.text.power_LPDSentryhook)
                  0043c44c    000003e4     datapath_tracker3d.xwrL64xx.m4f.ti-arm-clang.debug.lib : udopproc.obj (.text.DPU_uDopProc_process)
                  0043c830    000003ce                                                            : dpedma.obj (.text.DPEDMA_configSyncAB)
                  0043cbfe    000003cc                                                            : rangeprochwa.obj (.text.rangeProcHWA_ConfigEDMA_evtDecim)
                  0043cfca    000003aa     freertos.xwrL64xx.m4f.ti-arm-clang.debug.lib : power_xwrLx4xx_freertos.obj (.text.Power_sleepPolicy)
                  0043d374    00000004     libc.a : exit.c.obj (.text:abort)
                  0043d378    000003a8     datapath_tracker3d.xwrL64xx.m4f.ti-arm-clang.debug.lib : udopproc.obj (.text.DPU_uDopProc_config)
                  0043d720    000003a8     alg_gtrack3d.xwrL64xx.m4f.ti-arm-clang.debug.lib : gtrack_step.obj (.text.gtrack_step)
                  0043dac8    00000396                                                      : gtrack_unit_event.obj (.text.gtrack_unitEvent)
                  0043de5e    00000388     datapath_tracker3d.xwrL64xx.m4f.ti-arm-clang.debug.lib : dpedma.obj (.text.DPEDMA_configSyncA_singleFrame)
                  0043e1e6    00000366     drivers.xwrL64xx.m4f.ti-arm-clang.debug.lib : mcspi_v0.obj (.text.MCSPI_transfer)
                  0043e54c    0000035a                                                 : hwa.obj (.text.HWA_open)
                  0043e8a6    00000002     freertos.xwrL64xx.m4f.ti-arm-clang.debug.lib : port.obj (.text.vPortConfigTimerForRunTimeStats)
                  0043e8a8    00000358     datapath_tracker3d.xwrL64xx.m4f.ti-arm-clang.debug.lib : trackerproc.obj (.text.DPU_TrackerProc_config)
                  0043ec00    00000358     drivers.xwrL64xx.m4f.ti-arm-clang.debug.lib : i2c_v0.obj (.text.I2C_open)
                  0043ef58    00000348     datapath_tracker3d.xwrL64xx.m4f.ti-arm-clang.debug.lib : rangeprochwa.obj (.text.rangeProcHWA_ConfigEDMA_DataIn)
                  0043f2a0    0000033c     drivers.xwrL64xx.m4f.ti-arm-clang.debug.lib : i2c_v0.obj (.text.I2C_hwiFxnTarget)
                  0043f5dc    00000004     --HOLE-- [fill = 0]
                  0043f5e0    00000330     datapath_tracker3d.xwrL64xx.m4f.ti-arm-clang.debug.lib : udopproc.obj (.text.uDopProc_FeatExtraction)
                  0043f910    0000032c     drivers.xwrL64xx.m4f.ti-arm-clang.debug.lib : edma.obj (.text.EDMAInitialize)
                  0043fc3c    0000031a     datapath_tracker3d.xwrL64xx.m4f.ti-arm-clang.debug.lib : doaproc.obj (.text.DPU_DoaProc_config)
                  0043ff56    00000318     motion_detect.o (.text.motion_detect)
                  0044026e    000002fc     mmw_cli.o (.text.CLI_MMWaveRangeSNRCompensation)
                  0044056a    00000002     --HOLE-- [fill = 0]
                  0044056c    000002f8     drivers.xwrL64xx.m4f.ti-arm-clang.debug.lib : soc_rcm.obj (.text.SOC_rcmGetClkSrcAndDivValue)
                  00440864    00000004     --HOLE-- [fill = 0]
                  00440868    000002f0     libc.a : e_log10.c.obj (.text.log10)
                  00440b58    000002ec     datapath_tracker3d.xwrL64xx.m4f.ti-arm-clang.debug.lib : trackerproc.obj (.text.DPU_TrackerProc_process)
                  00440e44    000002e6     drivers.xwrL64xx.m4f.ti-arm-clang.debug.lib : qspi_edma.obj (.text.QSPI_edmaTransfer)
                  0044112a    00000006     libc.a : atof.c.obj (.text.atof)
                  00441130    000002e0     range_phase_bias_measurement.o (.text.mmwDemo_rangeBiasRxChPhaseMeasureConfig)
                  00441410    000002e0     datapath_tracker3d.xwrL64xx.m4f.ti-arm-clang.debug.lib : udopproc.obj (.text.uDopProc_configEdma_loopBack)
                  004416f0    00000010     drivers.xwrL64xx.m4f.ti-arm-clang.debug.lib : gpio.obj (.text.CSL_REG32_WR_RAW)
                  00441700    000002dc     libc.a : strcmp_t2.S.obj (.text:strcmp)
                  004419dc    000002ce     drivers.xwrL64xx.m4f.ti-arm-clang.debug.lib : uart_sci_edma.obj (.text.UART_edmaChannelConfig)
                  00441caa    000002c6     alg_classifier.xwrL64xx.m4f.ti-arm-clang.debug.lib : classifier_layers.obj (.text.conv1_op)
                  00441f70    000002c4     tracker_utils.o (.text.MmwDemo_CLITrackingCfg)
                  00442234    00000004     --HOLE-- [fill = 0]
                  00442238    000002c0     power_management.o (.text.powerManagementTask)
                  004424f8    000002b8     libc.a : _printfi.c.obj (.text._pconv_a)
                  004427b0    000002b6     drivers.xwrL64xx.m4f.ti-arm-clang.debug.lib : power_xwrLx4xx.obj (.text.Power_Idle3)
                  00442a66    000002b4     datapath_tracker3d.xwrL64xx.m4f.ti-arm-clang.debug.lib : aoasvcproc.obj (.text.aoasvcProc_configEdma)
                  00442d1a    00000006     alg_classifier.xwrL64xx.m4f.ti-arm-clang.debug.lib : classifier_layers.obj (.text.classifier_bytes_needed)
                  00442d20    000002b4     alg_gtrack3d.xwrL64xx.m4f.ti-arm-clang.debug.lib : gtrack_unit_create.obj (.text.gtrack_unitCreate)
                  00442fd4    00000004     --HOLE-- [fill = 0]
                  00442fd8    000002a8     utils.xwrL64xx.m4f.ti-arm-clang.debug.lib : mathutils.obj (.text.mathUtils_genWindow)
                  00443280    0000029c     drivers.xwrL64xx.m4f.ti-arm-clang.debug.lib : i2c_v0.obj (.text.I2C_hwiFxnController)
                  0044351c    0000029c                                                 : uart_sci.obj (.text.UART_open)
                  004437b8    00000290     datapath_tracker3d.xwrL64xx.m4f.ti-arm-clang.debug.lib : aoasvcproc.obj (.text.DPU_AoasvcProc_config)
                  00443a48    00000278                                                            : aoasvcproc.obj (.text.DPU_AoasvcProc_process)
                  00443cc0    00000274     board.xwrL64xx.m4f.ti-arm-clang.debug.lib : flash_nor_qspi.obj (.text.Flash_norQspiSetQeBit)
                  00443f34    00000270     datapath_tracker3d.xwrL64xx.m4f.ti-arm-clang.debug.lib : rangeprochwa.obj (.text.DPU_RangeProcHWA_config)
                  004441a4    00000268                                                            : rangeprochwa.obj (.text.rangeProcHWA_ParseConfig)
                  0044440c    00000004     --HOLE-- [fill = 0]
                  00444410    00000260                                                            : cfarprochwa.obj (.text.DPU_CFARProcHWA_config)
                  00444670    0000025a     drivers.xwrL64xx.m4f.ti-arm-clang.debug.lib : edma.obj (.text.allocResource)
                  004448ca    00000254     datapath_tracker3d.xwrL64xx.m4f.ti-arm-clang.debug.lib : udopproc.obj (.text.uDopProc_configEdma)
                  00444b1e    00000252     drivers.xwrL64xx.m4f.ti-arm-clang.debug.lib : mcspi_v0.obj (.text.MCSPI_open)
                  00444d70    00000252                                                 : mcspi_v0.obj (.text.MCSPI_setChConfig)
                  00444fc2    0000023e     freertos.xwrL64xx.m4f.ti-arm-clang.debug.lib : MpuP_armv7m.obj (.text.mpu)
                  00445200    0000023c     drivers.xwrL64xx.m4f.ti-arm-clang.debug.lib : uart_sci.obj (.text.UART_controllerIsr)
                  0044543c    0000023c     freertos.xwrL64xx.m4f.ti-arm-clang.debug.lib : printf.obj (.text._ntoa_format)
                  00445678    00000238     libc.a : _printfi.c.obj (.text._pconv_g)
                  004458b0    00000232     dpc.o (.text.MmwDemo_calcActiveAntennaGeometry)
                  00445ae2    00000006     --HOLE-- [fill = 0]
                  00445ae8    00000228     mmw_cli.o (.text.CLI_MMWaveChirpCommonCfg)
                  00445d10    00000228     datapath_tracker3d.xwrL64xx.m4f.ti-arm-clang.debug.lib : dbscan.obj (.text.expandCluster)
                  00445f38    00000220     alg_gtrack3d.xwrL64xx.m4f.ti-arm-clang.debug.lib : gtrack_utilities.obj (.text.gtrack_cartesian2spherical)
                  00446158    00000216     drivers.xwrL64xx.m4f.ti-arm-clang.debug.lib : power_xwrLx4xx.obj (.text.Power_sleep)
                  0044636e    00000002     --HOLE-- [fill = 0]
                  00446370    0000020c     alg_featExtract.xwrL64xx.m4f.ti-arm-clang.debug.lib : featExtract_compute.obj (.text.featExtract_compute)
                  0044657c    00000004     --HOLE-- [fill = 0]
                  00446580    000001fc     control.xwrL64xx.m4f.ti-arm-clang.debug.lib : mmwave_link_common.obj (.text.MMWave_configureFrame)
                  0044677c    00000004     --HOLE-- [fill = 0]
                  00446780    000001f8     dpc.o (.text.rangeBiasRxChPhaseMeasure_quadfit)
                  00446978    000001f4     board.xwrL64xx.m4f.ti-arm-clang.debug.lib : ina.obj (.text.SensorConfig228)
                  00446b6c    000001f2     control.xwrL64xx.m4f.ti-arm-clang.debug.lib : mmwave_link_common.obj (.text.MMWave_deviceGetVersion)
                  00446d5e    00000002     --HOLE-- [fill = 0]
                  00446d60    000001e8     datapath_tracker3d.xwrL64xx.m4f.ti-arm-clang.debug.lib : cfarprochwarangecomp.obj (.text.CFAR_DET_HWA_RangeComp_SNRNeededToKeepPoint)
                  00446f48    000001e6     drivers.xwrL64xx.m4f.ti-arm-clang.debug.lib : qspi_edma.obj (.text.QSPI_edmaChannelConfig)
                  0044712e    00000002     --HOLE-- [fill = 0]
                  00447130    000001e4     alg_gtrack3d.xwrL64xx.m4f.ti-arm-clang.debug.lib : gtrack_unit_update.obj (.text.gtrack_velocityStateHandling)
                  00447314    000001de     drivers.xwrL64xx.m4f.ti-arm-clang.debug.lib : edma.obj (.text.EDMADeinitialize)
                  004474f2    000001dc                                                 : qspi.obj (.text.QSPI_spiMemMapRead)
                  004476ce    00000002     --HOLE-- [fill = 0]
                  004476d0    000001d8     datapath_tracker3d.xwrL64xx.m4f.ti-arm-clang.debug.lib : mpdproc.obj (.text.DPU_MpdProc_process)
                  004478a8    000001d8     drivers.xwrL64xx.m4f.ti-arm-clang.debug.lib : uart_sci.obj (.text.UART_configInstance)
                  00447a80    000001d4                                                 : qspi.obj (.text.QSPI_open)
                  00447c54    000001ce     datapath_tracker3d.xwrL64xx.m4f.ti-arm-clang.debug.lib : cfarprochwa.obj (.text.CFAR_DET_HWA_config_EDMA)
                  00447e22    000001ca     dpc.o (.text.MpdProc_configParser)
                  00447fec    000001c4     datapath_tracker3d.xwrL64xx.m4f.ti-arm-clang.debug.lib : doaproc.obj (.text.doaProc_InternalLoop)
                  004481b0    000001c4     alg_gtrack3d.xwrL64xx.m4f.ti-arm-clang.debug.lib : gtrack_unit_start.obj (.text.gtrack_unitStart)
                  00448374    000001c2     datapath_tracker3d.xwrL64xx.m4f.ti-arm-clang.debug.lib : cfarprochwa.obj (.text.DPU_CFARProcHWA_process)
                  00448536    00000002     --HOLE-- [fill = 0]
                  00448538    000001c0     libc.a : e_logf.c.obj (.text.logf)
                  004486f8    000001ba     drivers.xwrL64xx.m4f.ti-arm-clang.debug.lib : mcspi_v0.obj (.text.MCSPI_continueTxRx)
                  004488b2    000001ba     datapath_tracker3d.xwrL64xx.m4f.ti-arm-clang.debug.lib : udopproc.obj (.text.uDopProc_updateTrackIdFeatures)
                  00448a6c    000001b8     libc.a : strtoll.c.obj (.text.strtoll)
                  00448c24    000001b6     mmw_cli.o (.text.CLI_MMWStart)
                  00448dda    00000002     --HOLE-- [fill = 0]
                  00448ddc    000001b6     libclang_rt.builtins.a : adddf3.S.obj (.text.adddf3_subdf3)
                  00448f92    000001b4     freertos.xwrL64xx.m4f.ti-arm-clang.debug.lib : HeapP_internal.obj (.text.pvHeapMalloc)
                  00449146    000001ae     datapath_tracker3d.xwrL64xx.m4f.ti-arm-clang.debug.lib : dpedma.obj (.text.DPEDMA_configDummyChannel)
                  004492f4    000001ae     control.xwrL64xx.m4f.ti-arm-clang.debug.lib : mmwave_link_xWRLx4xx.obj (.text.MMWave_initMMWaveLink)
                  004494a2    000001ac     mmw_cli.o (.text.CLI_task)
                  0044964e    000001aa     drivers.xwrL64xx.m4f.ti-arm-clang.debug.lib : uart_sci_edma.obj (.text.UART_writeDma)
                  004497f8    000001a8                                                 : edma.obj (.text.EDMA_freeResource)
                  004499a0    000001a8                                                 : uart_sci.obj (.text.UART_close)
                  00449b48    000001a8                                                 : uart_sci_edma.obj (.text.UART_readDma)
                  00449cf0    000001a2     datapath_tracker3d.xwrL64xx.m4f.ti-arm-clang.debug.lib : trackerproc.obj (.text.DPU_TrackerProc_CartesianToSpherical)
                  00449e92    00000006     --HOLE-- [fill = 0]
                  00449e98    000001a0     mmw_cli.o (.text.CLI_MMWaveCfarCfg)
                  0044a038    000001a0     mmw_cli.o (.text.CLI_MMWaveChirpTimingCfg)
                  0044a1d8    000001a0     dpc.o (.text.MmwDemo_compressPointCloudList)
                  0044a378    000001a0     libc.a : _printfi.c.obj (.text.fcvt)
                  0044a518    0000019e     freertos.xwrL64xx.m4f.ti-arm-clang.debug.lib : queue.obj (.text.xQueueSemaphoreTake)
                  0044a6b6    0000019a     alg_classifier.xwrL64xx.m4f.ti-arm-clang.debug.lib : classifier_create.obj (.text.classifier_create)
                  0044a850    00000196     drivers.xwrL64xx.m4f.ti-arm-clang.debug.lib : edma.obj (.text.EDMA_transferCompletionMasterIsrFxn)
                  0044a9e6    00000194     mmw_cli.o (.text.CLI_MMWaveAdcLogging)
                  0044ab7a    00000194     datapath_tracker3d.xwrL64xx.m4f.ti-arm-clang.debug.lib : aoasvcproc.obj (.text.aoasvcProc_setInputOutputEdma)
                  0044ad0e    00000190     drivers.xwrL64xx.m4f.ti-arm-clang.debug.lib : power_xwrLx4xx.obj (.text.Power_init)
                  0044ae9e    0000018e                                                 : i2c_v0.obj (.text.I2C_transfer)
                  0044b02c    00000188     datapath_tracker3d.xwrL64xx.m4f.ti-arm-clang.debug.lib : cfarprochwa.obj (.text.CFAR_DET_HWA_ConfigAoaFov)
                  0044b1b4    00000004     --HOLE-- [fill = 0]
                  0044b1b8    00000188     alg_gtrack3d.xwrL64xx.m4f.ti-arm-clang.debug.lib : gtrack_math.obj (.text.gtrack_calcRotMatZX)
                  0044b340    00000188                                                      : gtrack_utilities.obj (.text.gtrack_spherical2cartesian)
                  0044b4c8    00000186     drivers.xwrL64xx.m4f.ti-arm-clang.debug.lib : edma.obj (.text.EDMA_open)
                  0044b64e    00000184                                                 : mcspi_v0.obj (.text.MCSPI_continuePeripheralTxRx)
                  0044b7d2    00000006     --HOLE-- [fill = 0]
                  0044b7d8    00000180     libc.a : _printfi.c.obj (.text._pconv_e)
                  0044b958    00000180            : fwrite.c.obj (.text.fwrite)
                  0044bad8    00000180     alg_gtrack3d.xwrL64xx.m4f.ti-arm-clang.debug.lib : gtrack_delete.obj (.text.gtrack_delete)
                  0044bc58    0000017e     drivers.xwrL64xx.m4f.ti-arm-clang.debug.lib : mcspi_v0.obj (.text.MCSPI_peripheralIsr)
                  0044bdd6    00000178                                                 : prcm.obj (.text.PRCMSetSRAMRetention)
                  0044bf4e    00000176     freertos.xwrL64xx.m4f.ti-arm-clang.debug.lib : ClockP_freertos_m4.obj (.text.ClockP_init)
                  0044c0c4    00000174     drivers.xwrL64xx.m4f.ti-arm-clang.debug.lib : uart_sci.obj (.text.UART_write)
                  0044c238    00000170     libc.a : k_sin.c.obj (.text.__kernel_sin)
                  0044c3a8    00000170            : strtoull.c.obj (.text.strtoull)
                  0044c518    0000016c     mmw_cli.o (.text.CLI_MMWaveSigProcChainCfg)
                  0044c684    0000016c     datapath_tracker3d.xwrL64xx.m4f.ti-arm-clang.debug.lib : dbscan.obj (.text.dbscan)
                  0044c7f0    0000016a     tracker_utils.o (.text.MmwDemo_CLIBoundaryBoxCfg)
                  0044c95a    0000016a     drivers.xwrL64xx.m4f.ti-arm-clang.debug.lib : qspi.obj (.text.QSPI_readCmd)
                  0044cac4    0000016a     freertos.xwrL64xx.m4f.ti-arm-clang.debug.lib : queue.obj (.text.xQueueGenericSend)
                  0044cc2e    00000168     mmw_cli.o (.text.CLI_MMWaveVersion)
                  0044cd96    00000002     --HOLE-- [fill = 0]
                  0044cd98    00000168     libc.a : k_cos.c.obj (.text.__kernel_cos)
                  0044cf00    00000168     alg_featExtract.xwrL64xx.m4f.ti-arm-clang.debug.lib : featExtract_utilities.obj (.text.featExtract_interpFreq)
                  0044d068    00000168     libc.a : e_sqrt.c.obj (.text.sqrt)
                  0044d1d0    00000168     freertos.xwrL64xx.m4f.ti-arm-clang.debug.lib : tasks.obj (.text.xTaskIncrementTick)
                  0044d338    00000164     drivers.xwrL64xx.m4f.ti-arm-clang.debug.lib : edma.obj (.text.EDMA_unregisterIntr)
                  0044d49c    00000164     alg_gtrack3d.xwrL64xx.m4f.ti-arm-clang.debug.lib : gtrack_module.obj (.text.gtrack_modulePresence)
                  0044d600    00000162     mmw_cli.o (.text.CLI_MMWaveFactoryCalConfig)
                  0044d762    00000006     --HOLE-- [fill = 0]
                  0044d768    00000160     mmw_cli.o (.text.CLI_MMWaveCompRangeBiasAndRxChanPhaseCfg)
                  0044d8c8    00000160     drivers.xwrL64xx.m4f.ti-arm-clang.debug.lib : qspi.obj (.text.QSPI_writeCmd)
                  0044da28    0000015c     datapath_tracker3d.xwrL64xx.m4f.ti-arm-clang.debug.lib : dpedma.obj (.text.DPEDMA_freeEDMAChannel)
                  0044db84    0000015c     alg_featExtract.xwrL64xx.m4f.ti-arm-clang.debug.lib : featExtract_create.obj (.text.featExtract_create)
                  0044dce0    00000158     drivers.xwrL64xx.m4f.ti-arm-clang.debug.lib : uart_sci.obj (.text.UART_read)
                  0044de38    00000158     libc.a : e_asinf.c.obj (.text.asinf)
                  0044df90    00000158            : s_atanf.c.obj (.text.atanf)
                  0044e0e8    00000158     drivers.xwrL64xx.m4f.ti-arm-clang.debug.lib : power_xwrLx4xx.obj (.text.restoreNVICRegs)
                  0044e240    00000156     alg_classifier.xwrL64xx.m4f.ti-arm-clang.debug.lib : classifier_layers.obj (.text.layer_norm)
                  0044e396    00000154     freertos.xwrL64xx.m4f.ti-arm-clang.debug.lib : tasks.obj (.text.xTaskResumeAll)
                  0044e4ea    00000152                                                  : queue.obj (.text.xQueueReceive)
                  0044e63c    00000004     --HOLE-- [fill = 0]
                  0044e640    00000150     board.xwrL64xx.m4f.ti-arm-clang.debug.lib : ina.obj (.text.currentRead228)
                  0044e790    00000150     libc.a : e_log10f.c.obj (.text.log10f)
                  0044e8e0    00000150     drivers.xwrL64xx.m4f.ti-arm-clang.debug.lib : power_xwrLx4xx.obj (.text.saveNVICRegs)
                  0044ea30    00000148     datapath_tracker3d.xwrL64xx.m4f.ti-arm-clang.debug.lib : cfarprochwa.obj (.text.CFAR_DET_HWA_ConvertFovToIdx)
                  0044eb78    00000148                                                            : dpedmahwa.obj (.text.DPEDMAHWA_configTwoHotSignature)
                  0044ecc0    00000144     drivers.xwrL64xx.m4f.ti-arm-clang.debug.lib : mcspi_v0.obj (.text.MCSPI_configInstance)
                  0044ee04    00000140                                                 : mcspi_v0.obj (.text.MCSPI_setFifoConfig)
                  0044ef44    0000013e                                                 : mcspi_v0.obj (.text.MCSPI_controllerIsr)
                  0044f082    00000002     --HOLE-- [fill = 0]
                  0044f084    0000013c     libc.a : e_log2f.c.obj (.text.log2f)
                  0044f1c0    0000013c     ti_board_config.o (.text.mmwDemo_PowerMeasurement)
                  0044f2fc    0000013a     freertos.xwrL64xx.m4f.ti-arm-clang.debug.lib : timers.obj (.text.prvProcessReceivedCommands)
                  0044f436    00000138     mmw_cli.o (.text.CLI_open)
                  0044f56e    00000138     freertos.xwrL64xx.m4f.ti-arm-clang.debug.lib : printf.obj (.text._ntoa_long_long)
                  0044f6a6    00000002     --HOLE-- [fill = 0]
                  0044f6a8    00000138     libc.a : strtol.c.obj (.text.strtol)
                  0044f7e0    00000136     drivers.xwrL64xx.m4f.ti-arm-clang.debug.lib : edma.obj (.text.EDMA_registerIntr)
                  0044f916    00000002     --HOLE-- [fill = 0]
                  0044f918    00000136     libclang_rt.builtins.a : divdf3.S.obj (.text.__divdf3)
                  0044fa4e    00000134     freertos.xwrL64xx.m4f.ti-arm-clang.debug.lib : TimerP_rti.obj (.text.TimerP_setup)
                  0044fb82    00000002     --HOLE-- [fill = 0]
                  0044fb84    00000132     drivers.xwrL64xx.m4f.ti-arm-clang.debug.lib : edma.obj (.text.EDMA_allocResource)
                  0044fcb6    00000130     datapath_tracker3d.xwrL64xx.m4f.ti-arm-clang.debug.lib : cfarprochwa.obj (.text.CFARHWA_convHwaCfarDetListToDetMask)
                  0044fde6    00000130     alg_gtrack3d.xwrL64xx.m4f.ti-arm-clang.debug.lib : gtrack_unit_predict.obj (.text.gtrack_unitPredict)
                  0044ff16    0000012e     mmwavelink_m4.lib : rl_device.o (.text.rl_initErrorCheck)
                  00450044    0000012c     drivers.xwrL64xx.m4f.ti-arm-clang.debug.lib : hwa.obj (.text.HWA_configRam)
                  00450170    00000128                                                 : hwa.obj (.text.HWA_enableParamSetInterrupt)
                  00450298    00000128                                                 : soc_rcm.obj (.text.SOC_rcmGetClkSrcAndDivReg)
                  004503c0    00000126     board.xwrL64xx.m4f.ti-arm-clang.debug.lib : flash_nor_qspi.obj (.text.Flash_norQspiWrite)
                  004504e6    00000126     drivers.xwrL64xx.m4f.ti-arm-clang.debug.lib : soc_rcm.obj (.text.SOC_rcmStartInitSharedRam)
                  0045060c    00000126     alg_gtrack3d.xwrL64xx.m4f.ti-arm-clang.debug.lib : gtrack_utilities_3d.obj (.text.gtrack_censor2world)
                  00450732    00000124     datapath_tracker3d.xwrL64xx.m4f.ti-arm-clang.debug.lib : dpedmahwa.obj (.text.DPEDMAHWA_configOneHotSignature)
                  00450856    00000124                                                            : aoasvcproc.obj (.text.DPU_AoasvcProc_init)
                  0045097a    00000122                                                            : doaproc.obj (.text.DPU_DoaProc_init)
                  00450a9c    00000122     control.xwrL64xx.m4f.ti-arm-clang.debug.lib : mmwave.obj (.text.MMWave_factoryCalibConfig)
                  00450bbe    00000122     alg_gtrack3d.xwrL64xx.m4f.ti-arm-clang.debug.lib : gtrack_utilities_3d.obj (.text.gtrack_matrixComputePJT)
                  00450ce0    00000120     datapath_tracker3d.xwrL64xx.m4f.ti-arm-clang.debug.lib : cfarprochwa.obj (.text.CFAR_DET_HWA_ConfigRangeView)
                  00450e00    00000120     mmw_cli.o (.text.CLI_MMWaveFrameCfg)
                  00450f20    00000120     libc.a : fopen.c.obj (.text._openfile)
                  00451040    00000120            : memory.c.obj (.text.aligned_alloc)
                  00451160    00000120            : s_ceil.c.obj (.text.ceil)
                  00451280    00000120            : s_floor.c.obj (.text.floor)
                  004513a0    0000011c     control.xwrL64xx.m4f.ti-arm-clang.debug.lib : mmwave_link_common.obj (.text.MMWave_configLink)
                  004514bc    0000011c     alg_classifier.xwrL64xx.m4f.ti-arm-clang.debug.lib : classifier_predict.obj (.text.classifier_predict)
                  004515d8    0000011c     libc.a : strtoul.c.obj (.text.strtoul)
                  004516f4    0000011c     freertos.xwrL64xx.m4f.ti-arm-clang.debug.lib : tasks.obj (.text.vTaskDelete)
                  00451810    0000011a                                                  : tasks.obj (.text.xTaskPriorityInherit)
                  0045192a    00000118     mmw_cli.o (.text.CLI_MMWaveMpdBoundaryBox)
                  00451a42    00000006     --HOLE-- [fill = 0]
                  00451a48    00000118     mmw_cli.o (.text.CLI_MmwDemo_AntGeometryCfg)
                  00451b60    00000118     mmw_cli.o (.text.CLI_readLine)
                  00451c78    00000118     mmw_cli.o (.text.MmwDemo_CLISensorWarmReset)
                  00451d90    00000118     alg_gtrack3d.xwrL64xx.m4f.ti-arm-clang.debug.lib : gtrack_listlib.obj (.text.gtrack_listRemoveElement)
                  00451ea8    00000116     mmw_cli.o (.text.CLI_MMWaveGuiMonSel)
                  00451fbe    00000116     dpc.o (.text.DPC_Init)
                  004520d4    00000114     drivers.xwrL64xx.m4f.ti-arm-clang.debug.lib : qspi.obj (.text.QSPI_programInstance)
                  004521e8    00000114     freertos.xwrL64xx.m4f.ti-arm-clang.debug.lib : printf.obj (.text._ntoa_long)
                  004522fc    00000114     alg_gtrack3d.xwrL64xx.m4f.ti-arm-clang.debug.lib : gtrack_utilities_3d.obj (.text.gtrack_calcMeasurementLimits)
                  00452410    00000112     datapath_tracker3d.xwrL64xx.m4f.ti-arm-clang.debug.lib : rangeprochwa.obj (.text.DPU_RangeProcHWA_init)
                  00452522    00000112     board.xwrL64xx.m4f.ti-arm-clang.debug.lib : flash_nor_qspi.obj (.text.Flash_norQspiReset)
                  00452634    00000110     freertos.xwrL64xx.m4f.ti-arm-clang.debug.lib : tasks.obj (.text.prvAddNewTaskToReadyList)
                  00452744    0000010e                                                  : SysTickTimerP.obj (.text.SysTickTimerP_setup)
                  00452852    00000006     --HOLE-- [fill = 0]
                  00452858    0000010c     libc.a : s_scalbn.c.obj (.text.scalbn)
                  00452964    0000010a     mmw_cli.o (.text.CLI_MMWaveChannelCfg)
                  00452a6e    0000010a     ti_drivers_open_close.o (.text.Drivers_mcspiOpen)
                  00452b78    0000010a     board.xwrL64xx.m4f.ti-arm-clang.debug.lib : flash_nor_qspi.obj (.text.Flash_norQspiEraseSector)
                  00452c82    0000010a     drivers.xwrL64xx.m4f.ti-arm-clang.debug.lib : mcspi_v0.obj (.text.MCSPI_close)
                  00452d8c    0000010a     control.xwrL64xx.m4f.ti-arm-clang.debug.lib : mmwave_link_common.obj (.text.MMWave_LinkInitCommon)
                  00452e96    00000108     board.xwrL64xx.m4f.ti-arm-clang.debug.lib : flash_nor_qspi.obj (.text.Flash_norQspiErase)
                  00452f9e    00000108     dpc.o (.text.mmwDemo_doaProcConfig)
                  004530a6    00000106     drivers.xwrL64xx.m4f.ti-arm-clang.debug.lib : qspi.obj (.text.QSPI_spiConfigWrite)
                  004531ac    00000106     alg_gtrack3d.xwrL64xx.m4f.ti-arm-clang.debug.lib : gtrack_math.obj (.text.gtrack_sincosd)
                  004532b2    00000106     freertos.xwrL64xx.m4f.ti-arm-clang.debug.lib : HwiP_armv7m_handlers_freertos.obj (.text.hwi)
                  004533b8    00000104     drivers.xwrL64xx.m4f.ti-arm-clang.debug.lib : mcspi_v0.obj (.text.MCSPI_setPeripheralFifoConfig)
                  004534bc    00000102     datapath_tracker3d.xwrL64xx.m4f.ti-arm-clang.debug.lib : udopproc.obj (.text.DPU_uDopProc_init)
                  004535be    00000102     freertos.xwrL64xx.m4f.ti-arm-clang.debug.lib : tasks.obj (.text.prvInitialiseNewTask)
                  004536c0    000000fc     tracker_utils.o (.text.MmwDemo_CLIPresenceParamCfg)
                  004537bc    000000fc     libclang_rt.builtins.a : muldf3.S.obj (.text.__muldf3)
                  004538b8    000000fa     datapath_tracker3d.xwrL64xx.m4f.ti-arm-clang.debug.lib : trackerproc.obj (.text.DPU_trackerProc_updateParamTables)
                  004539b2    000000fa     control.xwrL64xx.m4f.ti-arm-clang.debug.lib : mmwave_fullcfg.obj (.text.MMWave_getChirpHandle)
                  00453aac    000000f8                                                 : mmwave_fullcfg.obj (.text.MMWave_addChirp)
                  00453ba4    00000004     --HOLE-- [fill = 0]
                  00453ba8    000000f8     datapath_tracker3d.xwrL64xx.m4f.ti-arm-clang.debug.lib : dbscan.obj (.text.calculateDistances)
                  00453ca0    000000f8     alg_gtrack3d.xwrL64xx.m4f.ti-arm-clang.debug.lib : gtrack_math.obj (.text.gtrack_matrixCovFilter)
                  00453d98    000000f8     freertos.xwrL64xx.m4f.ti-arm-clang.debug.lib : tasks.obj (.text.vTaskPriorityDisinheritAfterTimeout)
                  00453e90    000000f4     board.xwrL64xx.m4f.ti-arm-clang.debug.lib : flash_nor_qspi.obj (.text.Flash_norQspiSetProtocol)
                  00453f84    000000f4     control.xwrL64xx.m4f.ti-arm-clang.debug.lib : mmwave.obj (.text.MMWave_init)
                  00454078    000000f4     drivers.xwrL64xx.m4f.ti-arm-clang.debug.lib : qspi.obj (.text.QSPI_spiConfigRead)
                  0045416c    000000f4     libc.a : fread.c.obj (.text.fread)
                  00454260    000000f4     freertos.xwrL64xx.m4f.ti-arm-clang.debug.lib : tasks.obj (.text.prvAddCurrentTaskToDelayedList)
                  00454354    000000f2     alg_gtrack3d.xwrL64xx.m4f.ti-arm-clang.debug.lib : gtrack_utilities_3d.obj (.text.gtrack_computeMahalanobis)
                  00454446    000000f0     drivers.xwrL64xx.m4f.ti-arm-clang.debug.lib : mcspi_v0.obj (.text.MCSPI_initiateLastChunkTransfer)
                  00454536    00000002     --HOLE-- [fill = 0]
                  00454538    000000f0     libc.a : fputs.c.obj (.text.fputs)
                  00454628    000000f0            : memory.c.obj (.text.free)
                  00454718    000000ee     control.xwrL64xx.m4f.ti-arm-clang.debug.lib : mmwave_fullcfg.obj (.text.MMWave_addProfile)
                  00454806    000000ea     drivers.xwrL64xx.m4f.ti-arm-clang.debug.lib : uart_sci.obj (.text.UART_readPolling)
                  004548f0    000000e8     freertos.xwrL64xx.m4f.ti-arm-clang.debug.lib : AddrTranslateP.obj (.text.AddrTranslateP_getLocalAddr)
                  004549d8    000000e8     control.xwrL64xx.m4f.ti-arm-clang.debug.lib : mmwave.obj (.text.MMWave_open)
                  00454ac0    000000e8     alg_gtrack3d.xwrL64xx.m4f.ti-arm-clang.debug.lib : gtrack_math.obj (.text.gtrack_matrixMultiply)
                  00454ba8    000000e8                                                      : gtrack_math.obj (.text.gtrack_matrixTransposeMultiply)
                  00454c90    000000e2                                                      : gtrack_math.obj (.text.gtrack_matrixMakeSymmetrical)
                  00454d72    000000de     board.xwrL64xx.m4f.ti-arm-clang.debug.lib : flash_nor_qspi.obj (.text.Flash_norQspiSet4ByteAddrMode)
                  00454e50    000000de     drivers.xwrL64xx.m4f.ti-arm-clang.debug.lib : uart_sci.obj (.text.UART_flushTxFifo)
                  00454f2e    000000de     board.xwrL64xx.m4f.ti-arm-clang.debug.lib : ina.obj (.text.i2cReadAddress)
                  0045500c    000000dc     drivers.xwrL64xx.m4f.ti-arm-clang.debug.lib : mcspi_v0.obj (.text.MCSPI_setClkConfig)
                  004550e8    000000dc     alg_gtrack3d.xwrL64xx.m4f.ti-arm-clang.debug.lib : gtrack_utilities_3d.obj (.text.gtrack_calcMeasurementSpread)
                  004551c4    000000da     mmw_cli.o (.text.MmwDemo_CLIMicroDopplerParamCfg)
                  0045529e    000000da     drivers.xwrL64xx.m4f.ti-arm-clang.debug.lib : uart_sci.obj (.text.UART_writeInterrupt)
                  00455378    000000da     power_management.o (.text.power_idle3resumehook)
                  00455452    000000d8     drivers.xwrL64xx.m4f.ti-arm-clang.debug.lib : hwa.obj (.text.HWA_paramDoneISR)
                  0045552a    000000d8     control.xwrL64xx.m4f.ti-arm-clang.debug.lib : mmwave.obj (.text.MMWave_start)
                  00455602    000000d8     drivers.xwrL64xx.m4f.ti-arm-clang.debug.lib : uart_sci.obj (.text.UART_writePolling)
                  004556da    00000002     --HOLE-- [fill = 0]
                  004556dc    000000d8     libc.a : setvbuf.c.obj (.text.setvbuf)
                  004557b4    000000d4     drivers.xwrL64xx.m4f.ti-arm-clang.debug.lib : mcspi_v0.obj (.text.MCSPI_stop)
                  00455888    000000d4     power_management.o (.text.power_LPDSresumehook)
                  0045595c    000000d2     alg_gtrack3d.xwrL64xx.m4f.ti-arm-clang.debug.lib : gtrack_math.obj (.text.gtrack_matrixCovNormalize)
                  00455a2e    00000002     --HOLE-- [fill = 0]
                  00455a30    000000d0                                                      : gtrack_utilities_3d.obj (.text.gtrack_isInsideSolidAngle)
                  00455b00    000000d0     freertos.xwrL64xx.m4f.ti-arm-clang.debug.lib : tasks.obj (.text.vTaskStartScheduler)
                  00455bd0    000000ce     datapath_tracker3d.xwrL64xx.m4f.ti-arm-clang.debug.lib : cfarprochwa.obj (.text.DPU_CFARProcHWA_init)
                  00455c9e    000000ce     drivers.xwrL64xx.m4f.ti-arm-clang.debug.lib : edma.obj (.text.EDMADisableChInShadowRegRegion)
                  00455d6c    000000ce                                                 : i2c_v0.obj (.text.I2C_close)
                  00455e3a    000000ce                                                 : soc_rcm.obj (.text.SOC_rcmSetPeripheralClock)
                  00455f08    000000ce     interrupts.o (.text.mmwDemoFrameStartISR)
                  00455fd6    000000ce     mmwavelink_m4.lib : rl_device.o (.text.rl_mmWaveLinkInit)
                  004560a4    000000cc     drivers.xwrL64xx.m4f.ti-arm-clang.debug.lib : edma.obj (.text.EDMAEnableChInShadowRegRegion)
                  00456170    000000cc     mmw_demo_utils.o (.text.MmwDemo_FillTrackerSensorPositionCfg)
                  0045623c    000000cc     alg_gtrack3d.xwrL64xx.m4f.ti-arm-clang.debug.lib : gtrack_math.obj (.text.gtrack_matrixCovAcc)
                  00456308    000000cc     freertos.xwrL64xx.m4f.ti-arm-clang.debug.lib : queue.obj (.text.prvCopyDataToQueue)
                  004563d4    000000cc     libc.a : s_scalbnf.c.obj (.text.scalbnf)
                  004564a0    000000ca     drivers.xwrL64xx.m4f.ti-arm-clang.debug.lib : hwa.obj (.text.HWA_getDriverAccess)
                  0045656a    00000006     --HOLE-- [fill = 0]
                  00456570    000000c8     libc.a : s_cosf.c.obj (.text.cosf)
                  00456638    000000c6     drivers.xwrL64xx.m4f.ti-arm-clang.debug.lib : mcspi_v0.obj (.text.MCSPI_chConfig)
                  004566fe    000000c6                                                 : soc.obj (.text.SOC_enableMDLLClock)
                  004567c4    000000c6     ti_dpl_config.o (.text.TimerP_init)
                  0045688a    000000c6     power_management.o (.text.power_idle3entryhook)
                  00456950    000000c4     datapath_tracker3d.xwrL64xx.m4f.ti-arm-clang.debug.lib : cfarprochwa.obj (.text.CFAR_DET_HWA_saveConfiguration)
                  00456a14    000000c4     tracker_utils.o (.text.MmwDemo_CLIStaticBoundaryBoxCfg)
                  00456ad8    000000c4     libc.a : s_round.c.obj (.text.round)
                  00456b9c    000000c2     alg_gtrack3d.xwrL64xx.m4f.ti-arm-clang.debug.lib : gtrack_utilities.obj (.text.gtrack_unrollRadialVelocity)
                  00456c5e    000000c2     mmwavelink_m4.lib : rl_device.o (.text.rl_mmWaveDfpVerGet)
                  00456d20    000000c0     drivers.xwrL64xx.m4f.ti-arm-clang.debug.lib : edma.obj (.text.EDMAMapChToEvtQ)
                  00456de0    000000c0     control.xwrL64xx.m4f.ti-arm-clang.debug.lib : mmwave_fullcfg.obj (.text.MMWave_getChirpCfg)
                  00456ea0    000000c0     mmwave_control_config.o (.text.Mmwave_populateDefaultOpenCfg)
                  00456f60    000000c0     drivers.xwrL64xx.m4f.ti-arm-clang.debug.lib : power_xwrLx4xx.obj (.text.Power_configureWakeup)
                  00457020    000000c0     freertos.xwrL64xx.m4f.ti-arm-clang.debug.lib : printf.obj (.text._out_rev)
                  004570e0    000000be     ti_board_open_close.o (.text.Board_flashOpen)
                  0045719e    000000be     datapath_tracker3d.xwrL64xx.m4f.ti-arm-clang.debug.lib : cfarprochwa.obj (.text.CFAR_DET_HWA_triggerCFAR)
                  0045725c    000000be     mmw_cli.o (.text.CLI_MMWaveMajorMotionStateCfg)
                  0045731a    000000be     mmw_cli.o (.text.CLI_MMWaveMinorMotionStateCfg)
                  004573d8    000000be     drivers.xwrL64xx.m4f.ti-arm-clang.debug.lib : soc_rcm.obj (.text.SOC_rcmWaitMemInitSharedRam)
                  00457496    000000be     alg_gtrack3d.xwrL64xx.m4f.ti-arm-clang.debug.lib : gtrack_utilities_3d.obj (.text.gtrack_isPointBehindTarget)
                  00457554    000000be     freertos.xwrL64xx.m4f.ti-arm-clang.debug.lib : HeapP_internal.obj (.text.vHeapFree)
                  00457612    000000be                                                  : queue.obj (.text.xQueueGenericSendFromISR)
                  004576d0    000000ba     mmwave_control_config.o (.text.Mmwave_populateDefaultChirpCfg)
                  0045778a    000000b8     motion_detect.o (.text.MmwDemo_startSensor)
                  00457842    000000b8     mmwave_control_config.o (.text.Mmwave_populateDefaultProfileCfg)
                  004578fa    000000b8     alg_gtrack3d.xwrL64xx.m4f.ti-arm-clang.debug.lib : gtrack_module.obj (.text.gtrack_moduleUpdate)
                  004579b2    000000b8     freertos.xwrL64xx.m4f.ti-arm-clang.debug.lib : timers.obj (.text.prvSwitchTimerLists)
                  00457a6a    000000b6     drivers.xwrL64xx.m4f.ti-arm-clang.debug.lib : edma.obj (.text.EDMAConfigureChannelRegion)
                  00457b20    000000b6     board.xwrL64xx.m4f.ti-arm-clang.debug.lib : flash.obj (.text.Flash_offsetToBlkPage)
                  00457bd6    000000b6     motion_detect.o (.text.MmwDemo_stopSensor)
                  00457c8c    000000b6     mmwave_control_config.o (.text.Mmwave_EnChannelSetOffset)
                  00457d42    000000b6     drivers.xwrL64xx.m4f.ti-arm-clang.debug.lib : qspi_edma.obj (.text.QSPI_edmaChannelFree)
                  00457df8    000000b6     datapath_tracker3d.xwrL64xx.m4f.ti-arm-clang.debug.lib : dbscan.obj (.text.findNeighbours)
                  00457eae    000000b6     monitors.o (.text.mmwDemo_LiveMonConfig)
                  00457f64    0000009c     control.xwrL64xx.m4f.ti-arm-clang.debug.lib : mmwave.obj (.text.MMWave_config)

.text.2    0    00460000    0000d70c     
                  00460000    000000b6     motion_detect.o (.text.mmwDemo_mmWaveInit)
                  004600b6    000000b6     datapath_tracker3d.xwrL64xx.m4f.ti-arm-clang.debug.lib : rangeprochwa.obj (.text.rangeProcHWA_ConfigHWACommon)
                  0046016c    000000b6     freertos.xwrL64xx.m4f.ti-arm-clang.debug.lib : tasks.obj (.text.vTaskSwitchContext)
                  00460222    000000b4     drivers.xwrL64xx.m4f.ti-arm-clang.debug.lib : mcspi_v0.obj (.text.MCSPI_fifoRead)
                  004602d6    000000b4     control.xwrL64xx.m4f.ti-arm-clang.debug.lib : mmwave_fullcfg.obj (.text.MMWave_getProfileHandle)
                  0046038a    000000b4     tracker_utils.o (.text.MmwDemo_CLIAllocationParamCfg)
                  0046043e    000000b4     drivers.xwrL64xx.m4f.ti-arm-clang.debug.lib : soc_rcm.obj (.text.SOC_rcmGetPeripheralClock)
                  004604f2    000000b4     alg_gtrack3d.xwrL64xx.m4f.ti-arm-clang.debug.lib : gtrack_unit_report.obj (.text.gtrack_unitReport)
                  004605a6    000000b4     freertos.xwrL64xx.m4f.ti-arm-clang.debug.lib : tasks.obj (.text.xTaskPriorityDisinherit)
                  0046065a    000000b2     drivers.xwrL64xx.m4f.ti-arm-clang.debug.lib : prcm.obj (.text.PRCMLPDSEnter)
                  0046070c    000000b2                                                 : prcm.obj (.text.PRCMSleepEnter)
                  004607be    000000b2     freertos.xwrL64xx.m4f.ti-arm-clang.debug.lib : HeapP_internal.obj (.text.prvInsertBlockIntoFreeList)
                  00460870    000000b2                                                  : queue.obj (.text.xQueueReceiveFromISR)
                  00460922    000000b0     mmw_cli.o (.text.CLI_help)
                  004609d2    000000b0     board.xwrL64xx.m4f.ti-arm-clang.debug.lib : flash_nor_qspi.obj (.text.Flash_norQspiWaitReady)
                  00460a82    000000b0     drivers.xwrL64xx.m4f.ti-arm-clang.debug.lib : hwa.obj (.text.HWA_getDMAChanIndex)
                  00460b32    000000b0                                                 : uart_sci.obj (.text.UART_init)
                  00460be2    00000006     --HOLE-- [fill = 0]
                  00460be8    000000b0     alg_gtrack3d.xwrL64xx.m4f.ti-arm-clang.debug.lib : gtrack_utilities_3d.obj (.text.gtrack_isInsideBoresightStaticZone)
                  00460c98    000000b0     libclang_rt.builtins.a : udivmoddi4.S.obj (.text)
                  00460d48    000000ae     drivers.xwrL64xx.m4f.ti-arm-clang.debug.lib : uart_sci.obj (.text.UART_readInterrupt)
                  00460df6    000000ae     alg_gtrack3d.xwrL64xx.m4f.ti-arm-clang.debug.lib : gtrack_utilities_3d.obj (.text.gtrack_isPointInsideBox)
                  00460ea4    000000ae     power_management.o (.text.power_Idleresumehook)
                  00460f52    000000ae     freertos.xwrL64xx.m4f.ti-arm-clang.debug.lib : queue.obj (.text.prvUnlockQueue)
                  00461000    000000ae                                                  : queue.obj (.text.xQueueGiveFromISR)
                  004610ae    000000ac     ti_drivers_open_close.o (.text.Drivers_uartOpen)
                  0046115a    000000ac     drivers.xwrL64xx.m4f.ti-arm-clang.debug.lib : hwa.obj (.text.HWA_disableParamSetInterrupt)
                  00461206    00000002     --HOLE-- [fill = 0]
                  00461208    000000ac     alg_gtrack3d.xwrL64xx.m4f.ti-arm-clang.debug.lib : gtrack_utilities_3d.obj (.text.gtrack_calcDistance)
                  004612b4    000000ac     dpc.o (.text.mmwDemo_aoasvcProcConfig)
                  00461360    000000ac     dpc.o (.text.mmwDemo_cfarProcConfig)
                  0046140c    000000ac     dpc.o (.text.mmwDemo_mpdProcConfig)
                  004614b8    000000ac     dpc.o (.text.mmwDemo_rangeProcConfig)
                  00461564    000000ac     dpc.o (.text.mmwDemo_uDopProcConfig)
                  00461610    000000ac     libsysbm.a : open.c.obj (.text.open)
                  004616bc    000000aa     ti_drivers_open_close.o (.text.Drivers_edmaOpen)
                  00461766    000000aa     ti_drivers_open_close.o (.text.Drivers_i2cOpen)
                  00461810    000000aa     drivers.xwrL64xx.m4f.ti-arm-clang.debug.lib : edma.obj (.text.EDMA_close)
                  004618ba    000000aa                                                 : power_xwrLx4xx.obj (.text.Power_getTransitionLatency)
                  00461964    000000aa     freertos.xwrL64xx.m4f.ti-arm-clang.debug.lib : tasks.obj (.text.xTaskRemoveFromEventList)
                  00461a0e    000000a6     mmw_cli.o (.text.CLI_MMWaveSensorPositionCfg)
                  00461ab4    000000a6     ti_drivers_open_close.o (.text.Drivers_qspiOpen)
                  00461b5a    000000a6     tracker_utils.o (.text.MmwDemo_CLIGatingParamCfg)
                  00461c00    000000a6     drivers.xwrL64xx.m4f.ti-arm-clang.debug.lib : uart_sci_edma.obj (.text.UART_txEdmaIsrFxn)
                  00461ca6    000000a4     board.xwrL64xx.m4f.ti-arm-clang.debug.lib : flash_nor_qspi.obj (.text.Flash_norQspiWEL)
                  00461d4a    000000a2     drivers.xwrL64xx.m4f.ti-arm-clang.debug.lib : edma.obj (.text.EDMASetPaRAM)
                  00461dec    000000a2     control.xwrL64xx.m4f.ti-arm-clang.debug.lib : mmwave_link_common.obj (.text.MMWave_deinitMMWaveLink)
                  00461e8e    000000a2     freertos.xwrL64xx.m4f.ti-arm-clang.debug.lib : timers.obj (.text.prvCheckForValidListAndQueue)
                  00461f30    000000a0     drivers.xwrL64xx.m4f.ti-arm-clang.debug.lib : uart_sci_edma.obj (.text.UART_rxEdmaIsrFxn)
                  00461fd0    000000a0     alg_classifier.xwrL64xx.m4f.ti-arm-clang.debug.lib : classifier_layers.obj (.text.dense_op)
                  00462070    000000a0     board.xwrL64xx.m4f.ti-arm-clang.debug.lib : ina.obj (.text.i2cWriteAddress)
                  00462110    000000a0     freertos.xwrL64xx.m4f.ti-arm-clang.debug.lib : HeapP_internal.obj (.text.prvHeapInit)
                  004621b0    0000009e     board.xwrL64xx.m4f.ti-arm-clang.debug.lib : flash_nor_qspi.obj (.text.Flash_norQspiSetAddressBytes)
                  0046224e    0000009e     drivers.xwrL64xx.m4f.ti-arm-clang.debug.lib : mcspi_v0.obj (.text.MCSPI_transferControllerPoll)
                  004622ec    0000009e                                                 : prcm.obj (.text.PRCMLPDSRestoreInfoSet)
                  0046238a    0000009e     freertos.xwrL64xx.m4f.ti-arm-clang.debug.lib : queue.obj (.text.xQueueGenericReset)
                  00462428    0000009c     drivers.xwrL64xx.m4f.ti-arm-clang.debug.lib : qspi.obj (.text.QSPI_readData)
                  004624c4    0000009c                                                 : qspi.obj (.text.QSPI_writeData)
                  00462560    0000009c     libc.a : s_floorf.c.obj (.text.floorf)
                  004625fc    0000009a     mmw_cli.o (.text.CLI_MMWaveAoaCfg)
                  00462696    0000009a     mmwave_control_config.o (.text.MmwDemo_ADCBufConfig)
                  00462730    0000009a     freertos.xwrL64xx.m4f.ti-arm-clang.debug.lib : SemaphoreP_freertos.obj (.text.SemaphoreP_pend)
                  004627ca    0000009a                                                  : timers.obj (.text.prvProcessTimerOrBlockTask)
                  00462864    0000009a                                                  : HeapP_internal.obj (.text.vHeapGetHeapStats)
                  004628fe    0000009a                                                  : tasks.obj (.text.xTaskCheckForTimeOut)
                  00462998    00000098     datapath_tracker3d.xwrL64xx.m4f.ti-arm-clang.debug.lib : dpedma.obj (.text.DPEDMA_setup_shadow_link)
                  00462a30    00000098     control.xwrL64xx.m4f.ti-arm-clang.debug.lib : mmwave_fullcfg.obj (.text.MMWave_getProfileCfg)
                  00462ac8    00000098                                                 : mmwave.obj (.text.MMWave_stop)
                  00462b60    00000098     libc.a : _bufread.c.obj (.text.__TI_buff_read)
                  00462bf8    00000098            : s_tanf.c.obj (.text.tanf)
                  00462c90    00000096     datapath_tracker3d.xwrL64xx.m4f.ti-arm-clang.debug.lib : rangeprochwa.obj (.text.DPU_RangeProcHWA_process)
                  00462d26    00000096     alg_gtrack3d.xwrL64xx.m4f.ti-arm-clang.debug.lib : gtrack_utilities_3d.obj (.text.gtrack_computeMahalanobisPartial)
                  00462dbc    00000004     --HOLE-- [fill = 0]
                  00462dc0    00000096     drivers.xwrL64xx.m4f.ti-arm-clang.debug.lib : power_xwrLx4xx_asm.obj (.text)
                  00462e56    00000094                                                 : mcspi_v0.obj (.text.MCSPI_init)
                  00462eea    00000094                                                 : qspi.obj (.text.QSPI_init)
                  00462f7e    00000094     datapath_tracker3d.xwrL64xx.m4f.ti-arm-clang.debug.lib : rangeprochwa.obj (.text.rangeProcHWA_ConifgureHwaEdma)
                  00463012    00000002     --HOLE-- [fill = 0]
                  00463014    00000094     libc.a : s_sinf.c.obj (.text.sinf)
                  004630a8    00000094            : e_sqrtf.c.obj (.text.sqrtf)
                  0046313c    00000094     freertos.xwrL64xx.m4f.ti-arm-clang.debug.lib : timers.obj (.text.xTimerGenericCommand)
                  004631d0    00000092     datapath_tracker3d.xwrL64xx.m4f.ti-arm-clang.debug.lib : dpedma.obj (.text.DPEDMA_startTransfer)
                  00463262    00000092     drivers.xwrL64xx.m4f.ti-arm-clang.debug.lib : edma.obj (.text.EDMAUnmapChToEvtQ)
                  004632f4    00000092     control.xwrL64xx.m4f.ti-arm-clang.debug.lib : mmwave_fullcfg.obj (.text.MMWave_delProfile)
                  00463386    00000092     drivers.xwrL64xx.m4f.ti-arm-clang.debug.lib : soc_rcm.obj (.text.SOC_rcmEnableADPLLClock)
                  00463418    00000092     freertos.xwrL64xx.m4f.ti-arm-clang.debug.lib : SemaphoreP_freertos.obj (.text.SemaphoreP_constructBinary)
                  004634aa    00000092                                                  : DebugP_freertos.obj (.text._DebugP_logZone)
                  0046353c    00000092     motion_detect.o (.text.mmwDemo_freeDmaChannels)
                  004635ce    00000090     drivers.xwrL64xx.m4f.ti-arm-clang.debug.lib : i2c_v0.obj (.text.I2C_completeCurrTransfer)
                  0046365e    00000090                                                 : uart_sci.obj (.text.UART_readCancelNoCB)
                  004636ee    00000090                                                 : uart_sci.obj (.text.UART_writeCancelNoCB)
                  0046377e    00000090     alg_classifier.xwrL64xx.m4f.ti-arm-clang.debug.lib : classifier_layers.obj (.text.gav1d)
                  0046380e    00000090     dpc.o (.text.mpdProc_dpuInit)
                  0046389e    0000008e     drivers.xwrL64xx.m4f.ti-arm-clang.debug.lib : hwa.obj (.text.HWA_getDMAconfig)
                  0046392c    0000008e     freertos.xwrL64xx.m4f.ti-arm-clang.debug.lib : tasks.obj (.text.prvInitialiseTaskLists)
                  004639ba    0000008c     drivers.xwrL64xx.m4f.ti-arm-clang.debug.lib : edma.obj (.text.EDMADisableTransferRegion)
                  00463a46    0000008c                                                 : edma.obj (.text.EDMAEnableTransferRegion)
                  00463ad2    0000008c                                                 : edma.obj (.text.EDMA_deinit)
                  00463b5e    0000008c                                                 : edma.obj (.text.EDMA_init)
                  00463bea    0000008c                                                 : mcspi_v0.obj (.text.MCSPI_fifoWrite)
                  00463c76    0000008c     control.xwrL64xx.m4f.ti-arm-clang.debug.lib : mmwave_fullcfg.obj (.text.MMWave_getNumProfiles)
                  00463d02    0000008c     tracker_utils.o (.text.MmwDemo_CLIStateParamCfg)
                  00463d8e    00000002     --HOLE-- [fill = 0]
                  00463d90    0000008c     alg_gtrack3d.xwrL64xx.m4f.ti-arm-clang.debug.lib : gtrack_utilities_3d.obj (.text.gtrack_sph2cart)
                  00463e1c    0000008a     drivers.xwrL64xx.m4f.ti-arm-clang.debug.lib : mcspi_v0.obj (.text.MCSPI_setChDataSize)
                  00463ea6    0000008a     control.xwrL64xx.m4f.ti-arm-clang.debug.lib : mmwave.obj (.text.MMWave_getTemperatureReport)
                  00463f30    00000088     drivers.xwrL64xx.m4f.ti-arm-clang.debug.lib : mcspi_v0.obj (.text.MCSPI_checkTransaction)
                  00463fb8    00000088     mmw_cli.o (.text.MmwDemo_CLIClassifierParamCfg)
                  00464040    00000088     mmw_cli.o (.text.MmwDemo_CLIMeasureRangeBiasAndRxChanPhaseCfg)
                  004640c8    00000088     libc.a : fputc.c.obj (.text.fputc)
                  00464150    00000088     alg_gtrack3d.xwrL64xx.m4f.ti-arm-clang.debug.lib : gtrack_utilities_3d.obj (.text.gtrack_cart2sph)
                  004641d8    00000086     freertos.xwrL64xx.m4f.ti-arm-clang.debug.lib : ClockP_freertos.obj (.text.ClockP_getTimeUsec)
                  0046425e    00000086                                                  : timers.obj (.text.prvInsertTimerInActiveList)
                  004642e4    00000084     datapath_tracker3d.xwrL64xx.m4f.ti-arm-clang.debug.lib : cfarprochwa.obj (.text.CFAR_DET_HWA_prepareHwaRunTimeScndPass)
                  00464368    00000084     drivers.xwrL64xx.m4f.ti-arm-clang.debug.lib : mcspi_v0.obj (.text.MCSPI_transferControllerIntr)
                  004643ec    00000084     control.xwrL64xx.m4f.ti-arm-clang.debug.lib : mmwave.obj (.text.MMWave_deinit)
                  00464470    00000084     alg_gtrack3d.xwrL64xx.m4f.ti-arm-clang.debug.lib : gtrack_utilities_3d.obj (.text.gtrack_calcDim)
                  004644f4    00000084     mmw_flash_cal.o (.text.mmwDemo_flashEraseOneSector)
                  00464578    00000082     datapath_tracker3d.xwrL64xx.m4f.ti-arm-clang.debug.lib : cfarprochwa.obj (.text.CFAR_DET_HWA_prepareHwaRunTime)
                  004645fa    00000082     mmw_cli.o (.text.CLI_MMWaveAdcDataSourceCfg)
                  0046467c    00000082     alg_featExtract.xwrL64xx.m4f.ti-arm-clang.debug.lib : featExtract_utilities.obj (.text.featExtract_freqToIndex)
                  004646fe    00000080     mmw_cli.o (.text.CLI_MMWaveExtensionHandler)
                  0046477e    00000080     ti_drivers_config.o (.text.Drivers_uartInit)
                  004647fe    00000080     drivers.xwrL64xx.m4f.ti-arm-clang.debug.lib : hwa.obj (.text.HWA_enable)
                  0046487e    00000080     control.xwrL64xx.m4f.ti-arm-clang.debug.lib : mmwave.obj (.text.MMWave_close)
                  004648fe    00000080     tracker_utils.o (.text.MmwDemoCLIMaxAccelerationParamCfg)
                  0046497e    00000080     mmw_flash_cal.o (.text.mmwDemo_flashWrite)
                  004649fe    00000002     --HOLE-- [fill = 0]
                  00464a00    00000080     datapath_tracker3d.xwrL64xx.m4f.ti-arm-clang.debug.lib : udopproc.obj (.text.uDopProc_featureAverage)
                  00464a80    0000007e     control.xwrL64xx.m4f.ti-arm-clang.debug.lib : mmwave_fullcfg.obj (.text.MMWave_getNumChirps)
                  00464afe    0000007e     alg_classifier.xwrL64xx.m4f.ti-arm-clang.debug.lib : classifier_delete.obj (.text.classifier_delete)
                  00464b7c    0000007e     libc.a : s_roundf.c.obj (.text.roundf)
                  00464bfa    0000007c     freertos.xwrL64xx.m4f.ti-arm-clang.debug.lib : DebugP_log.obj (.text._DebugP_assert)
                  00464c76    0000007c     datapath_tracker3d.xwrL64xx.m4f.ti-arm-clang.debug.lib : dbscan.obj (.text.dbscanOutputDataInit)
                  00464cf2    0000007c     alg_gtrack3d.xwrL64xx.m4f.ti-arm-clang.debug.lib : gtrack_math.obj (.text.gtrack_matrixSetDiag)
                  00464d6e    0000007c     freertos.xwrL64xx.m4f.ti-arm-clang.debug.lib : tasks.obj (.text.prvGetExpectedIdleTime)
                  00464dea    0000007a     mmw_cli.o (.text.CLI_MMWaveSensorStop)
                  00464e64    0000007a     freertos.xwrL64xx.m4f.ti-arm-clang.debug.lib : SemaphoreP_freertos.obj (.text.SemaphoreP_post)
                  00464ede    00000078     drivers.xwrL64xx.m4f.ti-arm-clang.debug.lib : edma.obj (.text.EDMALinkChannel)
                  00464f56    00000002     --HOLE-- [fill = 0]
                  00464f58    00000078     libc.a : sscanf.c.obj (.text._chkmbc)
                  00464fd0    00000078     drivers.xwrL64xx.m4f.ti-arm-clang.debug.lib : power_xwrLx4xx.obj (.text.notify)
                  00465048    00000078     datapath_tracker3d.xwrL64xx.m4f.ti-arm-clang.debug.lib : rangeprochwa.obj (.text.rangeProcHWA_EDMA_transferCompletionCallbackFxn)
                  004650c0    00000078     freertos.xwrL64xx.m4f.ti-arm-clang.debug.lib : timers.obj (.text.xTimerCreateTimerTask)
                  00465138    00000076     drivers.xwrL64xx.m4f.ti-arm-clang.debug.lib : soc_rcm.obj (.text.SOC_rcmGetFreqLeafNode)
                  004651ae    00000076                                                 : soc_rcm.obj (.text.SOC_rcmWaitMemInitTpcc)
                  00465224    00000076                                                 : uart_sci.obj (.text.UART_checkOpenParams)
                  0046529a    00000076     alg_featExtract.xwrL64xx.m4f.ti-arm-clang.debug.lib : featExtract_math.obj (.text.featExtract_vectorEntropy)
                  00465310    00000076     alg_gtrack3d.xwrL64xx.m4f.ti-arm-clang.debug.lib : gtrack_module.obj (.text.gtrack_modulePredict)
                  00465386    00000074     mmw_cli.o (.text.CLI_MMWaveExtensionHelp)
                  004653fa    00000074     freertos.xwrL64xx.m4f.ti-arm-clang.debug.lib : ClockP_freertos.obj (.text.ClockP_usleep)
                  0046546e    00000074     drivers.xwrL64xx.m4f.ti-arm-clang.debug.lib : edma.obj (.text.EDMACCPaRAMEntry_init)
                  004654e2    00000074     board.xwrL64xx.m4f.ti-arm-clang.debug.lib : flash_nor_qspi.obj (.text.Flash_norQspiOpen)
                  00465556    00000074     drivers.xwrL64xx.m4f.ti-arm-clang.debug.lib : i2c_v0.obj (.text.I2C_init)
                  004655ca    00000074     control.xwrL64xx.m4f.ti-arm-clang.debug.lib : mmwave_link_common.obj (.text.MMWave_deinitLink)
                  0046563e    00000002     --HOLE-- [fill = 0]
                  00465640    00000074     libc.a : fclose.c.obj (.text.__TI_closefile)
                  004656b4    00000074     mmwavelink_m4.lib : rl_device.o (.text.rl_fecssDevPwrOn)
                  00465728    00000072     drivers.xwrL64xx.m4f.ti-arm-clang.debug.lib : edma.obj (.text.EDMAClrMissEvtRegion)
                  0046579a    00000072                                                 : qspi.obj (.text.QSPI_setPreScaler)
[...]
0046a58d  rl_fecssRfRxTxCalDataGet                       
0046a5cb  rl_fecssRfRxTxCalDataSet                       
0046a609  rl_fecssTempMeasCfg                            
0046a647  rl_fecssTempMeasTrig                           
0046a685  rl_monLiveRxSaturationCfg                      
0046a6c3  rl_monLiveSynthFreqCfg                         
0046a701  rl_sensChirpProfComnCfg                        
0046a73f  rl_sensChirpProfTimeCfg                        
0046a77d  rl_sensDynPwrSaveDis                           
0046a7bb  rl_sensFrameCfg                                
0046a7f9  rl_sensSensorStart                             
0046a837  rl_sensSensorStop                              
0046a875  vPortSuppressTicksAndSleep                     
0046a8b3  DPEDMA_setDestinationAddress                   
0046a8ef  DPEDMA_setSourceAddress                        
0046a92d  HOSTclose                                      
0046a969  HeapP_construct                                
0046a9a5  featExtract_specShiftAroundFreq                
0046aa59  vsnprintf                                      
0046aa95  DPU_TrackerProc_init                           
0046aacf  SOC_controlModuleLockMMR                       
0046ab43  vListInsertEnd                                 
0046ad05  EDMAQdmaClrMissEvtRegion                       
0046ad75  __aeabi_f2d                                    
0046ad75  __extendsfdf2                                  
0046adad  sprintf                                        
0046ade5  xTaskGetSchedulerState                         
0046ae1d  __TI_auto_init_nobinit_nopinit                 
0046ae55  EDMADmaGetPaRAMEntry                           
0046ae8b  EDMA_getRegionId                               
0046af2d  PRCMSlowClkCtrGet                              
0046af99  __aeabi_ul2f                                   
0046af99  __floatundisf                                  
0046afcf  gtrack_alloc                                   
0046b005  vTaskPlaceOnEventListRestricted                
0046b071  __TI_cleanup                                   
0046b0a5  __TI_writemsg                                  
0046b0cf  C$$IO$$                                        
0046b10d  xQueueCreateCountingSemaphoreStatic            
0046b141  ClockP_sleep                                   
0046b173  ClockP_timerTickIsr                            
0046b1a5  EDMADmaSetPaRAMEntry                           
0046b26d  aoasvcProc_setOutputEdmaCcnt                   
0046b29f  doaProc_setOutputEdma                          
0046b2d1  xQueueCreateMutexStatic                        
0046b303  Flash_close                                    
0046b333  GPIO_pinWriteHigh                              
0046b363  GPIO_pinWriteLow                               
0046b3c3  QSPI_setReadCmd                                
0046b3f3  QSPI_setWriteCmd                               
0046b425  __TI_readmsg                                   
0046b455  __aeabi_dcmpun                                 
0046b455  __unorddf2                                     
0046b4b5  exit                                           
0046b4e5  fopen                                          
0046b545  sscanf                                         
0046b575  vPortEnterCritical                             
0046b5a5  DPC_ObjDet_HwaDmaTrigSrcChanPoolAlloc          
0046b5d3  DPEDMA_local2Global                            
0046b62f  Power_getDependencyCount                       
0046b65d  QSPI_EdmaParams_init                           
0046b68b  QSPI_readCmdParams_init                        
0046b6b9  QSPI_writeCmdParams_init                       
0046b6e7  TimerP_Params_init                             
0046b715  UART_deinit                                    
0046b745  __aeabi_i2d                                    
0046b745  __floatsidf                                    
0046b7a1  gtrack_free                                    
0046b7cf  gtrack_unitGetC                                
0046b7fd  gtrack_unitGetSpread                           
0046b859  vListInitialise                                
0046b887  DebugP_logZoneEnable                           
0046b90b  MMWave_osalMutexLock                           
0046b937  MMWave_osalSemWait                             
0046b963  PRCMLPDSIntervalSet                            
0046b98f  PRCMLPDSWakeUpSPISelect                        
0046b9bb  PRCMLPDSWakeUpUartRxSelect                     
0046b9e7  QSPI_setAddressByteCount                       
0046ba13  QSPI_setDummyBitCount                          
0046ba3f  QSPI_setRxLines                                
0046ba6b  QSPI_transaction_init                          
0046ba97  SOC_memoryInit                                 
0046bac3  SysTickTimerP_Params_init                      
0046baf1  __aeabi_ul2d                                   
0046baf1  __floatundidf                                  
0046bb1d  fclose                                         
0046bb49  finddevice                                     
0046bb75  lseek                                          
0046bba1  mathUtils_ceilLog2                             
0046bbf9  pvTaskIncrementMutexHeldCount                  
0046bc25  read                                           
0046bc51  rl_mmWaveLinkDeInit                            
0046bc7d  unlink                                         
0046bca9  vApplicationGetIdleTaskMemory                  
0046bcd5  vApplicationGetTimerTaskMemory                 
0046bd01  write                                          
0046bdab  PRCMLPDSWakeupSourceDisable                    
0046bdd5  PRCMLPDSWakeupSourceEnable                     
0046bdff  QSPI_setMemAddrSpace                           
0046be29  SOC_getEfusePgVersion                          
0046befb  PRCMIsRdrStateIdle                             
0046bf23  Power_disablePolicy                            
0046bf4b  SOC_isDeviceAOP                                
0046bfc5  strncpy                                        
0046bfed  vQueueDelete                                   
0046c015  vprintf_                                       
0046c03d  EDMADisableQdmaEvtRegion                       
0046c063  EDMAEnableQdmaEvtRegion                        
0046c089  EDMAGetIntrStatusRegion                        
0046c0af  EDMAIntrStatusHighGetRegion                    
0046c121  Power_idleWicIsr                               
0046c147  _MmwDemo_debugAssert                           
0046c16d  mmw_UartWrite                                  
0046c22b  vHeapCreateStatic                              
0046c251  vPortExitCritical                              
0046c277  vTaskPlaceOnEventList                          
0046c29d  HwiP_inISR                                     
0046c2e5  I2C_Transaction_init                           
0046c32d  TimerP_isr0                                    
0046c351  _DebugP_assertNoLog                            
0046c399  _system_pre_init                               
0046c3bd  featExtract_memUsage                           
0046c3e1  gtrack_unitGetMCenter                          
0046c411  vPortSVCHandler                                
0046c435  vTaskInternalSetTimeOutState                   
0046c459  EDMAChannelToParamMap                          
0046c49d  mathUtils_pow2roundup                          
0046c4bf  memcmp                                         
0046c4e1  mmwreinitTask                                  
0046c503  stack_init                                     
0046c525  strspn                                         
0046c547  uDopProc_getPrevFrmNum                         
0046c569  ClockP_usecToTicks                             
0046c589  Dpl_init                                       
0046c5c9  HeapP_alloc                                    
0046c629  __aeabi_ui2d                                   
0046c629  __floatunsidf                                  
0046c649  featExtract_heapConstruct                      
0046c669  strcspn                                        
0046c689  vPortFree                                      
0046c6c7  MMWaveMon_RxSatLiveCfg                         
0046c6e5  classifier_free                                
0046c703  featExtract_free                               
0046c721  memccpy                                        
0046c73f  mmwDemo_INAMeasNull                            
0046c75d  mmwDemo_dpcTask                                
0046c7b7  Board_driversOpen                              
0046c7d3  Drivers_open                                   
0046c7ef  HeapP_free                                     
0046c80b  HeapP_getHeapStats                             
0046c843  SOC_moduleClockEnable                          
0046c85f  classifier_malloc                              
0046c87b  featExtract_malloc                             
0046c8b5  strrchr                                        
0046c8eb  I2C_Params_init                                
0046c905  SOC_clocksEnable                               
0046c91f  SOC_moduleSetClockFrequency                    
0046c939  SysTickTimerP_start                            
0046c953  SysTickTimerP_stop                             
0046c9b9  Drivers_close                                  
0046c9d1  EDMAClrCCErr                                   
0046c9e9  EDMA_isInterruptEnabled                        
0046ca61  Mmwave_populateDefaultCalibrationCfg           
0046ca79  Power_setLowPowModeTaken                       
0046cac1  TaskP_yield                                    
0046cb69  freertos_main                                  
0046cb81  vTaskStepTick                                  
0046cb99  EDMA_allocDmaChannel                           
0046cbaf  EDMA_allocParam                                
0046cbc5  EDMA_allocTcc                                  
0046cbdb  EDMA_freeDmaChannel                            
0046cbf1  EDMA_freeParam                                 
0046cc07  EDMA_freeTcc                                   
0046cca1  MMWave_osalMutexDelete                         
0046ccb7  MMWave_osalSemDelete                           
0046cce3  SemaphoreP_destruct                            
0046ccf9  TimerP_start                                   
0046cd0f  TimerP_stop                                    
0046cd25  gtrack_listInit                                
0046cd3b  CPUcpsid                                       
0046cd4f  CPUcpsie                                       
0046cd63  DPC_ObjDet_MemPoolReset                        
0046ce17  PRCMMCUInit                                    
0046ce3f  SOC_rcmReadSynthTrimValid                      
0046ce53  TimerP_clearOverflowInt                        
0046ce91  __aeabi_uldivmod                               
0046ceb9  gtrack_unitDelete                              
0046cee1  mmw_SpiWrite                                   
0046cef5  putchar_                                       
0046cf1d  xTaskGetCurrentTaskHandle                      
0046cf31  xTaskGetTickCount                              
0046cf45  Cycleprofiler_getTimeStamp                     
0046cf57  GPIO_moduleEnable                              
0046cf8d  MMWave_osalMutexUnlock                         
0046cf9f  MMWave_osalSemSignal                           
0046cfb1  Pinmux_init                                    
0046cfc3  SysTickTimerP_getCount                         
0046cfd5  SysTickTimerP_getReloadCount                   
0046cfe7  mathUtils_floorLog2                            
0046d00b  TI_memcpy_small                                
0046d0bd  DPC_ObjDet_MemPoolGetMaxUsage                  
0046d0cd  Drivers_gpioOpen                               
0046d22d  Power_enablePolicy                             
0046d2cd  lroundf                                        
0046d2dd  vTaskSuspendAll                                
0046d2ed  wcslen                                         
0046d2fd  ClockP_getTimerCount                           
0046d30b  DPC_ObjDet_HwaDmaTrigSrcChanPoolReset          
0046d319  MMWave_decodeErrorLevel                        
0046d37b  strcpy                                         
0046d3a5  strlen                                         
0046d3c1  vListInitialiseItem                            
0046d3cf  vTaskMissedYield                               
0046d3dd  TI_memset_small                                
0046d43f  CacheP_inv                                     
0046d44b  CacheP_wb                                      
0046d47b  MMWave_listGetHead                             
0046d487  MMWave_listGetNext                             
0046d55f  PowerClock_init                                
0046d577  Power_getConstraintMask                        
0046d583  Power_getLowPowModeTaken                       
0046d58f  gtrack_listGetFirst                            
0046d59b  gtrack_listGetNext                             
0046d5a9  putchar                                        
0046d5e7  PRCMPeripheralStatusGet                        
0046d5f1  __aeabi_memset                                 
0046d5f1  __aeabi_memset4                                
0046d5f1  __aeabi_memset8                                
0046d605  Board_driversClose                             
0046d60d  ClockP_getTicks                                
0046d615  ClockP_timerClearOverflowInt                   
0046d6d5  __aeabi_errno_addr                             
0046d6dd  __aeabi_memclr                                 
0046d6dd  __aeabi_memclr4                                
0046d6dd  __aeabi_memclr8                                
0046d6ed  abs                                            
0046d6f5  __mpu_init                                     
0046d6fd  gtrack_unitStop                                
0046d705  malloc                                         
0046d710  SteeringVectors                                
00477460  __aeabi_ctype_table_                           
00477460  __aeabi_ctype_table_C                          
00477980  defaultSceneryParams                           
00477df0  Power_config                                   
00478c54  defaultPresenceParams                          
0047a214  I2C_defaultTransaction                         
0047a238  pInit                                          
0047ad94  defaultAllocationParams                        
0047b1f8  defaultGatingParams                            
0047ba7c  defaultStateParams                             
0047bb60  ValidDigSampRates                              
0047bda0  uxTopUsedPriority                              
0047d5b8  gMmwMssMCB                                     
0047e4f8  azimBinCorrArrayQ4                             
0047e8f8  elevBinCorrArrayQ4                             
0047f0f8  _ftable                                        
0047f1e8  appPresenceParamTable                          
0047f2d8  Power_module                                   
0047f3a0  parkInfo                                       
0047f700  _device                                        
0047f778  gFlashDevCfg_MX25V1635F                        
0047f978  appAllocationParamTable                        
0047f9d8  _stream                                        
0047fa28  appGatingParamTable                            
0047faf8  gMpuRegionConfig                               
0047fb78  gSocModulesClockFrequency                      
0047fc24  gUartParams                                    
0047fc5c  gConfigMcspi0ChCfg                             
0047fc90  appMaxAccelerationParams                       
0047fcc0  appStateParamTable                             
0047fcf0  gFlashAttrs_MX25V1635F                         
0047fd20  gHwaAttrs                                      
0047fd50  gFactoryCalibDataStorage                       
0047fd78  gSocModules                                    
0047fd9c  gHwaEDMAChanMapping                            
0047fddc  gFlashNorQspiFxns                              
0047fdf8  SteeringVecParams                              
0047fe10  gCLIMMWaveExtensionTable                       
0047fe40  gMcspiOpenParams                               
0047fe58  gClockConfig                                   
0047fe6c  gDefaultAntGeometry                            
0047fe80  appInitialRadialVelocity                       
0047fe90  gEdmaConfig                                    
0047fea0  gFlashConfig                                   
0047feb0  gFlashToSpiProtocolMap                         
0047fec0  gAddrTranslateConfig                           
0047fecc  gI2cParams                                     
0047fed8  gMpuConfig                                     
0047fee4  __TI_cleanup_ptr                               
0047fee8  __TI_dtors_ptr                                 
0047feec  EdmaCallbackcnt                                
0047fef0  demoStartTime                                  
0047ff00  gEdmaParams                                    
0047ff08  gFlashParams                                   
0047ff10  gI2cConfig                                     
0047ff18  gMcspiConfig                                   
0047ff20  gMcspiDmaConfig                                
0047ff28  gQspiConfig                                    
0047ff38  gUartConfig                                    
0047ff47  demoLowPwrStateTaken                           
0047ff48  FreeRTOS_errno                                 
0047ff4c  MMWave_ISRHandle                               
0047ff50  __TI_ft_end                                    
0047ff54  __aeabi_errno                                  
0047ff58  _lock                                          
0047ff5c  _unlock                                        
0047ff60  gCfarHwaObj                                    
0047ff68  gDebugLogZone                                  
0047ff6c  gDebugTargetCode                               
0047ff70  gEdmaConfigNum                                 
0047ff74  gFlashConfigNum                                
0047ff78  gGtrackMemoryUsed                              
0047ff7c  gHwaConfigNum                                  
0047ff80  gHwaObjectPtr                                  
0047ff84  gI2cConfigNum                                  
0047ff88  gMaxSatYVal                                    
0047ff8c  gMcspiConfigNum                                
0047ff90  gMcspiDmaConfigNum                             
0047ff94  gMinSatYVal                                    
0047ff98  gNearestCluster                                
0047ff9c  gPreStoredAdcTestBuffInd                       
0047ffa0  gPreStoredAdcTestBuffRdInd                     
0047ffa4  gQspiConfigNum                                 
0047ffa8  gQspiParams                                    
0047ffac  gSocClk                                        
0047ffb0  gTestMinMpdCentroid                            
0047ffb4  gTestRangeLED                                  
0047ffb8  gUartConfigNum                                 
0047ffbc  hwadoneisr                                     
0047ffcc  pinParkCfg                                     
0047ffdc  pxCurrentTCB                                   
0047ffe0  sensPerChirpLuTable                            
0047ffe4  sensorStop                                     
60000000  gMmwL3                                         
ffffffff  __TI_pprof_out_hndl                            
ffffffff  __TI_prof_data_size                            
ffffffff  __TI_prof_data_start                           
ffffffff  __binit__                                      
ffffffff  binit                                          
UNDEFED   __TI_CINIT_Base                                
UNDEFED   __TI_CINIT_Limit                               
UNDEFED   __TI_Handler_Table_Base                        
UNDEFED   __TI_Handler_Table_Limit                       
UNDEFED   _system_post_cinit                             

[1174 symbols]
